warning: Nix search path entry '/home/mei/.nix-defexpr/channels' does not exist, ignoring
Running tasks     devenv:enterShell

Running           devenv:files:cleanup
Succeeded         devenv:files:cleanup (5.75ms)
Running           devenv:enterShell
Succeeded         devenv:enterShell (5.60ms)
Running           devenv:enterTest
No command        devenv:enterTest
1 Skipped, 2 Succeeded
PolyKernel dev shell (llvmPackages_21 MLIR / cudaPackages_12_6 / rocmPackages.clr)
  CC/CXX:      /nix/store/m59w5gavjx8db0ay3m1yzbw02l54109b-clang-wrapper-21.1.8/bin/clang / /nix/store/m59w5gavjx8db0ay3m1yzbw02l54109b-clang-wrapper-21.1.8/bin/clang++
  mlir-tblgen: LLVM (http://llvm.org/):
  nvcc:        Cuda compilation tools, release 12.6, V12.6.85
  hipcc:       HIP version: 7.2.53211-9999
  cmake:       cmake version 4.1.2
  clang:       clang version 21.1.8
/nix/store/ddk8rvjihg4vhh1k6x9rc65y1zb1kx34-binutils-2.46/bin/ld.bfd: /tmp/tmpxft_00173bdb_00000000-39_cuda_run_main.o: in function `(anonymous namespace)::run_matmul(int, char**)':
tmpxft_00173bdb_00000000-6_cuda_run_main.cudafe1.cpp:(.text+0x22e3): undefined reference to `launch_matmul_typo(__nv_bfloat16 const*, __nv_bfloat16 const*, __nv_bfloat16*, int, int, int, void*)'
collect2: error: ld returned 1 exit status
nvcc exit=1
