=== pass2_driver_ldd.log - R2 closure decision input (todo 13) ===
=== date: 2026-08-15T14:10:51Z
=== file: build/polykernel-bench/polykernel-bench-driver-cuda
build/polykernel-bench/polykernel-bench-driver-cuda: ELF 64-bit LSB pie executable, x86-64, version 1 (SYSV), dynamically linked, interpreter /nix/store/ias8xacs1h3jy7xgwi2awvim61k2ji6c-glibc-2.42-67/lib/ld-linux-x86-64.so.2, for GNU/Linux 3.10.0, not stripped

=== ldd build/polykernel-bench/polykernel-bench-driver-cuda ===
	linux-vdso.so.1 (0x00007ffff7fc2000)
	libLLVM.so.21.1 => /nix/store/kcmpd1h0097k50v3hjpvd1acyj46j3p5-llvm-21.1.8-lib/lib/libLLVM.so.21.1 (0x00007fffede00000)
	librt.so.1 => /nix/store/ias8xacs1h3jy7xgwi2awvim61k2ji6c-glibc-2.42-67/lib/librt.so.1 (0x00007ffff7ede000)
	libpthread.so.0 => /nix/store/ias8xacs1h3jy7xgwi2awvim61k2ji6c-glibc-2.42-67/lib/libpthread.so.0 (0x00007ffff7ed9000)
	libdl.so.2 => /nix/store/ias8xacs1h3jy7xgwi2awvim61k2ji6c-glibc-2.42-67/lib/libdl.so.2 (0x00007fffeddfb000)
	libstdc++.so.6 => /nix/store/8lahnh9pn3lrrnhax5nk7ibvjcbjmnkm-gcc-15.2.0-lib/lib/libstdc++.so.6 (0x00007fffeda00000)
	libm.so.6 => /nix/store/ias8xacs1h3jy7xgwi2awvim61k2ji6c-glibc-2.42-67/lib/libm.so.6 (0x00007fffedd03000)
	libgcc_s.so.1 => /nix/store/8lahnh9pn3lrrnhax5nk7ibvjcbjmnkm-gcc-15.2.0-lib/lib/libgcc_s.so.1 (0x00007fffedcd6000)
	libc.so.6 => /nix/store/ias8xacs1h3jy7xgwi2awvim61k2ji6c-glibc-2.42-67/lib/libc.so.6 (0x00007fffed600000)
	/nix/store/ias8xacs1h3jy7xgwi2awvim61k2ji6c-glibc-2.42-67/lib/ld-linux-x86-64.so.2 => /nix/store/ias8xacs1h3jy7xgwi2awvim61k2ji6c-glibc-2.42-67/lib64/ld-linux-x86-64.so.2 (0x00007ffff7fc4000)
	libffi.so.8 => /nix/store/rkfkkdgwz8y31hk76i4b9s59h5raya9n-libffi-3.5.2/lib/libffi.so.8 (0x00007fffedcc5000)
	libz.so.1 => /nix/store/b2swxfi8srrbsafvh9iyyhd26mz9giwf-zlib-1.3.2/lib/libz.so.1 (0x00007fffedca6000)
	libxml2.so.16 => /nix/store/xdj75qn68sq2sba1w3dbmhi7xkzqhaw7-libxml2-2.15.3/lib/libxml2.so.16 (0x00007fffed8b9000)

=== glibc symbols required (objdump -T | grep GLIBC_) ===
0000000000000000      DF *UND*	0000000000000000 (GLIBC_2.14) memcpy
0000000000000000      DF *UND*	0000000000000000 (GLIBC_2.17) clock_gettime
0000000000000000      DF *UND*	0000000000000000 (GLIBC_2.2.5) __assert_fail
0000000000000000      DF *UND*	0000000000000000 (GLIBC_2.2.5) bcmp
0000000000000000      DF *UND*	0000000000000000 (GLIBC_2.2.5) calloc
0000000000000000      DF *UND*	0000000000000000 (GLIBC_2.2.5) chmod
0000000000000000      DF *UND*	0000000000000000 (GLIBC_2.2.5) close
0000000000000000      DF *UND*	0000000000000000 (GLIBC_2.2.5) closedir
0000000000000000      DF *UND*	0000000000000000 (GLIBC_2.2.5) connect
0000000000000000      DF *UND*	0000000000000000 (GLIBC_2.2.5) __cxa_atexit
0000000000000000      DF *UND*	0000000000000000 (GLIBC_2.2.5) __errno_location
0000000000000000      DF *UND*	0000000000000000 (GLIBC_2.2.5) exit
0000000000000000      DF *UND*	0000000000000000 (GLIBC_2.2.5) fchmod
0000000000000000      DF *UND*	0000000000000000 (GLIBC_2.2.5) fclose
0000000000000000      DF *UND*	0000000000000000 (GLIBC_2.2.5) fcntl
0000000000000000      DF *UND*	0000000000000000 (GLIBC_2.2.5) fdopen
0000000000000000      DF *UND*	0000000000000000 (GLIBC_2.2.5) feof
0000000000000000      DF *UND*	0000000000000000 (GLIBC_2.2.5) ferror
0000000000000000      DF *UND*	0000000000000000 (GLIBC_2.2.5) fflush
0000000000000000      DF *UND*	0000000000000000 (GLIBC_2.2.5) fgetc
0000000000000000      DF *UND*	0000000000000000 (GLIBC_2.2.5) fileno
0000000000000000      DF *UND*	0000000000000000 (GLIBC_2.2.5) fopen
0000000000000000      DF *UND*	0000000000000000 (GLIBC_2.2.5) fread
0000000000000000      DF *UND*	0000000000000000 (GLIBC_2.2.5) free
0000000000000000      DF *UND*	0000000000000000 (GLIBC_2.2.5) fscanf
0000000000000000      DF *UND*	0000000000000000 (GLIBC_2.2.5) fseek
0000000000000000      DF *UND*	0000000000000000 (GLIBC_2.2.5) ftell
0000000000000000      DF *UND*	0000000000000000 (GLIBC_2.2.5) ftruncate
0000000000000000      DF *UND*	0000000000000000 (GLIBC_2.2.5) fwrite
0000000000000000      DF *UND*	0000000000000000 (GLIBC_2.2.5) __fxstat
0000000000000000      DF *UND*	0000000000000000 (GLIBC_2.2.5) getcwd
0000000000000000      DF *UND*	0000000000000000 (GLIBC_2.2.5) __getdelim
0000000000000000      DF *UND*	0000000000000000 (GLIBC_2.2.5) getegid
0000000000000000      DF *UND*	0000000000000000 (GLIBC_2.2.5) getenv
0000000000000000      DF *UND*	0000000000000000 (GLIBC_2.2.5) geteuid
0000000000000000      DF *UND*	0000000000000000 (GLIBC_2.2.5) gethostname
0000000000000000      DF *UND*	0000000000000000 (GLIBC_2.2.5) get_nprocs
0000000000000000      DF *UND*	0000000000000000 (GLIBC_2.2.5) getpid
0000000000000000      DF *UND*	0000000000000000 (GLIBC_2.2.5) gettimeofday
0000000000000000      DF *UND*	0000000000000000 (GLIBC_2.2.5) getuid
0000000000000000      DF *UND*	0000000000000000 (GLIBC_2.2.5) gnu_get_libc_version
0000000000000000      DF *UND*	0000000000000000 (GLIBC_2.2.5) kill
0000000000000000      DF *UND*	0000000000000000 (GLIBC_2.2.5) listen
0000000000000000      DF *UND*	0000000000000000 (GLIBC_2.2.5) localtime_r
0000000000000000      DF *UND*	0000000000000000 (GLIBC_2.2.5) lseek
0000000000000000      DF *UND*	0000000000000000 (GLIBC_2.2.5) madvise
0000000000000000      DF *UND*	0000000000000000 (GLIBC_2.2.5) malloc
0000000000000000      DF *UND*	0000000000000000 (GLIBC_2.2.5) memchr
0000000000000000      DF *UND*	0000000000000000 (GLIBC_2.2.5) memcmp
0000000000000000      DF *UND*	0000000000000000 (GLIBC_2.2.5) memmove
0000000000000000      DF *UND*	0000000000000000 (GLIBC_2.2.5) memset
0000000000000000      DF *UND*	0000000000000000 (GLIBC_2.2.5) mkdir
0000000000000000      DF *UND*	0000000000000000 (GLIBC_2.2.5) mkfifo
0000000000000000      DF *UND*	0000000000000000 (GLIBC_2.2.5) mmap
0000000000000000      DF *UND*	0000000000000000 (GLIBC_2.2.5) modf
0000000000000000      DF *UND*	0000000000000000 (GLIBC_2.2.5) mprotect
0000000000000000      DF *UND*	0000000000000000 (GLIBC_2.2.5) munmap
0000000000000000      DF *UND*	0000000000000000 (GLIBC_2.2.5) nanosleep
0000000000000000      DF *UND*	0000000000000000 (GLIBC_2.2.5) open
0000000000000000      DF *UND*	0000000000000000 (GLIBC_2.2.5) opendir
0000000000000000      DF *UND*	0000000000000000 (GLIBC_2.2.5) pipe
0000000000000000      DF *UND*	0000000000000000 (GLIBC_2.2.5) poll
0000000000000000      DF *UND*	0000000000000000 (GLIBC_2.2.5) pthread_condattr_init
0000000000000000      DF *UND*	0000000000000000 (GLIBC_2.2.5) pthread_mutex_destroy
0000000000000000      DF *UND*	0000000000000000 (GLIBC_2.2.5) pthread_mutex_init
0000000000000000      DF *UND*	0000000000000000 (GLIBC_2.2.5) pthread_mutex_lock
0000000000000000      DF *UND*	0000000000000000 (GLIBC_2.2.5) pthread_mutex_unlock
0000000000000000      DF *UND*	0000000000000000 (GLIBC_2.2.5) pthread_self
0000000000000000      DF *UND*	0000000000000000 (GLIBC_2.2.5) read
0000000000000000      DF *UND*	0000000000000000 (GLIBC_2.2.5) readdir
0000000000000000      DF *UND*	0000000000000000 (GLIBC_2.2.5) realloc
0000000000000000      DF *UND*	0000000000000000 (GLIBC_2.2.5) recvmsg
0000000000000000      DF *UND*	0000000000000000 (GLIBC_2.2.5) remove
0000000000000000      DF *UND*	0000000000000000 (GLIBC_2.2.5) rmdir
0000000000000000      DF *UND*	0000000000000000 (GLIBC_2.2.5) sched_yield
0000000000000000      DF *UND*	0000000000000000 (GLIBC_2.2.5) sendmsg
0000000000000000      DF *UND*	0000000000000000 (GLIBC_2.2.5) setenv
0000000000000000      DF *UND*	0000000000000000 (GLIBC_2.2.5) setsockopt
0000000000000000      DF *UND*	0000000000000000 (GLIBC_2.2.5) shmat
0000000000000000      DF *UND*	0000000000000000 (GLIBC_2.2.5) shmctl
0000000000000000      DF *UND*	0000000000000000 (GLIBC_2.2.5) shmdt
0000000000000000      DF *UND*	0000000000000000 (GLIBC_2.2.5) shmget
0000000000000000      DF *UND*	0000000000000000 (GLIBC_2.2.5) snprintf
0000000000000000      DF *UND*	0000000000000000 (GLIBC_2.2.5) socket
0000000000000000      DF *UND*	0000000000000000 (GLIBC_2.2.5) socketpair
0000000000000000      DF *UND*	0000000000000000 (GLIBC_2.2.5) sscanf
0000000000000000      DF *UND*	0000000000000000 (GLIBC_2.2.5) strcmp
0000000000000000      DF *UND*	0000000000000000 (GLIBC_2.2.5) strcpy
0000000000000000      DF *UND*	0000000000000000 (GLIBC_2.2.5) strdup
0000000000000000      DF *UND*	0000000000000000 (GLIBC_2.2.5) strlen
0000000000000000      DF *UND*	0000000000000000 (GLIBC_2.2.5) strncat
0000000000000000      DF *UND*	0000000000000000 (GLIBC_2.2.5) strncmp
0000000000000000      DF *UND*	0000000000000000 (GLIBC_2.2.5) strncpy
0000000000000000      DF *UND*	0000000000000000 (GLIBC_2.2.5) strstr
0000000000000000      DF *UND*	0000000000000000 (GLIBC_2.2.5) strtod
0000000000000000      DF *UND*	0000000000000000 (GLIBC_2.2.5) strtol
0000000000000000      DF *UND*	0000000000000000 (GLIBC_2.2.5) strtoul
0000000000000000      DF *UND*	0000000000000000 (GLIBC_2.2.5) syscall
0000000000000000      DF *UND*	0000000000000000 (GLIBC_2.2.5) sysconf
0000000000000000      DF *UND*	0000000000000000 (GLIBC_2.2.5) sysinfo
0000000000000000      DF *UND*	0000000000000000 (GLIBC_2.2.5) time
0000000000000000      DF *UND*	0000000000000000 (GLIBC_2.2.5) uname
0000000000000000      DF *UND*	0000000000000000 (GLIBC_2.2.5) unlink
0000000000000000      DF *UND*	0000000000000000 (GLIBC_2.2.5) usleep
0000000000000000      DF *UND*	0000000000000000 (GLIBC_2.2.5) vsnprintf
0000000000000000      DF *UND*	0000000000000000 (GLIBC_2.2.5) write
0000000000000000      DF *UND*	0000000000000000 (GLIBC_2.2.5) __xstat
0000000000000000      DF *UND*	0000000000000000 (GLIBC_2.3.2) pthread_cond_broadcast
0000000000000000      DF *UND*	0000000000000000 (GLIBC_2.3.2) pthread_cond_destroy
0000000000000000      DF *UND*	0000000000000000 (GLIBC_2.3.2) pthread_cond_init
0000000000000000      DF *UND*	0000000000000000 (GLIBC_2.3.2) pthread_cond_signal
0000000000000000      DF *UND*	0000000000000000 (GLIBC_2.3.2) pthread_cond_timedwait
0000000000000000      DF *UND*	0000000000000000 (GLIBC_2.3.2) pthread_cond_wait
0000000000000000      DF *UND*	0000000000000000 (GLIBC_2.3.3) nftw
0000000000000000      DF *UND*	0000000000000000 (GLIBC_2.34) dlclose
0000000000000000      DF *UND*	0000000000000000 (GLIBC_2.34) dlerror
0000000000000000      DF *UND*	0000000000000000 (GLIBC_2.34) dlmopen
0000000000000000      DF *UND*	0000000000000000 (GLIBC_2.34) dlopen
0000000000000000      DF *UND*	0000000000000000 (GLIBC_2.34) dlsym
0000000000000000      DF *UND*	0000000000000000 (GLIBC_2.34) dlvsym
0000000000000000      DF *UND*	0000000000000000 (GLIBC_2.3.4) __fprintf_chk
0000000000000000      DF *UND*	0000000000000000 (GLIBC_2.34) __libc_start_main
0000000000000000      DF *UND*	0000000000000000 (GLIBC_2.3.4) __printf_chk
0000000000000000      DF *UND*	0000000000000000 (GLIBC_2.34) pthread_condattr_setpshared
0000000000000000      DF *UND*	0000000000000000 (GLIBC_2.34) pthread_create
0000000000000000      DF *UND*	0000000000000000 (GLIBC_2.34) pthread_detach
0000000000000000      DF *UND*	0000000000000000 (GLIBC_2.34) pthread_getspecific
0000000000000000      DF *UND*	0000000000000000 (GLIBC_2.34) pthread_join
0000000000000000      DF *UND*	0000000000000000 (GLIBC_2.34) pthread_key_create
0000000000000000      DF *UND*	0000000000000000 (GLIBC_2.34) pthread_key_delete
0000000000000000      DF *UND*	0000000000000000 (GLIBC_2.34) pthread_kill
0000000000000000      DF *UND*	0000000000000000 (GLIBC_2.34) pthread_mutexattr_destroy
0000000000000000      DF *UND*	0000000000000000 (GLIBC_2.34) pthread_mutexattr_init
0000000000000000      DF *UND*	0000000000000000 (GLIBC_2.34) pthread_mutexattr_setpshared
0000000000000000      DF *UND*	0000000000000000 (GLIBC_2.34) pthread_mutexattr_settype
0000000000000000      DF *UND*	0000000000000000 (GLIBC_2.34) pthread_mutex_trylock
0000000000000000      DF *UND*	0000000000000000 (GLIBC_2.34) pthread_once
0000000000000000      DF *UND*	0000000000000000 (GLIBC_2.34) pthread_rwlockattr_destroy
0000000000000000      DF *UND*	0000000000000000 (GLIBC_2.34) pthread_rwlockattr_init
0000000000000000      DF *UND*	0000000000000000 (GLIBC_2.34) pthread_rwlockattr_setpshared
0000000000000000      DF *UND*	0000000000000000 (GLIBC_2.34) pthread_rwlock_destroy
0000000000000000      DF *UND*	0000000000000000 (GLIBC_2.34) pthread_rwlock_init
0000000000000000      DF *UND*	0000000000000000 (GLIBC_2.34) pthread_rwlock_rdlock
0000000000000000      DF *UND*	0000000000000000 (GLIBC_2.34) pthread_rwlock_timedrdlock
0000000000000000      DF *UND*	0000000000000000 (GLIBC_2.34) pthread_rwlock_timedwrlock
0000000000000000      DF *UND*	0000000000000000 (GLIBC_2.34) pthread_rwlock_tryrdlock
0000000000000000      DF *UND*	0000000000000000 (GLIBC_2.34) pthread_rwlock_trywrlock
0000000000000000      DF *UND*	0000000000000000 (GLIBC_2.34) pthread_rwlock_unlock
0000000000000000      DF *UND*	0000000000000000 (GLIBC_2.34) pthread_rwlock_wrlock
0000000000000000      DF *UND*	0000000000000000 (GLIBC_2.34) pthread_setspecific
0000000000000000      DF *UND*	0000000000000000 (GLIBC_2.34) sem_destroy
0000000000000000      DF *UND*	0000000000000000 (GLIBC_2.34) sem_init
0000000000000000      DF *UND*	0000000000000000 (GLIBC_2.34) sem_post
0000000000000000      DF *UND*	0000000000000000 (GLIBC_2.34) sem_timedwait
0000000000000000      DF *UND*	0000000000000000 (GLIBC_2.34) sem_trywait
0000000000000000      DF *UND*	0000000000000000 (GLIBC_2.34) sem_wait
0000000000000000      DF *UND*	0000000000000000 (GLIBC_2.34) shm_open
0000000000000000      DF *UND*	0000000000000000 (GLIBC_2.34) shm_unlink
0000000000000000      DF *UND*	0000000000000000 (GLIBC_2.38) __isoc23_sscanf
0000000000000000      DF *UND*	0000000000000000 (GLIBC_2.38) __isoc23_strtol
0000000000000000      DF *UND*	0000000000000000 (GLIBC_2.38) __isoc23_strtoll
0000000000000000      DF *UND*	0000000000000000 (GLIBC_2.3)  realpath
0000000000000000      DF *UND*	0000000000000000 (GLIBC_2.3)  __tls_get_addr
0000000000000000      DF *UND*	0000000000000000 (GLIBC_2.4)  __stack_chk_fail
0000000000000000      DO *UND*	0000000000000000 (GLIBC_2.2.5) stderr
0000000000000000  w   DF *UND*	0000000000000000 (GLIBC_2.2.5) __cxa_finalize

=== count of distinct GLIBC_ symbols: 166 ===
