# pass2_ada_autotune_neg.log - todo 15 negative: absurdly strict rel ceiling rejects every variant
# date: 2026-08-15T14:55:13Z
# host: 0127-dsm2-ty6k-prxmx70026
# cmd: bench.py --backend cuda --arch sm_89 --autotune --op fused_matmul_bias_gelu --shape 2048,4096,11008 --dtype bf16 --variants 8 --inject-broken --rel-ceiling 1e-8

[bench] op=fused_matmul_bias_gelu shape=M=2048,N=4096,K=11008 dtype=bf16 arch=sm_89 rel_ceiling=1e-08
[bench] variant set: 8 pruned ConfigSpace configs + injected broken
==============================================================================
[bench] REJECTED  config_0     config=(16, 32, 32, 4, 1, 4, 2) cosine=1.000000 rel=1.953e+03 pcc=1.000000 -> validated:false, NOT timed, excluded
          gate log: REJECTED fused_matmul_bias_gelu/default: correctness gate FAILED (cosine=1.000000 max_rel_err=1.953125e+03 pcc=1.000000 ceiling=1.0e-08) - excluded, NOT timed, never best
[bench] REJECTED  config_1     config=(16, 32, 32, 4, 1, 4, 3) cosine=1.000000 rel=1.953e+03 pcc=1.000000 -> validated:false, NOT timed, excluded
          gate log: REJECTED fused_matmul_bias_gelu/default: correctness gate FAILED (cosine=1.000000 max_rel_err=1.953125e+03 pcc=1.000000 ceiling=1.0e-08) - excluded, NOT timed, never best
[bench] REJECTED  config_2     config=(16, 32, 32, 4, 1, 4, 4) cosine=1.000000 rel=1.953e+03 pcc=1.000000 -> validated:false, NOT timed, excluded
          gate log: REJECTED fused_matmul_bias_gelu/default: correctness gate FAILED (cosine=1.000000 max_rel_err=1.953125e+03 pcc=1.000000 ceiling=1.0e-08) - excluded, NOT timed, never best
[bench] REJECTED  config_3     config=(16, 32, 32, 4, 2, 2, 2) cosine=1.000000 rel=1.953e+03 pcc=1.000000 -> validated:false, NOT timed, excluded
          gate log: REJECTED fused_matmul_bias_gelu/default: correctness gate FAILED (cosine=1.000000 max_rel_err=1.953125e+03 pcc=1.000000 ceiling=1.0e-08) - excluded, NOT timed, never best
[bench] REJECTED  config_4     config=(16, 32, 32, 4, 2, 2, 3) cosine=1.000000 rel=1.953e+03 pcc=1.000000 -> validated:false, NOT timed, excluded
          gate log: REJECTED fused_matmul_bias_gelu/default: correctness gate FAILED (cosine=1.000000 max_rel_err=1.953125e+03 pcc=1.000000 ceiling=1.0e-08) - excluded, NOT timed, never best
[bench] REJECTED  config_5     config=(16, 32, 32, 4, 2, 2, 4) cosine=1.000000 rel=1.953e+03 pcc=1.000000 -> validated:false, NOT timed, excluded
          gate log: REJECTED fused_matmul_bias_gelu/default: correctness gate FAILED (cosine=1.000000 max_rel_err=1.953125e+03 pcc=1.000000 ceiling=1.0e-08) - excluded, NOT timed, never best
[bench] REJECTED  config_6     config=(16, 32, 32, 4, 4, 1, 2) cosine=1.000000 rel=1.953e+03 pcc=1.000000 -> validated:false, NOT timed, excluded
          gate log: REJECTED fused_matmul_bias_gelu/default: correctness gate FAILED (cosine=1.000000 max_rel_err=1.953125e+03 pcc=1.000000 ceiling=1.0e-08) - excluded, NOT timed, never best
[bench] REJECTED  config_7     config=(16, 32, 32, 4, 4, 1, 3) cosine=1.000000 rel=1.953e+03 pcc=1.000000 -> validated:false, NOT timed, excluded
          gate log: REJECTED fused_matmul_bias_gelu/default: correctness gate FAILED (cosine=1.000000 max_rel_err=1.953125e+03 pcc=1.000000 ceiling=1.0e-08) - excluded, NOT timed, never best
[bench] REJECTED  broken_fast  config=(16, 32, 32, 4, 1, 4, 2) cosine=0.564039 rel=7.000e+06 pcc=0.000000 -> validated:false, NOT timed, excluded
          gate log: REJECTED fused_matmul_bias_gelu/broken: correctness gate FAILED (cosine=0.564039 max_rel_err=7.000000e+06 pcc=0.000000 ceiling=1.0e-08) - excluded, NOT timed, never best
==============================================================================
error: NO variant passed the correctness gate; no cache entry written
RC=1
