# PolyKernel Todo 6 (Wave 1): EXAMPLES - end-to-end parse + pipeline
# Generated: 2026-07-23T02:24:02Z
# Binary: build/tools/polykernel-opt/polykernel-opt (prebuilt; no source changed -> no rebuild needed)
# Pipeline per example: polykernel-opt <file> --infer-shapes --canonicalize
# All 3 examples use ONLY the 18 defined polykernel ops + builtin tensors
# (no arith/func dialect ops). Each must exit 0.

########################################################################
# examples/mlp_block.mlir
########################################################################
$ build/tools/polykernel-opt/polykernel-opt examples/mlp_block.mlir --infer-shapes --canonicalize
--- inferred + canonicalized IR ---
module {
  polykernel.func @mlp_block(%arg0: tensor<1x2048x4096xbf16>, %arg1: tensor<4096x11008xbf16>, %arg2: tensor<11008x4096xbf16>) -> tensor<1x2048x4096xbf16> {
    %0 = polykernel.rmsnorm %arg0 {epsilon = 9.99999974E-6 : f32} : tensor<1x2048x4096xbf16>
    %1 = polykernel.matmul %0, %arg1 : tensor<1x2048x4096xbf16>, tensor<4096x11008xbf16> -> tensor<1x2048x11008xbf16>
    %2 = polykernel.gelu %1 : tensor<1x2048x11008xbf16>
    %3 = polykernel.matmul %2, %arg2 : tensor<1x2048x11008xbf16>, tensor<11008x4096xbf16> -> tensor<1x2048x4096xbf16>
    %4 = polykernel.add %3, %arg0 : tensor<1x2048x4096xbf16>
    polykernel.return %4 : tensor<1x2048x4096xbf16>
  }
}

--- exit code: 0 ---

########################################################################
# examples/rmsnorm_matmul.mlir
########################################################################
$ build/tools/polykernel-opt/polykernel-opt examples/rmsnorm_matmul.mlir --infer-shapes --canonicalize
--- inferred + canonicalized IR ---
module {
  polykernel.func @fused(%arg0: tensor<1x2048x4096xbf16>, %arg1: tensor<4096x11008xbf16>) -> tensor<1x2048x11008xbf16> {
    %0 = polykernel.fused_rmsnorm_matmul %arg0, %arg1 {epsilon = 9.99999974E-6 : f32} : tensor<1x2048x4096xbf16>, tensor<4096x11008xbf16> -> tensor<1x2048x11008xbf16>
    polykernel.return %0 : tensor<1x2048x11008xbf16>
  }
  polykernel.func @unfused(%arg0: tensor<1x2048x4096xbf16>, %arg1: tensor<4096x11008xbf16>) -> tensor<1x2048x11008xbf16> {
    %0 = polykernel.rmsnorm %arg0 {epsilon = 9.99999974E-6 : f32} : tensor<1x2048x4096xbf16>
    %1 = polykernel.matmul %0, %arg1 : tensor<1x2048x4096xbf16>, tensor<4096x11008xbf16> -> tensor<1x2048x11008xbf16>
    polykernel.return %1 : tensor<1x2048x11008xbf16>
  }
}

--- exit code: 0 ---

########################################################################
# examples/attention_prefill.mlir
########################################################################
$ build/tools/polykernel-opt/polykernel-opt examples/attention_prefill.mlir --infer-shapes --canonicalize
--- inferred + canonicalized IR ---
module {
  polykernel.func @attention_prefill(%arg0: tensor<1x2048x4096xbf16>, %arg1: tensor<4096x12288xbf16>, %arg2: tensor<1x32x2048x128xbf16>, %arg3: tensor<1x32x2048x128xbf16>, %arg4: tensor<128x128xbf16>, %arg5: tensor<1x32x2048x128xbf16>) -> tensor<1x32x2048x128xbf16> {
    %0 = polykernel.rmsnorm %arg0 {epsilon = 9.99999974E-6 : f32} : tensor<1x2048x4096xbf16>
    %q, %k, %v = polykernel.qkv_projection %0, %arg1 {num_heads = 32 : i64} : tensor<1x2048x4096xbf16>, tensor<4096x12288xbf16> -> tensor<1x32x2048x128xbf16>, tensor<1x32x2048x128xbf16>, tensor<1x32x2048x128xbf16>
    %1 = polykernel.rope %q, %arg2, %arg3 : tensor<1x32x2048x128xbf16>, tensor<1x32x2048x128xbf16>, tensor<1x32x2048x128xbf16> -> tensor<1x32x2048x128xbf16>
    %2 = polykernel.rope %k, %arg2, %arg3 : tensor<1x32x2048x128xbf16>, tensor<1x32x2048x128xbf16>, tensor<1x32x2048x128xbf16> -> tensor<1x32x2048x128xbf16>
    %3 = polykernel.attention %1, %2, %v : tensor<1x32x2048x128xbf16>, tensor<1x32x2048x128xbf16>, tensor<1x32x2048x128xbf16> -> tensor<1x32x2048x128xbf16>
    %4 = polykernel.matmul %3, %arg4 : tensor<1x32x2048x128xbf16>, tensor<128x128xbf16> -> tensor<1x32x2048x128xbf16>
    %5 = polykernel.add %4, %arg5 : tensor<1x32x2048x128xbf16>
    polykernel.return %5 : tensor<1x32x2048x128xbf16>
  }
}

--- exit code: 0 ---

########################################################################
# check-polykernel lit suite (includes new test/e2e_parse.mlir)
# Command: nix develop --impure --accept-flake-config -c bash -c \
#            'cmake --build build --target check-polykernel'
########################################################################
warning: Nix search path entry '/home/mei/.nix-defexpr/channels' does not exist, ignoring
Running tasks     devenv:enterShell

Running           devenv:files:cleanup
Succeeded         devenv:files:cleanup (6.62ms)
Running           devenv:enterShell
Succeeded         devenv:enterShell (8.67ms)
Running           devenv:enterTest
No command        devenv:enterTest
1 Skipped, 2 Succeeded
PolyKernel dev shell (llvmPackages_21 MLIR / cudaPackages_12_6 / rocmPackages.clr)
  CC/CXX:      /nix/store/m59w5gavjx8db0ay3m1yzbw02l54109b-clang-wrapper-21.1.8/bin/clang / /nix/store/m59w5gavjx8db0ay3m1yzbw02l54109b-clang-wrapper-21.1.8/bin/clang++
  mlir-tblgen: LLVM (http://llvm.org/):
  nvcc:        Cuda compilation tools, release 12.6, V12.6.85
  hipcc:       HIP version: 7.2.53211-9999
  cmake:       cmake version 4.1.2
  clang:       clang version 21.1.8
[0/1] Running the PolyKernel regression tests
-- Testing: 7 tests, 7 workers --
PASS: POLYKERNEL :: canonicalize.mlir (1 of 7)
PASS: POLYKERNEL :: op_set_closed.mlir (2 of 7)
PASS: POLYKERNEL :: infer_shapes_mismatch.mlir (3 of 7)
PASS: POLYKERNEL :: infer_shapes.mlir (4 of 7)
PASS: POLYKERNEL :: e2e_parse.mlir (5 of 7)
PASS: POLYKERNEL :: dialect_roundtrip.mlir (6 of 7)
PASS: POLYKERNEL :: smoke.mlir (7 of 7)

Testing Time: 0.13s

Total Discovered Tests: 7
  Passed: 7 (100.00%)
--- check-polykernel exit code: 0 ---

########################################################################
# SUMMARY
########################################################################
mlp_block.mlir         : --infer-shapes --canonicalize exit 0 (IR above)
rmsnorm_matmul.mlir    : --infer-shapes --canonicalize exit 0 (IR above)
attention_prefill.mlir : --infer-shapes --canonicalize exit 0 (IR above)
check-polykernel       : exit 0 (lit summary above; Passed: 7)
RESULT: PASS - all 3 examples run e2e; all lit tests pass.
