############################################################
# W1 Todo 4: --infer-shapes  —  QA HAPPY
# date: 2026-07-23T00:33:09Z
############################################################

=== [1] Reconfigure (CMakeLists/Passes.td changed) ===
-- Configuring done (0.1s)
-- Generating done (0.0s)
-- Build files have been written to: /home/mei/projects/polykernel/build
configure EXIT: 0

=== [2] Build (cmake --build build) ===
ninja: no work to do.
build EXIT: 0

=== [3] lit: cmake --build build --target check-polykernel ===
PASS: POLYKERNEL :: smoke.mlir (1 of 5)
PASS: POLYKERNEL :: op_set_closed.mlir (2 of 5)
PASS: POLYKERNEL :: infer_shapes.mlir (3 of 5)
PASS: POLYKERNEL :: dialect_roundtrip.mlir (4 of 5)
PASS: POLYKERNEL :: infer_shapes_mismatch.mlir (5 of 5)
Testing Time: 0.12s
Total Discovered Tests: 5
  Passed: 5 (100.00%)
check-polykernel EXIT: 0

=== [4] Inferred IR: polykernel-opt test/infer_shapes.mlir --infer-shapes ===
module {
  polykernel.func @matmul_bf16(%arg0: tensor<2048x4096xbf16>, %arg1: tensor<4096x11008xbf16>) -> tensor<2048x11008xbf16> {
    %0 = polykernel.matmul %arg0, %arg1 : tensor<2048x4096xbf16>, tensor<4096x11008xbf16> -> tensor<2048x11008xbf16>
    polykernel.return %0 : tensor<2048x11008xbf16>
  }
  polykernel.func @shape_preserving_bf16(%arg0: tensor<2048x4096xbf16>, %arg1: tensor<2048x4096xbf16>) -> tensor<2048x4096xbf16> {
    %0 = polykernel.rmsnorm %arg0 {epsilon = 9.99999974E-6 : f32} : tensor<2048x4096xbf16>
    %1 = polykernel.gelu %0 : tensor<2048x4096xbf16>
    %2 = polykernel.silu %1 : tensor<2048x4096xbf16>
    %3 = polykernel.softmax %2 : tensor<2048x4096xbf16>
    %4 = polykernel.add %3, %arg1 : tensor<2048x4096xbf16>
    polykernel.return %4 : tensor<2048x4096xbf16>
  }
  polykernel.func @fused_rmsnorm_matmul_bf16(%arg0: tensor<2048x4096xbf16>, %arg1: tensor<4096x11008xbf16>) -> tensor<2048x11008xbf16> {
    %0 = polykernel.fused_rmsnorm_matmul %arg0, %arg1 {epsilon = 9.99999974E-6 : f32} : tensor<2048x4096xbf16>, tensor<4096x11008xbf16> -> tensor<2048x11008xbf16>
    polykernel.return %0 : tensor<2048x11008xbf16>
  }
  polykernel.func @fused_matmul_bias_gelu_bf16(%arg0: tensor<2048x4096xbf16>, %arg1: tensor<4096x11008xbf16>, %arg2: tensor<11008xbf16>) -> tensor<2048x11008xbf16> {
    %0 = polykernel.fused_matmul_bias_gelu %arg0, %arg1, %arg2 : tensor<2048x4096xbf16>, tensor<4096x11008xbf16>, tensor<11008xbf16> -> tensor<2048x11008xbf16>
    polykernel.return %0 : tensor<2048x11008xbf16>
  }
  polykernel.func @qkv_projection_bf16(%arg0: tensor<1x2048x4096xbf16>, %arg1: tensor<4096x12288xbf16>) -> tensor<1x32x2048x128xbf16> {
    %q, %k, %v = polykernel.qkv_projection %arg0, %arg1 {num_heads = 32 : i64} : tensor<1x2048x4096xbf16>, tensor<4096x12288xbf16> -> tensor<1x32x2048x128xbf16>, tensor<1x32x2048x128xbf16>, tensor<1x32x2048x128xbf16>
    polykernel.return %q : tensor<1x32x2048x128xbf16>
  }
  polykernel.func @matmul_fp16(%arg0: tensor<2048x4096xf16>, %arg1: tensor<4096x11008xf16>) -> tensor<2048x11008xf16> {
    %0 = polykernel.matmul %arg0, %arg1 : tensor<2048x4096xf16>, tensor<4096x11008xf16> -> tensor<2048x11008xf16>
    polykernel.return %0 : tensor<2048x11008xf16>
  }
  polykernel.func @shape_preserving_fp16(%arg0: tensor<2048x4096xf16>, %arg1: tensor<2048x4096xf16>) -> tensor<2048x4096xf16> {
    %0 = polykernel.rmsnorm %arg0 {epsilon = 9.99999974E-6 : f32} : tensor<2048x4096xf16>
    %1 = polykernel.gelu %0 : tensor<2048x4096xf16>
    %2 = polykernel.add %1, %arg1 : tensor<2048x4096xf16>
    polykernel.return %2 : tensor<2048x4096xf16>
  }
  polykernel.func @fused_rmsnorm_matmul_fp16(%arg0: tensor<2048x4096xf16>, %arg1: tensor<4096x11008xf16>) -> tensor<2048x11008xf16> {
    %0 = polykernel.fused_rmsnorm_matmul %arg0, %arg1 {epsilon = 9.99999974E-6 : f32} : tensor<2048x4096xf16>, tensor<4096x11008xf16> -> tensor<2048x11008xf16>
    polykernel.return %0 : tensor<2048x11008xf16>
  }
}

infer-shapes EXIT: 0

=== [5] FileCheck of inferred types ===
FileCheck(infer_shapes.mlir): PASS

=== [6] Flaky check: run infer_shapes.mlir lit test TWICE ===
run #1: PASS
run #2: PASS
