# PolyKernel Wave 1 (Todo 1) - Toolchain verification log
# devenv v2.1.2 flakes integration; nixpkgs-unstable pinned in flake.lock (rev 421eebf).
# Build model: devenv devShell + manual cmake (Pinned contract A). NOT a sandboxed nix build of polykernel.
#
# EVALUATION (already verified, fast):
#   nix flake check --no-build --impure  ->  ✅ devShells.x86_64-linux.default (exit 0)
#   nix eval --impure .#devShells.x86_64-linux.default.drvPath  ->  /nix/store/lxpddbwrcmralpglvqv62gfvmsc0km3v-devenv-shell.drv (exit 0)
#   => flake evaluates; unfree CUDA/ROCm packages instantiate (allowUnfree=true in flake nixpkgs import).
#
# FULL SHELL BUILD + TOOL VERSIONS (running below; LLVM/CUDA/ROCm is a large closure):

$ nix develop --impure --accept-flake-config -c bash -c '<tool versions>'   (hard timeout 3000s)
--- build start: 2026-07-22T18:17:35-04:00 ---
warning: Nix search path entry '/home/mei/.nix-defexpr/channels' does not exist, ignoring
copying path '/nix/store/yv75vaxk9kq6zwgjfahba2kf88drgz3a-rocm-device-libs-22.0.0-rocm' from 'https://cache.nixos.org'...
copying path '/nix/store/a8lgffyjfxbjvj7bpdmhvbvl4zjhnckk-llvm-tblgen-21.1.8' from 'https://cache.nixos.org'...
copying path '/nix/store/5kdnda5glxd2f2zlph60y41nsql9vq3j-process-compose-1.120.0' from 'https://cache.nixos.org'...
copying path '/nix/store/ycyfl6n5alq38ig8v8yypd6wy07c3qrg-gcc-prefix-headers' from 'https://cache.nixos.org'...
copying path '/nix/store/kds6wwvwhazfha44zfch4krcmj858989-getopt-1.1.6' from 'https://cache.nixos.org'...
copying path '/nix/store/jxsl12r2ykpvhb7b62q4qqdnavs3x8w8-mlir-21.1.8' from 'https://cache.nixos.org'...
copying path '/nix/store/k2l39qp0h5s91w7r34mz8ak12l3w7qjn-rocm-core-7.2.3' from 'https://cache.nixos.org'...
copying path '/nix/store/d1ys0k497dg0kn7h5r25a2hwps4634kd-compiler-rt-libc-22.0.0-rocm' from 'https://cache.nixos.org'...
copying path '/nix/store/161lib3w1b2k1fayx49mfi56a2qmjxd5-gflags-2.3.0' from 'https://cache.nixos.org'...
copying path '/nix/store/ybmx8a9i4fqk1nbjs7adfhv73rzk003k-libdrm-2.4.134-bin' from 'https://cache.nixos.org'...
copying path '/nix/store/llmwfdwq8bp1w8yr2fkp2izsja8np759-llvm-22.0.0-rocm-lib' from 'https://cache.nixos.org'...
copying path '/nix/store/54zsmkm9ad3ghnfikx25mkg4zm923qlc-llvm-21.1.8-python' from 'https://cache.nixos.org'...
copying path '/nix/store/spg0gsjc84f544andbl9zxnijxb7qmxw-mark-for-cudatoolkit-root-hook' from 'https://cache.nixos.org'...
copying path '/nix/store/ij65j0w43d74q2qin4nmxmpzk1fipdfh-openmp-22.0.0-rocm' from 'https://cache.nixos.org'...
copying path '/nix/store/nhgq6g9bqfgj5api2ibpw87b05lc020c-python3.14-lit-18.1.8-dist' from 'https://cache.nixos.org'...
copying path '/nix/store/y7i3md6g8ywc5m0r3whvffgmv2xqwasf-add-driver-runpath-hook' from 'https://cache.nixos.org'...
building '/nix/store/vl96hlmm7dcjv9db49cc26hhl013jwq8-devenv-files-cleanup.drv'...
building '/nix/store/62vdr10f21999cgbb7s13m9j705ca35i-devenv.drv'...
building '/nix/store/mnylhzc6nnyql00w9lbxm3lhgcpmms1a-cuda_cudart-linux-x86_64-12.6.77-archive.tar.xz.drv'...
building '/nix/store/g41llzapj1n2kc77103ww1xzshz385d6-cuda_cuobjdump-linux-x86_64-12.6.77-archive.tar.xz.drv'...
building '/nix/store/jdc75w7g1amx5l18ij211z3j7ly4wxjq-cuda_nvcc-linux-x86_64-12.6.85-archive.tar.xz.drv'...
building '/nix/store/c10mkm5avva8bc609v9sh7285zlpyfd0-cuda_nvrtc-linux-x86_64-12.6.85-archive.tar.xz.drv'...
building '/nix/store/21h32rln203jjgy6vsp464hw7hz3m7bx-libcublas-linux-x86_64-12.6.4.1-archive.tar.xz.drv'...
building '/nix/store/y0vmwigcijp2bkkkbpvq61p59s6m23qv-cuda_cccl-linux-x86_64-12.6.77-archive.tar.xz.drv'...
copying path '/nix/store/lx59kn1la2zdlshj0hz3gmag91bgxydz-auto-fix-elf-files' from 'https://cache.nixos.org'...
copying path '/nix/store/1kzclixw4c13wxin0b6cij1zykvwp0wb-gnu-config-2024-01-01' from 'https://install.determinate.systems'...
copying path '/nix/store/xdw72nh7idkxx4y06ayg7mygm7l9valx-isDeclaredArray' from 'https://cache.nixos.org'...
copying path '/nix/store/6b7zx3mqi8lgaqnkmvfn3hixp5kl1v6v-gcc-13.4.0-libgcc' from 'https://cache.nixos.org'...
copying path '/nix/store/shs2lyjm5yv7fmg4pwyvrlv9zr4macmv-gcc-14.3.0-libgcc' from 'https://install.determinate.systems'...
copying path '/nix/store/sjhpj3r96rj8vjajv7ccgc9j3ndx07m2-libressl-4.2.1' from 'https://cache.nixos.org'...
copying path '/nix/store/fa7haracv5ad6jpn7wjfp32mhxz7js7q-isl-0.20' from 'https://cache.nixos.org'...
copying path '/nix/store/3rkccxj7vi0p2a0d48c4a4z2vv2cni88-libunistring-1.4.1' from 'https://install.determinate.systems'...
copying path '/nix/store/7iwv8dcgsjmkrnn752hnfdxh3f7wahmd-linux-headers-6.16.7' from 'https://install.determinate.systems'...
copying path '/nix/store/gkjpfak7vas8591waav9lgzqgmzbmd43-libmpc-1.4.1' from 'https://cache.nixos.org'...
building '/nix/store/c1jxmm1ngi89n3ymfpjchdxy9805kd6z-tasks.json.drv'...
copying path '/nix/store/idkxlhm9xkyvqrj41vhfkxfmi33576ly-glog-0.7.1' from 'https://cache.nixos.org'...
copying path '/nix/store/flfs8saab9nfiwhi03r7jzb5p3y0d18i-libdrm-2.4.134-dev' from 'https://cache.nixos.org'...
copying path '/nix/store/qi30i9ks1vl6gmc0803b9fkgkv45s91h-auto-add-driver-runpath-hook' from 'https://cache.nixos.org'...
copying path '/nix/store/fgvyw5hm27cwk6q7inpdab9ijc5m5y9f-gcc-13.4.0-lib' from 'https://cache.nixos.org'...
copying path '/nix/store/5ihbzpv4fyp1imliv3p2ff7z3qdazcqk-getRunpathEntries' from 'https://cache.nixos.org'...
copying path '/nix/store/5cd6knx9knjfdy0958ya8v4cljx9q4fz-lndir-1.0.5' from 'https://cache.nixos.org'...
copying path '/nix/store/xncr9iiwg41iwdzab94bkjfmxk5fiyd2-lsb_release' from 'https://cache.nixos.org'...
copying path '/nix/store/7qi8r7y6h1s7r9mkvn5hc3az48hdnp2r-python3.14-cbor2-5.8.0' from 'https://cache.nixos.org'...
copying path '/nix/store/7mvcvnsxgvqpy4bkkdx8ycfa0n8jf202-python3.14-colorama-0.4.6' from 'https://cache.nixos.org'...
copying path '/nix/store/jb2j8snfzgnx1wadvnj3q2wns7fcnkdw-python3.14-iniconfig-2.3.0' from 'https://cache.nixos.org'...
copying path '/nix/store/nz41nvbmdhagzr7zwla6s72rvy8lmsky-python3.14-mdurl-0.1.2' from 'https://cache.nixos.org'...
copying path '/nix/store/047lmdjjwh0adxgk1x2jvfakbnbrwf5s-python3.14-numpy-2.5.0' from 'https://cache.nixos.org'...
building '/nix/store/ak37lkzyvs3mkk07i6sgwr414karqjyq-cuda_cuobjdump-12.6.77-source.drv'...
copying path '/nix/store/hxcmad417fd8ql9ylx96xpak7da06yiv-libidn2-2.3.8' from 'https://install.determinate.systems'...
copying path '/nix/store/6c1zag4f49b1pfcbvbchbxwg7f7mhaz3-python3.14-packaging-26.2' from 'https://cache.nixos.org'...
copying path '/nix/store/z8zm1d0h20y4bgf3gv65nh9fxdbgqhiw-python3.14-pluggy-1.6.0' from 'https://cache.nixos.org'...
copying path '/nix/store/ifm921lg5vp3kfydfa9bhrfqprk6566l-python3.14-pyelftools-0.32' from 'https://cache.nixos.org'...
copying path '/nix/store/6zmpvcj56gns4xv3pf8wglk3279q962d-python3.14-pygments-2.20.0' from 'https://cache.nixos.org'...
copying path '/nix/store/h2wwidpazd0cr04cp99ma20rs6pmy4g3-python3.14-ruamel-base-1.0.0' from 'https://cache.nixos.org'...
copying path '/nix/store/zmkrcwrpwnnb2727mql0a569b960g75n-python3.14-markdown-it-py-4.0.0' from 'https://cache.nixos.org'...
copying path '/nix/store/fz6s9yvzgm0ad4f910r1c9zbba0nkd6m-python3.14-ruamel-yaml-clib-0.2.15' from 'https://cache.nixos.org'...
copying path '/nix/store/5b47icl4qzy9bz9mygk0hsc41646j0lm-python3.14-six-1.17.0' from 'https://cache.nixos.org'...
building '/nix/store/abvsx2b2bqpyh17k3va19s6whv2ilpxi-cuda_cudart-12.6.77-source.drv'...
copying path '/nix/store/bmj0yh0gdagxsxv720m3pr615br25mis-python3.14-tomlkit-0.12.5' from 'https://cache.nixos.org'...
copying path '/nix/store/g2n9l19blg4hsk8f5dwgzls3aqma44sb-python3.14-python-dateutil-2.9.0.post0' from 'https://cache.nixos.org'...
copying path '/nix/store/5kvprn5lwwkw5gil5vnpr59vxnrvn1zx-python3.14-u-msgpack-python-2.8.0' from 'https://cache.nixos.org'...
building '/nix/store/p1kqr8fi4bvlgyh4nflqvx6cdkz3id51-cuda_cccl-12.6.77-source.drv'...
copying path '/nix/store/03mlsfnwnkxw9anibl4sgys4wsh85dc5-removeStubsFromRunpathHook' from 'https://cache.nixos.org'...
copying path '/nix/store/j0zkxkrnkhf78qlvr7nww92wahrsi2bx-python3.14-ruamel-yaml-0.19.1' from 'https://cache.nixos.org'...
copying path '/nix/store/08c694sy352gqcbgc357c619ip3f7ac1-rocm-smi-7.2.3' from 'https://cache.nixos.org'...
copying path '/nix/store/9nv81h5vf05svvia1vq17g04gzinaamr-rust-docs-1.95.0-x86_64-unknown-linux-gnu' from 'https://devenv.cachix.org'...
copying path '/nix/store/kaxljj3fhnvr2a04glj4di70fhadhw4h-rust-std-1.95.0-x86_64-unknown-linux-gnu' from 'https://devenv.cachix.org'...
building '/nix/store/y0hj55hx0wcgfb15wgzq9x1x5qbxrryk-cuda_nvrtc-12.6.85-source.drv'...
copying path '/nix/store/4cs3vim6q42ldq3mwvrq376n7qlxvl1g-rust_addr2line-0.25.1' from 'https://devenv.cachix.org'...
copying path '/nix/store/icmsq7fdk9is2p86yhi99nv2fa9vqhqm-rust_allocator-api2-0.2.21' from 'https://devenv.cachix.org'...
copying path '/nix/store/pcymrk72l67nm2k0hnhxa3278j48ynzz-rust_adler2-2.0.1' from 'https://devenv.cachix.org'...
copying path '/nix/store/w55bsrysvjds9m6j1vjqqlq3wv834daf-rust_aho-corasick-1.1.4' from 'https://devenv.cachix.org'...
copying path '/nix/store/brkkfmip5gl9swy59cwslvfx8bzgbqxh-python3-3.14.6-env' from 'https://cache.nixos.org'...
building '/nix/store/14h6fjzzzww759l3qrgr2h2b98zklwny-cuda_nvcc-12.6.85-source.drv'...
copying path '/nix/store/4v7kiqi1x5nxjvfxs275rix5vg11ikc8-libressl-4.2.1-nc' from 'https://cache.nixos.org'...
copying path '/nix/store/yygx38i4bqd87camnh1v3g44kr41z5q7-rust_anstream-1.0.0' from 'https://devenv.cachix.org'...
copying path '/nix/store/lkkdqbyy4lq99i61a27qqhby5gqkgzkx-rust_anstyle-parse-1.0.0' from 'https://devenv.cachix.org'...
copying path '/nix/store/4rga316zi92j8zg953jkfik5qzxi4zgn-rust_addr2line-0.25.1-lib' from 'https://devenv.cachix.org'...
copying path '/nix/store/xqbkww91wxyxhfq0c90n5vbni9034n67-rust_anstyle-1.0.14' from 'https://devenv.cachix.org'...
copying path '/nix/store/4zx73nrg5frvwx99dm7m6p03xabnnw0g-auto-patchelf-0-unstable-2024-08-14' from 'https://cache.nixos.org'...
copying path '/nix/store/p5xm3pyzdm7qk29c4c3hv3mnm9ci0qbl-rust_adler2-2.0.1-lib' from 'https://devenv.cachix.org'...
copying path '/nix/store/06cbvca729jjflwk73c83in08jc6wi6x-rust_aho-corasick-1.1.4-lib' from 'https://devenv.cachix.org'...
copying path '/nix/store/lpswmn32q1hnm0y923mg1gjgnxxgwf6b-rust_allocator-api2-0.2.21-lib' from 'https://devenv.cachix.org'...
copying path '/nix/store/5877dywil0wjrmriaxk3zab27wdcb5v5-rust_anstream-1.0.0-lib' from 'https://devenv.cachix.org'...
copying path '/nix/store/v80qpmymfc63fi0plpp7935zbkl5bqnr-auto-patchelf-hook' from 'https://cache.nixos.org'...
copying path '/nix/store/vvhf2hzf4az7msq7qi3ckk0v0cyn8f16-rust_anstyle-1.0.14-lib' from 'https://devenv.cachix.org'...
copying path '/nix/store/d9ialayghlr28rqf22ry1kvk9prk5s6w-rust_anstyle-parse-1.0.0-lib' from 'https://devenv.cachix.org'...
copying path '/nix/store/mpaxrwlg1rw2kr0lncnkxvxycx87n0g2-rust_anstyle-query-1.1.5' from 'https://devenv.cachix.org'...
copying path '/nix/store/04am8jfkqnm7khfp5zzv95gkcplzphix-rust_anyhow-1.0.102' from 'https://devenv.cachix.org'...
copying path '/nix/store/6k27hl3866ldil8471hf72mxw53ffrr8-rust_arrayref-0.3.9' from 'https://devenv.cachix.org'...
copying path '/nix/store/726dqqkigvl3gvmipgzf7jp0qmd6j8ck-rust_arrayvec-0.7.6' from 'https://devenv.cachix.org'...
copying path '/nix/store/hgw6nhkik329skkm8w8jmclqp6mpsycv-rust_anstyle-query-1.1.5-lib' from 'https://devenv.cachix.org'...
copying path '/nix/store/ffw2xa5i08q9apag00d1gpdviiy7jdis-rust_async-priority-channel-0.2.0' from 'https://devenv.cachix.org'...
copying path '/nix/store/rrm4q3cl4sv1xjdqqw8ql9pq6vyqkhbc-rust_arrayref-0.3.9-lib' from 'https://devenv.cachix.org'...
copying path '/nix/store/h2g6dzjf7av759j9v6021dhgxxdinq8n-rust_arrayvec-0.7.6-lib' from 'https://devenv.cachix.org'...
copying path '/nix/store/77xxizpq4w5bm4l20q1wgsl6dmhl2ll5-rust_async-priority-channel-0.2.0-lib' from 'https://devenv.cachix.org'...
copying path '/nix/store/x053cnb05lp2fm4df928ar1gbmavnkyy-rust_async-trait-0.1.89' from 'https://devenv.cachix.org'...
copying path '/nix/store/sxr3v9rhzkjjm34vjnwdskkv73i8h5hb-rust_atoi-2.0.0' from 'https://devenv.cachix.org'...
copying path '/nix/store/rf0z56w8hs1rarph9ywy9vlf367dqn0v-rust_atomic-take-1.1.0' from 'https://devenv.cachix.org'...
copying path '/nix/store/h3nw2g0ff0f01rsgv9qsdka3m8mcky0m-rust_atoi-2.0.0-lib' from 'https://devenv.cachix.org'...
copying path '/nix/store/2h83lmzch940a6x87ls4y97kfbya6fll-rust_atomic-waker-1.1.2' from 'https://devenv.cachix.org'...
copying path '/nix/store/1bhv6j5hyizvagp9q355q08p0a4rd234-rust_atomic-take-1.1.0-lib' from 'https://devenv.cachix.org'...
copying path '/nix/store/c706mgy94wg73zaszyasx9s3njglcyqc-rust_aws-lc-rs-1.16.3' from 'https://devenv.cachix.org'...
copying path '/nix/store/h4x27nh194n96w15an01hyv819csv2am-rust_atomic-waker-1.1.2-lib' from 'https://devenv.cachix.org'...
copying path '/nix/store/8mzb59b0y6xnpdp0c4qcg78gm82r72pj-rust_aws-lc-sys-0.40.0' from 'https://devenv.cachix.org'...
copying path '/nix/store/zlaxrkzvh51vh431m49zbjm9p46ydmh9-rust_backtrace-0.3.76' from 'https://devenv.cachix.org'...
copying path '/nix/store/5cfw6avkb08k03vs049y4kx5qdpl44xn-rust_backtrace-ext-0.2.1' from 'https://devenv.cachix.org'...
copying path '/nix/store/cbfw2yvpgw3fk2gfn3haik4sm66md4pf-rust_backtrace-0.3.76-lib' from 'https://devenv.cachix.org'...
copying path '/nix/store/qrx56xscg7vi89k13fb61v9xzbwvdfdq-rust_base64-0.22.1' from 'https://devenv.cachix.org'...
copying path '/nix/store/pf3j90djbli2hkp09i472icpjghkpkmb-rust_backtrace-ext-0.2.1-lib' from 'https://devenv.cachix.org'...
copying path '/nix/store/vqlnjzgwcw06kzh95jr082panwx51q9l-rust_bitflags-1.3.2' from 'https://devenv.cachix.org'...
copying path '/nix/store/9d5m1jpxnk60bf4z58qg6rk7j0c516nz-rust_base64-0.22.1-lib' from 'https://devenv.cachix.org'...
copying path '/nix/store/fjxpxqb3brz8j0cmjx8lq9dc7jb2cb2s-gcc-13.4.0' from 'https://cache.nixos.org'...
copying path '/nix/store/s1mc2ppsaz1va02r26gqliw10fqk2zqi-rust_bitflags-2.11.1' from 'https://devenv.cachix.org'...
copying path '/nix/store/d2r8iy837n18qi2f17qyzi7sl0sr76s9-rust_blake3-1.8.3' from 'https://devenv.cachix.org'...
copying path '/nix/store/kcw8yvz205hvskjvvllckzbfidcpxbp8-rust_bitflags-1.3.2-lib' from 'https://devenv.cachix.org'...
copying path '/nix/store/17dxd5gcr93cnkwsa3348ia3gskai1cb-rust_bitflags-2.11.1-lib' from 'https://devenv.cachix.org'...
copying path '/nix/store/7dvq6l1b43hznhq2w7d9qq6lcgvd0nvh-rust_block-buffer-0.10.4' from 'https://devenv.cachix.org'...
copying path '/nix/store/pnyacydnhmdyx3jgbdw7cdr8vp4pflxw-rust_block-buffer-0.12.0' from 'https://devenv.cachix.org'...
copying path '/nix/store/mb0kx7rpvdrgs9b3xjvhrrgq0w5hvygk-rust_block-buffer-0.10.4-lib' from 'https://devenv.cachix.org'...
copying path '/nix/store/wwhp3qycxrqm8hbc1glgc2jg61535l8b-rust_bstr-1.12.1' from 'https://devenv.cachix.org'...
copying path '/nix/store/hspkfyidhgdd3a5slz8m777jnx8f75a6-rust_byteorder-1.5.0' from 'https://devenv.cachix.org'...
copying path '/nix/store/gv9ali6whj5riraq3jklhgr42mfzfg0l-rust_block-buffer-0.12.0-lib' from 'https://devenv.cachix.org'...
copying path '/nix/store/bwq5cx7v2bhic8avfh2q8rb6333rhhi3-rust_bstr-1.12.1-lib' from 'https://devenv.cachix.org'...
copying path '/nix/store/8xbv9cnmhw0ffkjq4j8swpmpsdj5q5rd-rust_bytes-1.11.1' from 'https://devenv.cachix.org'...
copying path '/nix/store/d611facsrvg96spc1pr49k9cbd995bxb-rust_caps-0.5.6' from 'https://devenv.cachix.org'...
copying path '/nix/store/d489nfm6lb0wl539ffzrkaqvywc9kghz-rust_byteorder-1.5.0-lib' from 'https://devenv.cachix.org'...
copying path '/nix/store/16b7qk569x4v836n226vl7kyxlq4ly9f-python3.14-pytest-9.0.3' from 'https://cache.nixos.org'...
copying path '/nix/store/ijldmpn8mcrihv6ff39kpvb3nk176n56-python3.14-rich-15.0.0' from 'https://cache.nixos.org'...
copying path '/nix/store/rpvv4fzs95nxdmbzc75g565rzbmdqyi5-rust_cfg-if-1.0.4' from 'https://devenv.cachix.org'...
copying path '/nix/store/rcbjqsnh9f3rfrk38h3m397f005z7czr-rust_bytes-1.11.1-lib' from 'https://devenv.cachix.org'...
copying path '/nix/store/byp06hl0ai0616nbhl8pkb6d1cjjmrp8-rust_caps-0.5.6-lib' from 'https://devenv.cachix.org'...
copying path '/nix/store/yfwm421cfj95ki8ljvznvcr7xng3jxpq-rust_cfg-if-1.0.4-lib' from 'https://devenv.cachix.org'...
copying path '/nix/store/drbl4gaka40hq56p92cdslxp9gkx9ljx-rust_clap-4.6.1' from 'https://devenv.cachix.org'...
copying path '/nix/store/vhy33m0aa9ls86hzhwcfd0ny6vq717cv-rust_clap_builder-4.6.0' from 'https://devenv.cachix.org'...
copying path '/nix/store/8r6ralrvnhp7c6mhm2q5assir2j7hh3m-rust_clap-4.6.1-lib' from 'https://devenv.cachix.org'...
copying path '/nix/store/rhk9jqxzh6w5xq60ack1mva1bvgkscak-rust_clap_derive-4.6.1' from 'https://devenv.cachix.org'...
copying path '/nix/store/jkb3h2vqfsi2b6f01kvyv8vbww41gx49-rust_clap_lex-1.1.0' from 'https://devenv.cachix.org'...
copying path '/nix/store/4mi9wlyjm3n71id8j9djc0l1vqznci8q-rust_colorchoice-1.0.5' from 'https://devenv.cachix.org'...
copying path '/nix/store/90vhf4f6i61s24mf9jrr8m1cs17vkn67-rust_clap_builder-4.6.0-lib' from 'https://devenv.cachix.org'...
copying path '/nix/store/4jd9dpqbqjwyhbcp45amd6kkygsl9cwr-rust_concurrent-queue-2.5.0' from 'https://devenv.cachix.org'...
copying path '/nix/store/7a3nswz79x39vc2d25rgm56gqhb7z8qm-rust_clap_lex-1.1.0-lib' from 'https://devenv.cachix.org'...
copying path '/nix/store/99xn4828zayzp1pjp35lykxrlspvdxrl-rust_colorchoice-1.0.5-lib' from 'https://devenv.cachix.org'...
copying path '/nix/store/3afx3k1c4vspwm7zjljdy207348a0kgr-rust_console-0.16.3' from 'https://devenv.cachix.org'...
copying path '/nix/store/giqp2sg2nds2f5x5bcih0ncsqixjgjsr-rust_concurrent-queue-2.5.0-lib' from 'https://devenv.cachix.org'...
copying path '/nix/store/ac1mfq1sam4ilh075zb8kz8j8gdhpi4r-rust_const-oid-0.10.2' from 'https://devenv.cachix.org'...
copying path '/nix/store/l90g8985i8173kzppyqgswfwjvw5ddvn-rust_console-0.16.3-lib' from 'https://devenv.cachix.org'...
copying path '/nix/store/jisrpq61apb5a2gp0085lynv3p93kq70-rust_constant_time_eq-0.4.2' from 'https://devenv.cachix.org'...
copying path '/nix/store/hpr9s0cnsdb9pyyw85yw5p9kd2zmhp8w-python3.14-rich-argparse-1.7.2' from 'https://cache.nixos.org'...
copying path '/nix/store/silfx8nypa8mzwrzwrv1z0gxm88f01pz-rust_const-oid-0.10.2-lib' from 'https://devenv.cachix.org'...
copying path '/nix/store/lqan4l2jndww5kx5sflwq31pwr3vnzqk-rust_constant_time_eq-0.4.2-lib' from 'https://devenv.cachix.org'...
copying path '/nix/store/k36bpl0xbp9dfvc7vg2ypw8c9g8jlg4w-rust_cpufeatures-0.2.17' from 'https://devenv.cachix.org'...
copying path '/nix/store/a5iv75wg3c1k3z3j6plb93liyskiy8fz-rust_cpufeatures-0.3.0' from 'https://devenv.cachix.org'...
copying path '/nix/store/l570g53gnkqikhdi625rnzfdi7dcajfy-remarshal-0.17.1' from 'https://cache.nixos.org'...
copying path '/nix/store/2ndp5gwdl2062g1vbxj5yy1fncc38aid-rust_crc-3.4.0' from 'https://devenv.cachix.org'...
copying path '/nix/store/96bah3b53cs8q609sldxjb89zn24ia8n-rust_crossbeam-epoch-0.9.18' from 'https://devenv.cachix.org'...
copying path '/nix/store/r9akbfbwvhqsam96y9m0453sxgd3hj2p-rust_crossbeam-deque-0.8.6' from 'https://devenv.cachix.org'...
copying path '/nix/store/9kd0a2kr1r60nwgb9j5v4w4pm7rwis8i-rust_crossbeam-utils-0.8.21' from 'https://devenv.cachix.org'...
copying path '/nix/store/jhbbb8zk7qk2wwynsn7b37hj6xyc7zaj-rust_crossbeam-queue-0.3.12' from 'https://devenv.cachix.org'...
copying path '/nix/store/x264b56ppy32dkarhsr4zv47jqkc1d76-rust_crc-catalog-2.5.0' from 'https://devenv.cachix.org'...
copying path '/nix/store/7gsv66l3amsxlhv476s3n5ij8lmcylcq-rust_crypto-common-0.1.7' from 'https://devenv.cachix.org'...
copying path '/nix/store/3n9b8zix59dzdbrl71xg821dg0a5farh-rust_crypto-common-0.2.1' from 'https://devenv.cachix.org'...
copying path '/nix/store/qar4qc3pp72g45kkx8nd8rsrjzvpbdvh-rust_cpufeatures-0.2.17-lib' from 'https://devenv.cachix.org'...
copying path '/nix/store/hy1ppfpky81bqn88j6q4yj36plvs73y6-rust_cpufeatures-0.3.0-lib' from 'https://devenv.cachix.org'...
copying path '/nix/store/0h92kim971684s5v2b2znvbfi44qwsw5-rust_crc-3.4.0-lib' from 'https://devenv.cachix.org'...
copying path '/nix/store/5vp7amwq6jszfdl3j263p7p00m0w4jk2-rust_crc-catalog-2.5.0-lib' from 'https://devenv.cachix.org'...
copying path '/nix/store/17pndyq9180f5ds0x317q5lhlqad0j5j-rust_crossbeam-deque-0.8.6-lib' from 'https://devenv.cachix.org'...
copying path '/nix/store/k645s6z22826p126q6irksja1vgzqsq7-rust_crypto-common-0.1.7-lib' from 'https://devenv.cachix.org'...
copying path '/nix/store/iwz1ibi1vi5yfad0z9jl4i72fhsrs926-rust_crypto-common-0.2.1-lib' from 'https://devenv.cachix.org'...
copying path '/nix/store/v8k2ig0jqf6w2g91gr3jmr9py753sz1f-rust_crossbeam-queue-0.3.12-lib' from 'https://devenv.cachix.org'...
copying path '/nix/store/ayv2ra5qy262yf49f3vkmsdiy7dq59ln-rust_crossbeam-epoch-0.9.18-lib' from 'https://devenv.cachix.org'...
building '/nix/store/zxkbblrp3il7nb1qq14wj71nscdcxajc-process-compose.yaml.drv'...
copying path '/nix/store/by3rdmqzhpdcw6ydgy42snlrhw0hi342-rust_darling-0.23.0' from 'https://devenv.cachix.org'...
copying path '/nix/store/iclf94qhkhi5sviykf7hkrwkxq1swm6f-rust_darling_core-0.23.0' from 'https://devenv.cachix.org'...
copying path '/nix/store/jlhm2zjnyl1hbm444f5gdcwa84rgcxyj-rust_darling_macro-0.23.0' from 'https://devenv.cachix.org'...
copying path '/nix/store/ni28flfsd8wk91pwzyj7nlmmxhrwrhp0-rust_darling-0.23.0-lib' from 'https://devenv.cachix.org'...
copying path '/nix/store/y3g9vz2mid86929r2xph91bxgxw8dhcw-rust_deranged-0.5.8' from 'https://devenv.cachix.org'...
copying path '/nix/store/lh7f8ln027zyisp1ny1h0lzinjbn7zb0-rust_darling_core-0.23.0-lib' from 'https://devenv.cachix.org'...
copying path '/nix/store/l6jl0li5iar9jwsk5gn5kismxgw9fi72-rust_digest-0.10.7' from 'https://devenv.cachix.org'...
copying path '/nix/store/4yl3cn9pqlq4l2gw1y35w0ywcq5sj20p-rust_digest-0.11.3' from 'https://devenv.cachix.org'...
copying path '/nix/store/h1n8gn02y3wsxfis6yfw9lp6kazbkh9r-rust_displaydoc-0.2.5' from 'https://devenv.cachix.org'...
copying path '/nix/store/57va8wqmvjp30nc7mwiq8j12pz0wjfx4-rust_dotenvy-0.15.7' from 'https://devenv.cachix.org'...
copying path '/nix/store/qn63kkizj4h730b30rj5v1r9xpldizyx-rust_downcast-rs-1.2.1' from 'https://devenv.cachix.org'...
copying path '/nix/store/4d25ilms8s31l1gxm0s9ddgybv3a04ih-rust_dunce-1.0.5' from 'https://devenv.cachix.org'...
copying path '/nix/store/icwk5bcf4b6pkf2z0lzyhij4kswzxw1s-rust_deranged-0.5.8-lib' from 'https://devenv.cachix.org'...
copying path '/nix/store/zalf29wqn98pvx1b01x6x4gza2x8zp3c-rust_digest-0.10.7-lib' from 'https://devenv.cachix.org'...
copying path '/nix/store/w060sdh4dlipmgvl6ds6igikbrkhlb9h-rust_digest-0.11.3-lib' from 'https://devenv.cachix.org'...
copying path '/nix/store/8k8a4rbh1g22h4krkpszd752bj7zvkq0-rust_either-1.15.0' from 'https://devenv.cachix.org'...
copying path '/nix/store/wd3pxbdxdmg6rgkdgrhdxz903v3cpcyr-rust_encoding_rs-0.8.35' from 'https://devenv.cachix.org'...
copying path '/nix/store/alifcn825x4dgvhfklqwqvzwc7ck78pj-rust_endian-type-0.2.0' from 'https://devenv.cachix.org'...
copying path '/nix/store/6wyjsl6j0di9jxw4g5jz04ybg0zvkpa5-rust_dotenvy-0.15.7-lib' from 'https://devenv.cachix.org'...
copying path '/nix/store/a7h1g8vsab5q25cr95jnlviicd0l1y85-rust_downcast-rs-1.2.1-lib' from 'https://devenv.cachix.org'...
copying path '/nix/store/13i8pjaznav91x5pmvyw3yysl68ljqp6-rust_dunce-1.0.5-lib' from 'https://devenv.cachix.org'...
copying path '/nix/store/dw69f1w7zyd0mikpi7dnhrpg9gvlcla1-rust_either-1.15.0-lib' from 'https://devenv.cachix.org'...
copying path '/nix/store/aqbm101vxr6i6nnzxq8s954485wvmgn2-rust_encoding_rs-0.8.35-lib' from 'https://devenv.cachix.org'...
copying path '/nix/store/w7b8sqh35i6vzclwnq9ic13y9vqgqwv2-rust_endian-type-0.2.0-lib' from 'https://devenv.cachix.org'...
copying path '/nix/store/gzd5lvaz92bvqnayamwsv5j3g7xj516b-rust_equivalent-1.0.2' from 'https://devenv.cachix.org'...
copying path '/nix/store/6znsxlgr5f903q91ds6apa9v0pncxpbp-rust_errno-0.3.14' from 'https://devenv.cachix.org'...
copying path '/nix/store/03d95vnb8g0bxk5xdc99plygdb8zk8jb-rust_event-listener-4.0.3' from 'https://devenv.cachix.org'...
copying path '/nix/store/jvc58m37bfz22wf1rsac3li5m1ligz7x-rust_event-listener-5.4.1' from 'https://devenv.cachix.org'...
copying path '/nix/store/sm95by0w77z3q10bppfwr1q9qgkg6l99-rust_faster-hex-0.10.0' from 'https://devenv.cachix.org'...
copying path '/nix/store/k60i596pwms3sfwr2fqxq5xxqbg633yc-rust_equivalent-1.0.2-lib' from 'https://devenv.cachix.org'...
copying path '/nix/store/b0169n3bx1knjiwsk69ffrbq6pfwad3n-rust_fastrand-2.4.1' from 'https://devenv.cachix.org'...
copying path '/nix/store/57z9ivw4myd0sw03v9gvrs9l0qsi676m-rust_errno-0.3.14-lib' from 'https://devenv.cachix.org'...
copying path '/nix/store/nfzi80fg9i6b1xh0nblvahyrwvxf66bn-rust_event-listener-4.0.3-lib' from 'https://devenv.cachix.org'...
copying path '/nix/store/hqaj1ms9g1f6wyc3bd6sn78whl1nzl70-rust_event-listener-5.4.1-lib' from 'https://devenv.cachix.org'...
copying path '/nix/store/ayv3izp34s2jmj9s9255ka7bl8b0iqj9-rust_faster-hex-0.10.0-lib' from 'https://devenv.cachix.org'...
copying path '/nix/store/2bivigiccdbdhq19vk5bnmvlypva44zq-rust_fastrand-2.4.1-lib' from 'https://devenv.cachix.org'...
copying path '/nix/store/mj20b1ay7k7ix4sq0sklihddfy7qjayq-rust_filedescriptor-0.8.3' from 'https://devenv.cachix.org'...
copying path '/nix/store/x4w94j9ha3w9mpa5vmfwd4ymdggha1pi-rust_fixedbitset-0.5.7' from 'https://devenv.cachix.org'...
copying path '/nix/store/r5l0c5mjrxapi6b0y6rbi89kkl3b99fv-rust_filedescriptor-0.8.3-lib' from 'https://devenv.cachix.org'...
copying path '/nix/store/jhs05cfd6nygnq58zq53na5238p9c8kx-rust_fixedbitset-0.5.7-lib' from 'https://devenv.cachix.org'...
copying path '/nix/store/qyl467rzf2wh05c6gd0d76yrpksp3ga1-rust_flume-0.11.1' from 'https://devenv.cachix.org'...
copying path '/nix/store/yw007drn9fprb3y5m957sn7yrsdbr6k9-rust_fnv-1.0.7' from 'https://devenv.cachix.org'...
copying path '/nix/store/xzirbzv5y51bsybxs277jg785w48yipj-rust_foldhash-0.1.5' from 'https://devenv.cachix.org'...
copying path '/nix/store/lav9vv6yriggiabri1d6ip3bb8qdk3xq-rust_form_urlencoded-1.2.2' from 'https://devenv.cachix.org'...
copying path '/nix/store/w2c9za0ps4wz72r0xwi52g9wd5w1q5x5-rust_futures-0.3.32' from 'https://devenv.cachix.org'...
copying path '/nix/store/807ad87frhck5sid2iws7q6kslg0axb4-rust_flume-0.11.1-lib' from 'https://devenv.cachix.org'...
copying path '/nix/store/m09h1wbxyxgm2cfjzvm4n8dxdq1w49cj-rust_fnv-1.0.7-lib' from 'https://devenv.cachix.org'...
copying path '/nix/store/18yqdkapgwffapg9jsralarw0lbhghgm-rust_foldhash-0.1.5-lib' from 'https://devenv.cachix.org'...
copying path '/nix/store/z03qm694yn8klyz8cib2yxjx9whh9pl8-rust_form_urlencoded-1.2.2-lib' from 'https://devenv.cachix.org'...
copying path '/nix/store/pj6m4qya4l08hqick8lip9l1kssdf57i-rust_futures-0.3.32-lib' from 'https://devenv.cachix.org'...
copying path '/nix/store/389yh3zf4d5hv0xpzllxndls1xnkj0ps-rust_futures-channel-0.3.32' from 'https://devenv.cachix.org'...
copying path '/nix/store/771qpr93y12gmadj0psz30k6h55dfafs-rust_futures-core-0.3.32' from 'https://devenv.cachix.org'...
copying path '/nix/store/brix4c62qvg66pnzgpah3s8hb2k7ys4c-rust_futures-channel-0.3.32-lib' from 'https://devenv.cachix.org'...
copying path '/nix/store/mxim5plpm20mrxzf398zwdg4109hajam-rust_futures-executor-0.3.32' from 'https://devenv.cachix.org'...
copying path '/nix/store/3k7j79sz1accmj97w5gf8mjngfh5ycdh-rust_futures-intrusive-0.5.0' from 'https://devenv.cachix.org'...
copying path '/nix/store/si3na8jjqfsnhbnjvf0nijby6v5sk9zj-rust_futures-io-0.3.32' from 'https://devenv.cachix.org'...
copying path '/nix/store/khxsincsfh4icl4amg6vcpyv76n4ffij-rust_futures-core-0.3.32-lib' from 'https://devenv.cachix.org'...
copying path '/nix/store/im4i476r089z50rkrnj139crsrvkdwlm-rust_futures-executor-0.3.32-lib' from 'https://devenv.cachix.org'...
copying path '/nix/store/46n3am85dwnvn99yvsmipq4pa6ayndvd-rust_futures-intrusive-0.5.0-lib' from 'https://devenv.cachix.org'...
copying path '/nix/store/bfmp8zvxl5dblx25zmkz8y989bz4nc9d-rust_futures-macro-0.3.32' from 'https://devenv.cachix.org'...
copying path '/nix/store/v3sbza0kja6rvh3b91yazc2v7c8h349k-rust_futures-sink-0.3.32' from 'https://devenv.cachix.org'...
copying path '/nix/store/m8wyq5chnv62h8dhhb2dmzbp6xxp390g-rust_futures-util-0.3.32' from 'https://devenv.cachix.org'...
copying path '/nix/store/n25kiz8i737jycawqdvyzgrij50y0agw-rust_generic-array-0.14.7' from 'https://devenv.cachix.org'...
copying path '/nix/store/8gxsn24jrg6ki1v8nn52q11dbrsjxjf0-rust_futures-task-0.3.32' from 'https://devenv.cachix.org'...
copying path '/nix/store/axsj73i6rkxka6m0lh5j4fjq5lpy53d8-rust_getrandom-0.4.2' from 'https://devenv.cachix.org'...
copying path '/nix/store/5fx6b59hzcla4djg3z5xvf3dlf3417qv-rust_gimli-0.32.3' from 'https://devenv.cachix.org'...
copying path '/nix/store/6cwwj06kx71r656zjfkvwjrqv5civ068-rust_gix-actor-0.37.1' from 'https://devenv.cachix.org'...
copying path '/nix/store/biy74lgnqnnb1gpz2cgpryrrd38r1bgm-rust_gix-config-0.50.0' from 'https://devenv.cachix.org'...
copying path '/nix/store/vf80bdwj63c3y5avd109wywg3s8451in-rust_getrandom-0.2.17' from 'https://devenv.cachix.org'...
copying path '/nix/store/c0yr9brjmab0gywrxbpdw1d6plqn04yz-gcc-prefix' from 'https://cache.nixos.org'...
building '/nix/store/kwv1pakvwh8zxmfg298zbp4p3ygvv21a-process-compose-wait.drv'...
copying path '/nix/store/69m9cbmal94wihikhjyy9vb053mn776q-python3.14-ml-dtypes-0.5.4' from 'https://cache.nixos.org'...
copying path '/nix/store/xf2fwjblmngdzasv1skhrzl9bwik4zr6-rust_futures-io-0.3.32-lib' from 'https://devenv.cachix.org'...
copying path '/nix/store/gsg3qmhlpm8flpbw1dwc418s58qv7gvj-rust_gix-config-value-0.16.0' from 'https://devenv.cachix.org'...
copying path '/nix/store/c8wf5kh4vp3pclli0ybr15yblig7cip4-rust_gix-date-0.12.1' from 'https://devenv.cachix.org'...
copying path '/nix/store/2l5wm19b747j796wnpb8a3zz3sylyasg-rust_gix-features-0.45.2' from 'https://devenv.cachix.org'...
copying path '/nix/store/wyip6imxd3d9f4hrp3k27iwgf7xzpqbd-rust_gix-fs-0.18.2' from 'https://devenv.cachix.org'...
copying path '/nix/store/0nzs3fc41d3rn0wd6npicp0cxr9y14pj-rust_gix-lock-20.0.1' from 'https://devenv.cachix.org'...
copying path '/nix/store/hbs5slzfxn260id3vh8dghgrj766fzcx-rust_gix-hash-0.21.2' from 'https://devenv.cachix.org'...
copying path '/nix/store/7j6007kr14x54s7sab3j7dmqnxarii92-rust_gix-glob-0.23.0' from 'https://devenv.cachix.org'...
copying path '/nix/store/51n5rqd3ga7if3z9ishpbr4hjdqk0zh1-rust_gix-hashtable-0.11.0' from 'https://devenv.cachix.org'...
copying path '/nix/store/vyp1wd2jsicy6wvpkimpavksgf1b3l66-rust_futures-sink-0.3.32-lib' from 'https://devenv.cachix.org'...
copying path '/nix/store/wiwknzmxpwl5bw6qkv8v7pnf86zlw0v1-rust_futures-task-0.3.32-lib' from 'https://devenv.cachix.org'...
copying path '/nix/store/06na94zypc4n8aphs4ncb0fnzbf7jypl-rust_futures-util-0.3.32-lib' from 'https://devenv.cachix.org'...
copying path '/nix/store/fivfsn6biabi6l278z8xbs3bvy73959k-rust_gix-actor-0.37.1-lib' from 'https://devenv.cachix.org'...
copying path '/nix/store/jbnvn2agpvcrckb9ljc5k0zl41pf1gg3-rust_getrandom-0.2.17-lib' from 'https://devenv.cachix.org'...
copying path '/nix/store/9p83wh8rda2nrnnwas8dblk9ndcww3xy-rust_gix-config-0.50.0-lib' from 'https://devenv.cachix.org'...
copying path '/nix/store/r3mxn4xvizl0mqjbhazscszkw67jfbli-rust_gimli-0.32.3-lib' from 'https://devenv.cachix.org'...
copying path '/nix/store/6qcd11mfflhnx25rn0ld6pvwh8kr5smi-rust_gix-config-value-0.16.0-lib' from 'https://devenv.cachix.org'...
copying path '/nix/store/f07bya421w86zsp06zml0i8lwy5vij10-rust_gix-date-0.12.1-lib' from 'https://devenv.cachix.org'...
building '/nix/store/jkd3js280l3mig3h2fcjhgwv8crmaq45-python3-3.14.6-env.drv'...
copying path '/nix/store/mi1l39dqdznifmni3yb8bg5a6cjhd89z-rust_gix-features-0.45.2-lib' from 'https://devenv.cachix.org'...
copying path '/nix/store/a344kwicymq4f6ccl59qm6a8vywnk3nc-rust_gix-fs-0.18.2-lib' from 'https://devenv.cachix.org'...
copying path '/nix/store/fg54s3543ay14y1lq4y2v3v5ipbq47ib-rust_gix-glob-0.23.0-lib' from 'https://devenv.cachix.org'...
copying path '/nix/store/d1p95g0a81z7p04p9hgakflh0bxqsgqw-rust_gix-hash-0.21.2-lib' from 'https://devenv.cachix.org'...
copying path '/nix/store/6vfy2s4my6gv9hffghdq9105lqwnylg7-rust_gix-hashtable-0.11.0-lib' from 'https://devenv.cachix.org'...
copying path '/nix/store/fq5pid7g6p69r5nqvp487ykxfyd7w5xk-rust_gix-lock-20.0.1-lib' from 'https://devenv.cachix.org'...
copying path '/nix/store/zf722ailxkg4ypp4zz2m4qzbz9wwzzk0-rust_gix-object-0.54.1' from 'https://devenv.cachix.org'...
copying path '/nix/store/5a1z8x23aswkjn0gwknmmw902vc687cv-rust_gix-path-0.10.22' from 'https://devenv.cachix.org'...
copying path '/nix/store/1rafzbp785wygbrirbnsqkqwrrakqbhb-rust_gix-ref-0.57.0' from 'https://devenv.cachix.org'...
copying path '/nix/store/fj4yvc2qgmw0q5i156ync0kj9zab7pdk-rust_gix-object-0.54.1-lib' from 'https://devenv.cachix.org'...
copying path '/nix/store/kjhbc17dqgw55qmkx3n0b432b8nnp9vg-rust_gix-path-0.10.22-lib' from 'https://devenv.cachix.org'...
copying path '/nix/store/hbv2kk1ydczvnnsm9bp9va8ndbw0j2s8-rust_gix-sec-0.12.2' from 'https://devenv.cachix.org'...
copying path '/nix/store/ydbk8q45d1m0fc8gfl8y7z7zrznvk67q-rust_gix-tempfile-20.0.1' from 'https://devenv.cachix.org'...
copying path '/nix/store/iwb3dmf8nsxg7jrdcry0x7z0ny90pv99-rust_gix-trace-0.1.19' from 'https://devenv.cachix.org'...
copying path '/nix/store/nv3hrqcdripy24qkbxd2x0jnjc2728bi-rust_gix-ref-0.57.0-lib' from 'https://devenv.cachix.org'...
copying path '/nix/store/0h05j1p8ym68vyk8bk9sab12wn2dlbnd-rust_gix-sec-0.12.2-lib' from 'https://devenv.cachix.org'...
copying path '/nix/store/aqhmazwwycbr894avgb360rm0i4qpyg5-rust_gix-tempfile-20.0.1-lib' from 'https://devenv.cachix.org'...
copying path '/nix/store/n09i379xzg9zhq81jcs9aqanbby7q8pn-rust_gix-trace-0.1.19-lib' from 'https://devenv.cachix.org'...
copying path '/nix/store/qrzq9qik6ydzyghaw2sy9wczdv98slrb-rust_gix-utils-0.3.2' from 'https://devenv.cachix.org'...
copying path '/nix/store/lwxk6mz0dkwza0w7p7sz6676h7w49sr0-rust_gix-validate-0.10.1' from 'https://devenv.cachix.org'...
copying path '/nix/store/73x228kgcmr0n6ywybhxdbla7gyl6zzl-rust_globset-0.4.18' from 'https://devenv.cachix.org'...
copying path '/nix/store/9wvnxcrjy75j2j2z1nmxp7lybz4jmyys-rust_h2-0.4.13' from 'https://devenv.cachix.org'...
copying path '/nix/store/w2ccwcs8kmz9nkx9h4iy1qia3kya9z1y-rust_hashbrown-0.15.5' from 'https://devenv.cachix.org'...
copying path '/nix/store/fl6blmciaffkjbij7rgi4s7xh2zwxr1a-rust_hashbrown-0.16.1' from 'https://devenv.cachix.org'...
copying path '/nix/store/2z8fvlyz7xyd9bzqhrxpnf30lv4dd0q6-rust_globset-0.4.18-lib' from 'https://devenv.cachix.org'...
copying path '/nix/store/xbfsz33fh4py2i24b61as4w56id5qd0j-rust_gix-utils-0.3.2-lib' from 'https://devenv.cachix.org'...
copying path '/nix/store/2wcln19dd2c6sja0kvpv44bik33vgpva-rust_gix-validate-0.10.1-lib' from 'https://devenv.cachix.org'...
copying path '/nix/store/rss9q3jcbmfvqbggxppwi24dsnmfw5wi-rust_h2-0.4.13-lib' from 'https://devenv.cachix.org'...
copying path '/nix/store/k1am3lnm8jbcxbdrdmn2vngqc423r6ll-rust_hashbrown-0.17.0' from 'https://devenv.cachix.org'...
copying path '/nix/store/l1i2n6cn9s88443kgpr8qfy1zc5igqf8-rust_hashbrown-0.15.5-lib' from 'https://devenv.cachix.org'...
copying path '/nix/store/smls7hyl2qrhzh4xjsap538rjdffah19-rust_hashbrown-0.16.1-lib' from 'https://devenv.cachix.org'...
copying path '/nix/store/z6nsx4walgirs8gspkif4clndgv0xn88-rust_hashbrown-0.17.0-lib' from 'https://devenv.cachix.org'...
copying path '/nix/store/rkpindmgmigizki4shrpx9xpml34ckhz-rust_hashlink-0.10.0' from 'https://devenv.cachix.org'...
copying path '/nix/store/4mgsh6yfy5p50amkczjjdkr8x1vsvh6m-rust_heck-0.5.0' from 'https://devenv.cachix.org'...
copying path '/nix/store/fdnvx6a4vvvk00bqf4f2xkqi2gfkfign-rust_hashlink-0.10.0-lib' from 'https://devenv.cachix.org'...
copying path '/nix/store/74wghz00ngh6xpqid9zdg7spf661y77k-rust_hex-0.4.3' from 'https://devenv.cachix.org'...
copying path '/nix/store/6myicgvcb6f14wmsfa2wpla9b82qf9h9-rust_heck-0.5.0-lib' from 'https://devenv.cachix.org'...
copying path '/nix/store/j8a8cbh7fdz5srcwgn6zffdi0xh7w7a0-rust_http-1.4.0' from 'https://devenv.cachix.org'...
copying path '/nix/store/9hvp67y0c5bdf1sl9alwgp5f52zsxgkl-rust_http-body-1.0.1' from 'https://devenv.cachix.org'...
copying path '/nix/store/mhdvchk9izqx6ygri18s82dpiygd6dji-rust_hex-0.4.3-lib' from 'https://devenv.cachix.org'...
copying path '/nix/store/5i2nl2bj0krxgyy35xhbhiyxqfxxzckc-rust_http-1.4.0-lib' from 'https://devenv.cachix.org'...
copying path '/nix/store/axlzmhcfp86sj32z2vp8l7h26jk1w05g-rust_http-body-1.0.1-lib' from 'https://devenv.cachix.org'...
copying path '/nix/store/635p065ag1s7a4x9l62v45rbhg3bbp05-rust_http-body-util-0.1.3' from 'https://devenv.cachix.org'...
copying path '/nix/store/i4x8xbk1smc752gbfwwkdzb0gx2yb57k-rust_httparse-1.10.1' from 'https://devenv.cachix.org'...
copying path '/nix/store/kdr3x0dfi9ywlh3bnc9zdq1hpw2h0zs2-rust_http-body-util-0.1.3-lib' from 'https://devenv.cachix.org'...
copying path '/nix/store/p4r3l86i4zcx383zyzs1s26kq9qd62h8-rust_humantime-2.3.0' from 'https://devenv.cachix.org'...
copying path '/nix/store/z9hfs0l5mb5lcrpc99g817r5kqlk4mpz-rust_hybrid-array-0.4.11' from 'https://devenv.cachix.org'...
copying path '/nix/store/p5rmh222qiw9hb7zn80rmnx1zwjm6bn0-rust_hyper-1.9.0' from 'https://devenv.cachix.org'...
copying path '/nix/store/cgiyjkp0fbzml3rbfvxphwffhbp06xd7-rust_hyper-rustls-0.27.9' from 'https://devenv.cachix.org'...
copying path '/nix/store/v5qn7jsrsrfrb5a1ypymflzrds7hpr2c-rust_humantime-2.3.0-lib' from 'https://devenv.cachix.org'...
copying path '/nix/store/k39c25ahvqp20xq2kjmljjlr6faqjx7m-rust_hyper-util-0.1.20' from 'https://devenv.cachix.org'...
copying path '/nix/store/51byjgj6za896ingqqr3078bjawswf5x-rust_icu_collections-2.2.0' from 'https://devenv.cachix.org'...
copying path '/nix/store/zqx4drhlrb8dp86lzd69brmrx7m42f2a-rust_hybrid-array-0.4.11-lib' from 'https://devenv.cachix.org'...
copying path '/nix/store/hskl7k98z285ycfldck1ixb7d2kyp954-rust_hyper-1.9.0-lib' from 'https://devenv.cachix.org'...
copying path '/nix/store/zczr5zvbyxl56la8vzgqwp68059k7w8v-rust_icu_locale_core-2.2.0' from 'https://devenv.cachix.org'...
copying path '/nix/store/q7dg29gljxpp5k0md6x39n8sk436kqfa-rust_icu_normalizer-2.2.0' from 'https://devenv.cachix.org'...
copying path '/nix/store/ipcv8y8pzwdikf0dpfqsirkr640nna8c-rust_icu_normalizer_data-2.2.0' from 'https://devenv.cachix.org'...
copying path '/nix/store/6yd7yvyxn8yqkj7ybh2dnmhl625dbd14-rust_icu_properties-2.2.0' from 'https://devenv.cachix.org'...
copying path '/nix/store/rw1hc3kclbm54gcib4w8dxysgijmv9sk-rust_hyper-util-0.1.20-lib' from 'https://devenv.cachix.org'...
copying path '/nix/store/i5gwcg78whnx5gladsmjxbhmhgd2c86m-rust_icu_collections-2.2.0-lib' from 'https://devenv.cachix.org'...
copying path '/nix/store/giidpn8pwpi5xpk2iqp5b39502d6qgrk-rust_icu_locale_core-2.2.0-lib' from 'https://devenv.cachix.org'...
copying path '/nix/store/da4bk00s5cncypm3dplqcdx24rywbzbb-rust_icu_normalizer-2.2.0-lib' from 'https://devenv.cachix.org'...
copying path '/nix/store/g6b0gzh54kvf5y241lcls8cavda0yxp8-rust_icu_properties_data-2.2.0' from 'https://devenv.cachix.org'...
copying path '/nix/store/0s3rxzzckbjghwh7j39f4svzgr391lvj-rust_icu_properties-2.2.0-lib' from 'https://devenv.cachix.org'...
copying path '/nix/store/pjx9zris2v5l5vqv84x6aqc5v4ipdpf8-rust_icu_provider-2.2.0' from 'https://devenv.cachix.org'...
copying path '/nix/store/43p6m8k111dwxyvh9q86j5kbwfnvjwnz-rust_ident_case-1.0.1' from 'https://devenv.cachix.org'...
copying path '/nix/store/966dfynydc1fsafcamrnvgw54jk4r3cv-rust_idna-1.1.0' from 'https://devenv.cachix.org'...
copying path '/nix/store/kynvmk6hnw0jll6854jcd42cs5zb6gch-rust_idna_adapter-1.2.2' from 'https://devenv.cachix.org'...
copying path '/nix/store/k4dfh5hncc4s3s2a0giqqfz1frgif8f9-rust_icu_provider-2.2.0-lib' from 'https://devenv.cachix.org'...
copying path '/nix/store/drlc8hgxq06bd5w41n8w8ccani6gvbpr-rust_ident_case-1.0.1-lib' from 'https://devenv.cachix.org'...
copying path '/nix/store/b9qfhzsdj8l3znaka0xff6smd3jqml6f-rust_idna-1.1.0-lib' from 'https://devenv.cachix.org'...
copying path '/nix/store/frnvyqfl2y5rgln82aaywkb5nxxxsf4p-rust_ignore-0.4.25' from 'https://devenv.cachix.org'...
copying path '/nix/store/gycx4j4phgsm3jz16qf6w8zmmysmz4fp-rust_idna_adapter-1.2.2-lib' from 'https://devenv.cachix.org'...
copying path '/nix/store/by6pca9rwc7fxam1hgrrrpany91z4myr-rust_ignore-0.4.25-lib' from 'https://devenv.cachix.org'...
copying path '/nix/store/4zvj2wippv33014rdxrr2qmzrfnppy5g-rust_ignore-files-3.0.5' from 'https://devenv.cachix.org'...
copying path '/nix/store/3drmkjr6fi4vf1y3l4d4pzx161xw0p67-rust_indexmap-2.14.0' from 'https://devenv.cachix.org'...
copying path '/nix/store/7lgm4hm6c5ps2iidi1fnl8b21wxd9hxg-rust_ignore-files-3.0.5-lib' from 'https://devenv.cachix.org'...
copying path '/nix/store/xrhqhnyqwqywvzlry5lx489mmp7y3iqa-rust_inotify-0.11.1' from 'https://devenv.cachix.org'...
copying path '/nix/store/mpv5k17f2zdpdm862g51qixv3jhkgycd-rust_indexmap-2.14.0-lib' from 'https://devenv.cachix.org'...
copying path '/nix/store/23agcfiig9bq9r3m3jzbpld17wgda71v-rust_inotify-sys-0.1.5' from 'https://devenv.cachix.org'...
copying path '/nix/store/abnd2ifm4gyk7abny1w8qpxb4sk093mg-rust_inotify-0.11.1-lib' from 'https://devenv.cachix.org'...
copying path '/nix/store/sh3p42m47vzblvyh8krn4r33hjw5nnvf-rust_ipnet-2.12.0' from 'https://devenv.cachix.org'...
copying path '/nix/store/cqkzvgxkp476yqwfiq2q6y8m18vjd9i0-rust_inotify-sys-0.1.5-lib' from 'https://devenv.cachix.org'...
copying path '/nix/store/fs5gfmdyrf8accgn0pwpr80janr9n0aj-rust_iri-string-0.7.12' from 'https://devenv.cachix.org'...
copying path '/nix/store/6d6rzgh71w67gm7jd2bd66pxlkscw2s4-rust_is_ci-1.2.0' from 'https://devenv.cachix.org'...
copying path '/nix/store/xhzd6617vwr5si6089nq2liqmw8ccsvb-rust_is_terminal_polyfill-1.70.2' from 'https://devenv.cachix.org'...
copying path '/nix/store/jqckbjvybgmlvlp62lrlp991sqvlyspc-rust_itoa-1.0.18' from 'https://devenv.cachix.org'...
copying path '/nix/store/qrhgyidwqf7an9qm9s65n8f86scwi1yc-rust_ipnet-2.12.0-lib' from 'https://devenv.cachix.org'...
copying path '/nix/store/jjlx8xwc4nrmzplnk0ws85f9si31b457-rust_iri-string-0.7.12-lib' from 'https://devenv.cachix.org'...
copying path '/nix/store/1i8idbnzibymn267bf3012vsqs6d6rdy-rust_is_ci-1.2.0-lib' from 'https://devenv.cachix.org'...
copying path '/nix/store/ir5kaxf17hqsas8j8rr4q3ahn0m0al3k-rust_jiff-0.2.24' from 'https://devenv.cachix.org'...
copying path '/nix/store/agnjn9k29cl3k1dv13zcmvpwx5k1ryic-rust_itoa-1.0.18-lib' from 'https://devenv.cachix.org'...
copying path '/nix/store/hl51lg8b0sz81kim3l1s3042z9v1xzk0-rust_is_terminal_polyfill-1.70.2-lib' from 'https://devenv.cachix.org'...
copying path '/nix/store/lj1858r9all0blw99k7q6fsshds4bq31-rust_jiff-0.2.24-lib' from 'https://devenv.cachix.org'...
copying path '/nix/store/0i5j44s0a4q9lbj95wdhn8d8r8bcgzv5-rust_lazy_static-1.5.0' from 'https://devenv.cachix.org'...
copying path '/nix/store/qm75l35jg92m00r1kfkvhf9f6fmj80vr-rust_libc-0.2.186' from 'https://devenv.cachix.org'...
copying path '/nix/store/6y7k3fqanaqm6p414jymy2s3qap16lmr-rust_libsqlite3-sys-0.30.1' from 'https://devenv.cachix.org'...
copying path '/nix/store/bfmg1w1n49s1zyzh1b6qpnhvvvk04d8p-rust_lazy_static-1.5.0-lib' from 'https://devenv.cachix.org'...
copying path '/nix/store/sdm05q1am0sg9jy3n79wyc7568dypw74-rust_linux-raw-sys-0.12.1' from 'https://devenv.cachix.org'...
copying path '/nix/store/hff4d14021bi4fqag53gp7nmlghw0lhg-rust_litemap-0.8.2' from 'https://devenv.cachix.org'...
copying path '/nix/store/5r49w4swydpknjhf9n3ghcpy5v74miaw-rust_lock_api-0.4.14' from 'https://devenv.cachix.org'...
copying path '/nix/store/61prczids3fi8ash11pqna101hxf2fwp-rust_log-0.4.29' from 'https://devenv.cachix.org'...
copying path '/nix/store/w6n5nqnvcc77bx2j8lrlxpnz0nmvkcc8-rust_linux-raw-sys-0.12.1-lib' from 'https://devenv.cachix.org'...
copying path '/nix/store/lv9whb8jwwy5fh69clqf4md36grh59xl-rust_litemap-0.8.2-lib' from 'https://devenv.cachix.org'...
copying path '/nix/store/7srzbilhc1kkrh90601h9vbzxbf2pp9d-rust_lock_api-0.4.14-lib' from 'https://devenv.cachix.org'...
copying path '/nix/store/1bijz21lq6d4lpwczpqcl4sz9zw8b7x7-rust_log-0.4.29-lib' from 'https://devenv.cachix.org'...
copying path '/nix/store/p9ivajhqlxysrn3ml81vnmalq85lqi8p-rust_matchers-0.2.0' from 'https://devenv.cachix.org'...
copying path '/nix/store/b268x695jwi1izvdp5zvz768q88zbc36-rust_memchr-2.8.0' from 'https://devenv.cachix.org'...
copying path '/nix/store/rvzj609b3cfks0s2gxs3vafrd9xdayvy-rust_memmap2-0.9.10' from 'https://devenv.cachix.org'...
copying path '/nix/store/1wakkc6v9km8qfszs8jjlgfq6chwzslf-rust_matchers-0.2.0-lib' from 'https://devenv.cachix.org'...
copying path '/nix/store/pa6klww6hq6sgl0q67rnnc640b4p7fr8-rust_miette-7.6.0' from 'https://devenv.cachix.org'...
copying path '/nix/store/5fdjczv68nnkfmkgmjhb8idzv8377mj0-rust_memchr-2.8.0-lib' from 'https://devenv.cachix.org'...
copying path '/nix/store/q3p2p50fgx707z8qii6swy6srr1r1lkv-rust_memmap2-0.9.10-lib' from 'https://devenv.cachix.org'...
copying path '/nix/store/sqvj79l159kmg21njpjf8j9iy6c6whd9-rust_miette-derive-7.6.0' from 'https://devenv.cachix.org'...
copying path '/nix/store/xx0r5s6hf2r74wq2idma90xkw1ps42m7-rust_mime-0.3.17' from 'https://devenv.cachix.org'...
copying path '/nix/store/ikv01k0yhwvr9inv3ksypx4r5qm18nip-rust_miette-7.6.0-lib' from 'https://devenv.cachix.org'...
copying path '/nix/store/c8klmvmpqxq3jlwrlnp8fjyh00ixzchc-rust_miniz_oxide-0.8.9' from 'https://devenv.cachix.org'...
copying path '/nix/store/22m3jw2hxwr7jzhhwd4w40jwajlq5w58-rust_mime-0.3.17-lib' from 'https://devenv.cachix.org'...
copying path '/nix/store/j211xzj3v9az4paik11v19k4whqimhaa-rust_mio-1.2.0' from 'https://devenv.cachix.org'...
copying path '/nix/store/qa3pcf0x6k3qhd0kbgq2kl66ridq75zq-rust_netlink-packet-core-0.7.0' from 'https://devenv.cachix.org'...
copying path '/nix/store/gii0g6vfgvqa1wc1niz08l8s9k6ppdx4-rust_netlink-packet-sock-diag-0.4.2' from 'https://devenv.cachix.org'...
copying path '/nix/store/v88xvlk043zgjpky21n623p2sfl52ypm-rust_miniz_oxide-0.8.9-lib' from 'https://devenv.cachix.org'...
copying path '/nix/store/rqq96fqsy74hb4f6v8znf7ijznr01ia4-rust_netlink-packet-utils-0.5.2' from 'https://devenv.cachix.org'...
copying path '/nix/store/c35lddx7mpswn395kj7ibbvs3cj660w1-rust_mio-1.2.0-lib' from 'https://devenv.cachix.org'...
copying path '/nix/store/g3fq22wrmn7kkc9v12r9s7x8in539vz4-rust_netlink-packet-core-0.7.0-lib' from 'https://devenv.cachix.org'...
copying path '/nix/store/1zwfn2i2dyx3nnf9zsib5ka8jdd350pa-rust_netlink-packet-sock-diag-0.4.2-lib' from 'https://devenv.cachix.org'...
copying path '/nix/store/pxl44z7hqkn4mhrl0kaz0s7ddwr0kzbf-rust_netlink-sys-0.8.8' from 'https://devenv.cachix.org'...
copying path '/nix/store/vfh4zl5lzdd8g5dhz8a7m18bwd4wyr6z-rust_netlink-packet-utils-0.5.2-lib' from 'https://devenv.cachix.org'...
copying path '/nix/store/4s4ji3xk37iqabqqzf0bkgzj3lgh7618-rust_netlink-sys-0.8.8-lib' from 'https://devenv.cachix.org'...
copying path '/nix/store/jcw7b78l22qs7savmxrh501hisf433vn-rust_netstat2-0.11.2' from 'https://devenv.cachix.org'...
copying path '/nix/store/27yb9cyf2q1zj7m33v66hngpng9iblcb-rust_nibble_vec-0.1.0' from 'https://devenv.cachix.org'...
copying path '/nix/store/f58isz3ckf1f4k1xxg19xdp6i03a15b2-rust_nix-0.28.0' from 'https://devenv.cachix.org'...
copying path '/nix/store/a77sz3g0lmw1sgwimc2amxdfwpld5gvw-rust_nix-0.30.1' from 'https://devenv.cachix.org'...
copying path '/nix/store/1f1xl4hq61rr1ypazpgs1fj1w7sh3vwk-rust_nix-0.31.2' from 'https://devenv.cachix.org'...
copying path '/nix/store/4cb6scv8c5j6biivp9qbp28mz7s6rsmw-rust_normalize-path-0.2.1' from 'https://devenv.cachix.org'...
copying path '/nix/store/2w6mqhp0y3nxd5pglyxq8qlad242f1lq-rust_nibble_vec-0.1.0-lib' from 'https://devenv.cachix.org'...
copying path '/nix/store/3fzdyf1w53bjkkvs52abj476j0n2gsqw-rust_notify-types-2.1.0' from 'https://devenv.cachix.org'...
copying path '/nix/store/cy0hbgfqpvqlbccyn9b1382sk8dzi729-rust_notify-8.2.0' from 'https://devenv.cachix.org'...
copying path '/nix/store/4b71h24hq1v066bcpdn2i9c962gif3dk-rust_nu-ansi-term-0.50.3' from 'https://devenv.cachix.org'...
copying path '/nix/store/an58gpw86drd33q2clacx059si5fjq3x-rust_num-conv-0.2.1' from 'https://devenv.cachix.org'...
copying path '/nix/store/0m8ddfaf4idhwq3q4bpiidr8n1948nhc-rust_normalize-path-0.2.1-lib' from 'https://devenv.cachix.org'...
copying path '/nix/store/lgvpspsjvkq9psjrg1k08jfgbz7rl0ca-rust_num-traits-0.2.19' from 'https://devenv.cachix.org'...
copying path '/nix/store/n3maws37yr858x7zryp757ls58wlmwxf-rust_notify-types-2.1.0-lib' from 'https://devenv.cachix.org'...
copying path '/nix/store/xjh46842zv0qs24jz00szz76wwrxfryk-rust_notify-8.2.0-lib' from 'https://devenv.cachix.org'...
copying path '/nix/store/rbdwhfxxjifwk8gjpii6s28ci77mq65r-rust_nu-ansi-term-0.50.3-lib' from 'https://devenv.cachix.org'...
copying path '/nix/store/ph532aqvimbdjnn1an7safwyz54ib11r-rust_num-conv-0.2.1-lib' from 'https://devenv.cachix.org'...
copying path '/nix/store/j4z70ycmc8v6icjh5mjfkcjsx374k978-rust_object-0.37.3' from 'https://devenv.cachix.org'...
copying path '/nix/store/gqij88nxvw61bwv0g78g5q52awxk68q5-rust_once_cell-1.21.4' from 'https://devenv.cachix.org'...
copying path '/nix/store/dzjwd6lnar04l0cv6fq5kdkq9xwhc2sj-rust_openssl-probe-0.2.1' from 'https://devenv.cachix.org'...
copying path '/nix/store/370a1yj070ijm8vp7jk64nqcmngkxvfa-rust_owo-colors-4.3.0' from 'https://devenv.cachix.org'...
copying path '/nix/store/v6fl0c6y8nd4aih2y0bzpxmgyg9dhmqd-rust_parking-2.2.1' from 'https://devenv.cachix.org'...
copying path '/nix/store/n52dcvb9zpp5ikyv4q2690fx6g99wa3x-rust_parking_lot-0.12.5' from 'https://devenv.cachix.org'...
copying path '/nix/store/vh3y6lf9apx2d46xpk832gjvrlqsq0zw-rust_once_cell-1.21.4-lib' from 'https://devenv.cachix.org'...
copying path '/nix/store/9dn5hzqzs4h4ybj1v9ymw22blx8sanb6-rust_parking_lot_core-0.9.12' from 'https://devenv.cachix.org'...
copying path '/nix/store/shmjmx5v96gjfvrn6scm9svwc34mdfcs-rust_openssl-probe-0.2.1-lib' from 'https://devenv.cachix.org'...
copying path '/nix/store/84hxaqw1ln2d8g3ljn51p6dj9i8w88x8-rust_paste-1.0.15' from 'https://devenv.cachix.org'...
copying path '/nix/store/51a4fi50qhjl3z1i9d5wdphckp96n8cx-rust_parking-2.2.1-lib' from 'https://devenv.cachix.org'...
copying path '/nix/store/687h3jw6k9pyisv6xvjpx1xvrfibxvy5-rust_parking_lot-0.12.5-lib' from 'https://devenv.cachix.org'...
copying path '/nix/store/qfw7p8qwx4q5q9i4djhdaa36c766lacc-rust_percent-encoding-2.3.2' from 'https://devenv.cachix.org'...
copying path '/nix/store/gdjsm4kxbjkgys7yvfgiyx2my9sm46a7-rust_petgraph-0.8.3' from 'https://devenv.cachix.org'...
copying path '/nix/store/d542w2dx219jzkxkw8avsz5wjzsk70ha-rust_pin-project-lite-0.2.17' from 'https://devenv.cachix.org'...
copying path '/nix/store/g7mbc8gxh4zgm7y4va7yh8bzlyz90wjb-rust_percent-encoding-2.3.2-lib' from 'https://devenv.cachix.org'...
copying path '/nix/store/r9sjmpl5lwsjxcd46djlc5dlzrkf0war-rust_petgraph-0.8.3-lib' from 'https://devenv.cachix.org'...
copying path '/nix/store/1c5iyr496dkj6d3aff09x4f652ykzx9z-rust_pin-project-lite-0.2.17-lib' from 'https://devenv.cachix.org'...
copying path '/nix/store/076jr5s7kfa29qzjzmcs9x6366amljps-rust_portable-atomic-1.13.1' from 'https://devenv.cachix.org'...
copying path '/nix/store/jirpjjgjj4mkbma5mi864pmrziq4dvk9-rust_portable-atomic-util-0.2.7' from 'https://devenv.cachix.org'...
copying path '/nix/store/gs404ng83ag178nzx04iyq2cgs8s93m3-rust_portable-pty-0.9.0' from 'https://devenv.cachix.org'...
copying path '/nix/store/6ywsd6r86mnyzgalmrqq4zl3d3pyhfnz-rust_potential_utf-0.1.5' from 'https://devenv.cachix.org'...
copying path '/nix/store/69fwf5f290c1ld40g9y2ijxlqh62f2c8-rust_powerfmt-0.2.0' from 'https://devenv.cachix.org'...
copying path '/nix/store/an5vg1as74h139b4w4bksdgfviaskv5x-rust_proc-macro2-1.0.106' from 'https://devenv.cachix.org'...
copying path '/nix/store/msiw0sc8yshniff1pkqd16lgkz35gmg8-rust_process-wrap-9.1.0' from 'https://devenv.cachix.org'...
copying path '/nix/store/lg7mjjv81bli5dkrych7kpha0aawqpmj-rust_prodash-30.0.1' from 'https://devenv.cachix.org'...
copying path '/nix/store/r02iv2nbmm1q0pw1mc4j31698byky574-rust_project-origins-1.4.2' from 'https://devenv.cachix.org'...
copying path '/nix/store/1ihxiidp4ncrni4sx38qh2j20ywnib0j-rust_portable-pty-0.9.0-lib' from 'https://devenv.cachix.org'...
copying path '/nix/store/pv9i7rj9mi0rygry03b5j91vhbkv5shi-rust_quote-1.0.45' from 'https://devenv.cachix.org'...
copying path '/nix/store/rmqrj3w5iazb0wixbpialx50m8yl0r6m-rust_potential_utf-0.1.5-lib' from 'https://devenv.cachix.org'...
copying path '/nix/store/6mnhbrwf5b6mdd59vxk0qcs172dxqwip-rust_powerfmt-0.2.0-lib' from 'https://devenv.cachix.org'...
copying path '/nix/store/il6gakaww0mbajbfgv40m2vyj0s2m7m0-rust_radix_trie-0.3.0' from 'https://devenv.cachix.org'...
copying path '/nix/store/y1qg19hxi50q59zhlng4p3p1mqi0vpgg-rust_process-wrap-9.1.0-lib' from 'https://devenv.cachix.org'...
copying path '/nix/store/h78k9p80qa6s8s5gbwhyn3hnd407kvrm-rust_regex-automata-0.4.14' from 'https://devenv.cachix.org'...
copying path '/nix/store/ncp9waff4lb5k8ihh7x6qcbzv9g459dc-rust_prodash-30.0.1-lib' from 'https://devenv.cachix.org'...
copying path '/nix/store/17bqrgv91scrgc0a05bpjwk1pwg65qna-rust_regex-syntax-0.8.10' from 'https://devenv.cachix.org'...
copying path '/nix/store/07cq6sq6z6mp7swywg5xlminhjv4a239-rust_reqwest-0.13.3' from 'https://devenv.cachix.org'...
copying path '/nix/store/43nyzv4a3cicc36m8shcnpzx2bczf3b9-rust_project-origins-1.4.2-lib' from 'https://devenv.cachix.org'...
copying path '/nix/store/yl5jnifz1rcx7fjc830d6iw21dgz2p2f-rust_radix_trie-0.3.0-lib' from 'https://devenv.cachix.org'...
copying path '/nix/store/kdxsmmnjkrxp0fv4nhgq8hsl569mcip8-rust_regex-automata-0.4.14-lib' from 'https://devenv.cachix.org'...
copying path '/nix/store/2z3hwgxnsb98cn48wgwm5lpmz4vlpqb9-rust_ring-0.17.14' from 'https://devenv.cachix.org'...
copying path '/nix/store/b3s4hgdjf8vpivnjyi2l1jyhhi82ykwv-rust_rustc-demangle-0.1.27' from 'https://devenv.cachix.org'...
copying path '/nix/store/qh7dd91zaai8xgixr9vy62n0kjds83ls-rust_regex-syntax-0.8.10-lib' from 'https://devenv.cachix.org'...
copying path '/nix/store/gxp41sqvgwjnrsxmks7iqrgj9islim1r-rust_rustix-1.1.4' from 'https://devenv.cachix.org'...
copying path '/nix/store/n8r7ll3qlypnvhwdhpz4v4a6yabj86vy-rust_rustc-demangle-0.1.27-lib' from 'https://devenv.cachix.org'...
copying path '/nix/store/v6kx589c63pywrfs7xr8szb1ws4qm1bv-rust_rustls-0.23.40' from 'https://devenv.cachix.org'...
copying path '/nix/store/vj6i8lpdmg1mjmkvilr25xc1hfmpvzzc-rust_rustls-native-certs-0.8.3' from 'https://devenv.cachix.org'...
copying path '/nix/store/2pd0q91yrs81fk0iy31703kj7d7gvb2v-rust_rustls-pki-types-1.14.1' from 'https://devenv.cachix.org'...
copying path '/nix/store/c6dshqi615mbhqklw8szx3hxrfk52a86-rust_rustls-platform-verifier-0.7.0' from 'https://devenv.cachix.org'...
copying path '/nix/store/13n8hmzdhfnb909qymlr7dz05da9wv3i-rust_rustls-native-certs-0.8.3-lib' from 'https://devenv.cachix.org'...
copying path '/nix/store/nydnp71bj5vyv0sq4cv506fzsiwfgvh3-rust_rustls-pki-types-1.14.1-lib' from 'https://devenv.cachix.org'...
copying path '/nix/store/gnyha2v7wnicrfd6mzibwz39py5f01k5-rust_rustls-webpki-0.103.13' from 'https://devenv.cachix.org'...
copying path '/nix/store/sbdv299harkg75523k8q780vzzbp3x74-rust_ryu-1.0.23' from 'https://devenv.cachix.org'...
copying path '/nix/store/l88qx0link5vfprc3krzgpbijmsk0dkz-rust_same-file-1.0.6' from 'https://devenv.cachix.org'...
copying path '/nix/store/qb7z30g1hvfw2593mfxy9mimh0mbcb4p-rust_scopeguard-1.2.0' from 'https://devenv.cachix.org'...
copying path '/nix/store/5jzjyskqrcjmp2mp7br24zvlabqgnhr0-rust_serde-1.0.228' from 'https://devenv.cachix.org'...
copying path '/nix/store/9fr3d98bgh9mfxcprpa1yh7j13zj8ns2-rust_serde_core-1.0.228' from 'https://devenv.cachix.org'...
copying path '/nix/store/pgl85b1mnlkvrmhwygx66q3w76mnrj6k-rust_ryu-1.0.23-lib' from 'https://devenv.cachix.org'...
copying path '/nix/store/g80bkhg64i4lfmnsci47w4cp6iw4x94p-rust_same-file-1.0.6-lib' from 'https://devenv.cachix.org'...
copying path '/nix/store/gyxlvybv0p7y77wb6mcqzvpmb339xi7j-rust_serde_derive-1.0.228' from 'https://devenv.cachix.org'...
copying path '/nix/store/9f49va3a4hnriirj84hr8fy32x5izp2c-rust_serde_json-1.0.149' from 'https://devenv.cachix.org'...
copying path '/nix/store/0vb6l52p2yr08y63lp9l9704da79v8r4-rust_scopeguard-1.2.0-lib' from 'https://devenv.cachix.org'...
copying path '/nix/store/0pbi3zfqd14add9r9cs5n0dqyi3pyfmf-rust_serde_urlencoded-0.7.1' from 'https://devenv.cachix.org'...
copying path '/nix/store/vkjp4y1ywav1kcm7bd2zcbh1n57sdnbn-rust_serde_with-3.19.0' from 'https://devenv.cachix.org'...
copying path '/nix/store/hihc26a890cbh5kvv2hjbjgq1w331v11-rust_serde_with_macros-3.19.0' from 'https://devenv.cachix.org'...
copying path '/nix/store/ys8d8cmk5nfswrmp438q8fv1i3canbnz-rust_serial2-0.2.36' from 'https://devenv.cachix.org'...
copying path '/nix/store/rm12zpyhqk074b96dbx1fav0dmr6djwa-rust_serde_urlencoded-0.7.1-lib' from 'https://devenv.cachix.org'...
copying path '/nix/store/9na44i72jnfyqqwikc2zys9fvg9khgki-rust_serde_with-3.19.0-lib' from 'https://devenv.cachix.org'...
copying path '/nix/store/237zlsqrhj2x1hnzj9rkh9xq9l3rajcv-rust_sha1-0.10.6' from 'https://devenv.cachix.org'...
copying path '/nix/store/0q55nsgi509bqz2vkqdk35f8j9pgk7jw-rust_sha1-checked-0.10.0' from 'https://devenv.cachix.org'...
copying path '/nix/store/j9mcwqpsav07bypxnfv3rbhhyl1ms0p6-rust_serial2-0.2.36-lib' from 'https://devenv.cachix.org'...
copying path '/nix/store/lf78ailz18jnagb8lpcjak0dq7938n9m-rust_sha2-0.10.9' from 'https://devenv.cachix.org'...
copying path '/nix/store/xq36kcy969qfg2adzplm139q1s9y2n90-rust_sha1-0.10.6-lib' from 'https://devenv.cachix.org'...
copying path '/nix/store/qcpri3797xpkwl22k8zg10sfcm5x070n-rust_sha1-checked-0.10.0-lib' from 'https://devenv.cachix.org'...
copying path '/nix/store/j6hrcn2gfh7pc2kzc8w8h612bw7hyf9l-rust_sha2-0.10.9-lib' from 'https://devenv.cachix.org'...
copying path '/nix/store/c6ka2zbba2c6pdbrv2b2dmd5lrjw2mc2-rust_sha2-0.11.0' from 'https://devenv.cachix.org'...
copying path '/nix/store/piigqakawbxi47d4s23br2gp4z3i5jql-rust_sharded-slab-0.1.7' from 'https://devenv.cachix.org'...
copying path '/nix/store/5gfzqzq8csqblq8qsy14lc889a7l457w-rust_shell-escape-0.1.5' from 'https://devenv.cachix.org'...
copying path '/nix/store/qxws9k2mdkzvw3a6fq3hbbm47ih9wy2g-rust_sha2-0.11.0-lib' from 'https://devenv.cachix.org'...
copying path '/nix/store/4l0jqcscd4ma3qrrwihlwmslhrlvfqlw-rust_shell-words-1.1.1' from 'https://devenv.cachix.org'...
copying path '/nix/store/gjb2bmnhkz3i8avf88ipl9lsczpzd09g-rust_signal-hook-0.4.4' from 'https://devenv.cachix.org'...
copying path '/nix/store/4qdd49x8k6c71qcx4j4kp83rmj40i7f4-rust_signal-hook-registry-1.4.8' from 'https://devenv.cachix.org'...
copying path '/nix/store/4f2zaz6731vpgayxks4pdrxdg6ri78ps-rust_sharded-slab-0.1.7-lib' from 'https://devenv.cachix.org'...
copying path '/nix/store/7x686j7w7d5wp73si1qd9693c8znj5qh-rust_shell-escape-0.1.5-lib' from 'https://devenv.cachix.org'...
copying path '/nix/store/5crzkzc1czyvlp23zd4v90l63932ix5s-rust_signal-hook-tokio-0.4.0' from 'https://devenv.cachix.org'...
copying path '/nix/store/6drir8lbpzdwsbmm4ba24j5cwamz88iw-rust_shell-words-1.1.1-lib' from 'https://devenv.cachix.org'...
copying path '/nix/store/whzxwfsarhzcy4g31f5yban87bwppxiq-rust_slab-0.4.12' from 'https://devenv.cachix.org'...
copying path '/nix/store/c7m3w5jnsqg7qa7nba6qgi290d900pvx-rust_signal-hook-registry-1.4.8-lib' from 'https://devenv.cachix.org'...
copying path '/nix/store/vcz7fk9jkwyyll0kaasjgpbipiznl5q7-rust_signal-hook-tokio-0.4.0-lib' from 'https://devenv.cachix.org'...
copying path '/nix/store/9hin6pi3h49qvkl5a75z9rzpvzn9mphl-rust_slab-0.4.12-lib' from 'https://devenv.cachix.org'...
copying path '/nix/store/0r35k9i5frmk610dlv2a4alkk7qwnrac-rust_smallvec-1.15.1' from 'https://devenv.cachix.org'...
copying path '/nix/store/fbbba5165hjhhhdcl35nb3rdhp6x6f9w-rust_socket2-0.6.3' from 'https://devenv.cachix.org'...
copying path '/nix/store/dvfy2xl780adm5gr6g2wfplqjklmzfli-rust_smallvec-1.15.1-lib' from 'https://devenv.cachix.org'...
copying path '/nix/store/yj7lix15p2rizn9wr0ji6j0imbzhyfhr-rust_socket2-0.6.3-lib' from 'https://devenv.cachix.org'...
copying path '/nix/store/lgpdsvqvmzghvfbpc9wh08c5bmag50h5-rust_spin-0.9.8' from 'https://devenv.cachix.org'...
copying path '/nix/store/0l0qbhpwyv7wr7f16vn91jdv34h0csvy-rust_sqlx-0.8.6' from 'https://devenv.cachix.org'...
copying path '/nix/store/r7gp7kl1369wdp0ibsqmbgk9nkgvw41x-rust_sqlx-core-0.8.6' from 'https://devenv.cachix.org'...
copying path '/nix/store/8agszixcghz0nxqvalvjwi2pdqgxi5mf-rust_sqlx-macros-0.8.6' from 'https://devenv.cachix.org'...
copying path '/nix/store/hn5mkl9d8hya3lk060jw1z37zyay5ndg-rust_spin-0.9.8-lib' from 'https://devenv.cachix.org'...
copying path '/nix/store/zphzygcpdkmfjyg5nhi8mv1yy75qp3mh-rust_sqlx-macros-core-0.8.6' from 'https://devenv.cachix.org'...
copying path '/nix/store/8rr9vmhqyxwkvnx5kgqxmqq2d45a8gr8-rust_sqlx-sqlite-0.8.6' from 'https://devenv.cachix.org'...
copying path '/nix/store/4l634h7pw0zbyc8cnpdisbdvndcv91f3-rust_stable_deref_trait-1.2.1' from 'https://devenv.cachix.org'...
copying path '/nix/store/2d8rky03xfpgc6zrfcssnrdjify29q1a-rust_strsim-0.11.1' from 'https://devenv.cachix.org'...
copying path '/nix/store/5pahdk6ylzv2d4p1dlhd3ahacxv4fin9-rust_strum-0.28.0' from 'https://devenv.cachix.org'...
copying path '/nix/store/m5qwy5kcsi08b2fln7r387kjblw836ca-rust_strum_macros-0.28.0' from 'https://devenv.cachix.org'...
copying path '/nix/store/1dpwh245mazbgbsin07ic7nyaqsq3d3l-rust_subtle-2.6.1' from 'https://devenv.cachix.org'...
copying path '/nix/store/vpv4ps1n9hffi6aw618mk3c82pd8zmdi-rust_supports-color-3.0.2' from 'https://devenv.cachix.org'...
copying path '/nix/store/pp3g6mkixljh0i7s1jy63mcf5ryyfarz-rust_supports-hyperlinks-3.2.0' from 'https://devenv.cachix.org'...
copying path '/nix/store/vg6l35kkc7k9c7nm1137mxkgm6sxhkan-rust_stable_deref_trait-1.2.1-lib' from 'https://devenv.cachix.org'...
copying path '/nix/store/j51w6jgv9jl18s1jwz5c4b3cgiz3ad0b-rust_supports-unicode-3.0.0' from 'https://devenv.cachix.org'...
copying path '/nix/store/qwdvy259ajkfw9qps8vn9h96ykk1kz4f-rust_syn-2.0.117' from 'https://devenv.cachix.org'...
copying path '/nix/store/fi45kka998n4anyqzqdrrwc98mnylkjp-rust_strsim-0.11.1-lib' from 'https://devenv.cachix.org'...
copying path '/nix/store/ls79hcczs3h0q0ylj732jd9fn0chrg47-rust_strum-0.28.0-lib' from 'https://devenv.cachix.org'...
copying path '/nix/store/di5jb1gik0r46p76v957xnf02grifrxr-rust_subtle-2.6.1-lib' from 'https://devenv.cachix.org'...
copying path '/nix/store/2wrki1xpywswgr47l0krw9xkzl00132p-rust_supports-color-3.0.2-lib' from 'https://devenv.cachix.org'...
copying path '/nix/store/41yd42v81dwjd9dhwh5109dq8yk010zq-clang-22.0.0-rocm-lib' from 'https://cache.nixos.org'...
copying path '/nix/store/9pgmi9qi71x3wjj3j2lhdv2dcwrkvizd-lld-22.0.0-rocm' from 'https://cache.nixos.org'...
copying path '/nix/store/v74y3sa687idh6vl92m0wdz72613bzlf-llvm-22.0.0-rocm' from 'https://cache.nixos.org'...
copying path '/nix/store/sps93bfi449gmqff7hlqw7cm1wmnlnz5-rust_supports-hyperlinks-3.2.0-lib' from 'https://devenv.cachix.org'...
copying path '/nix/store/nwsb6mjp77by3y93inf0rcdkwa74cj0m-rust_supports-unicode-3.0.0-lib' from 'https://devenv.cachix.org'...
copying path '/nix/store/9iwr6f5nymrg5sfx171bih9yryv567y7-rust_syn-2.0.117-lib' from 'https://devenv.cachix.org'...
copying path '/nix/store/3i4kc154bl8blf8260bx7l3grcaqnbly-rust_sync_wrapper-1.0.2' from 'https://devenv.cachix.org'...
copying path '/nix/store/66vsyzzw3ccwihk9f5n9fmibp012c75r-rust_synstructure-0.13.2' from 'https://devenv.cachix.org'...
copying path '/nix/store/ii6az7hs92221920xdi3yya8z2rma5yi-rust_tempfile-3.27.0' from 'https://devenv.cachix.org'...
copying path '/nix/store/sr33987i150q1l7vbiisljx58nz485n1-rust_terminal_size-0.4.4' from 'https://devenv.cachix.org'...
copying path '/nix/store/kj80v5mdqxn75fdixwb8g8vwa5hdi535-rust_textwrap-0.16.2' from 'https://devenv.cachix.org'...
copying path '/nix/store/bsy69w5xj1y9ipxq3p714z6slyqjmbxz-rust_thiserror-1.0.69' from 'https://devenv.cachix.org'...
copying path '/nix/store/kjw0hw6ilnjn9s2d77sslx92m060yq0p-rust_sync_wrapper-1.0.2-lib' from 'https://devenv.cachix.org'...
copying path '/nix/store/r6wkhz998k1dsjdy9c0gamdnn3z50riw-rust_thiserror-2.0.18' from 'https://devenv.cachix.org'...
copying path '/nix/store/h5v29jazlr92rjfssqzygf2kqam72px9-rust_thiserror-impl-1.0.69' from 'https://devenv.cachix.org'...
copying path '/nix/store/mbwshaq5srxk1iddsm0mb9b59fpidvhn-rust_synstructure-0.13.2-lib' from 'https://devenv.cachix.org'...
copying path '/nix/store/lhszda05r5mapvq6bgrbmfyif648dsz6-rust_thiserror-impl-2.0.18' from 'https://devenv.cachix.org'...
copying path '/nix/store/nbnry0630bb1ss366xnq384dsraj3paw-rust_tempfile-3.27.0-lib' from 'https://devenv.cachix.org'...
copying path '/nix/store/07h34azp32w1zc2har98h9xv3yimqyvq-rust_textwrap-0.16.2-lib' from 'https://devenv.cachix.org'...
copying path '/nix/store/k3jyyz1qwn4hxyhcfkr7i7cdyd5m6w4p-rust_thread_local-1.1.9' from 'https://devenv.cachix.org'...
copying path '/nix/store/m9rqhxl6dg980cwhyz1ahswl5aw86jz8-rust_time-0.3.47' from 'https://devenv.cachix.org'...
copying path '/nix/store/5pjg35akljr6drc22z3mgphdv9xfwfvd-rust_terminal_size-0.4.4-lib' from 'https://devenv.cachix.org'...
copying path '/nix/store/yfmspphx9z3n4bf0dp6xq9s8hd0gg85w-rust_time-core-0.1.8' from 'https://devenv.cachix.org'...
copying path '/nix/store/22d890655gi5cnv5hhgwq45pv1g35j5b-rust_time-macros-0.2.27' from 'https://devenv.cachix.org'...
copying path '/nix/store/qhlkd54l8gq1g74f7kcp5nfl97j14pg2-rust_tinystr-0.8.3' from 'https://devenv.cachix.org'...
copying path '/nix/store/f16jg5x752xd1bq9hfd56kk7dnj2x4ip-rust_thread_local-1.1.9-lib' from 'https://devenv.cachix.org'...
copying path '/nix/store/nvcbdjspy2gbdv9hn37qw8jabxga1vf5-rust_time-0.3.47-lib' from 'https://devenv.cachix.org'...
copying path '/nix/store/8sl1vr9cpnzp69r15lcs0kpv0q67nq9a-rust_tinyvec-1.11.0' from 'https://devenv.cachix.org'...
copying path '/nix/store/crn17px17s8j72ksqm6x0xfcvs11x3a5-rust_time-core-0.1.8-lib' from 'https://devenv.cachix.org'...
copying path '/nix/store/qbsjvwjy10vcakl32c2hy43b9qyavvgb-rust_tinyvec_macros-0.1.1' from 'https://devenv.cachix.org'...
copying path '/nix/store/9jh9dzib2layvp25da1p3kq3dy9d94x1-rust_tinystr-0.8.3-lib' from 'https://devenv.cachix.org'...
copying path '/nix/store/8pqg9sxj84w6168liyi9blzplx01vcpc-rust_tinyvec-1.11.0-lib' from 'https://devenv.cachix.org'...
copying path '/nix/store/g78c32mxv769444mydm5gyfd10cpvq5n-rust_tokio-1.52.1' from 'https://devenv.cachix.org'...
copying path '/nix/store/cfn3c8wrms6yn8xmlzz90jyapf14p6nc-rust_tinyvec_macros-0.1.1-lib' from 'https://devenv.cachix.org'...
copying path '/nix/store/gmfyhiwbr12las5s6a0xizdq41bs2rjd-rust_tokio-1.52.1-lib' from 'https://devenv.cachix.org'...
copying path '/nix/store/b2pwkg2ycss8qph9miz4g8d9cn037pq0-rust_tokio-macros-2.7.0' from 'https://devenv.cachix.org'...
copying path '/nix/store/l7y75fm701z9qpb3m1rks2g5zswj91q2-rust_tokio-rustls-0.26.4' from 'https://devenv.cachix.org'...
copying path '/nix/store/gwg01q5m273x8l309b85lxs5f4i0c3sd-rust_tokio-stream-0.1.18' from 'https://devenv.cachix.org'...
copying path '/nix/store/yygx6g598mcfz0psnmmpmp8vnyqxxkwv-rust_tokio-util-0.7.18' from 'https://devenv.cachix.org'...
copying path '/nix/store/yl2wcg793a58pijmdsly0r4k8zi619sn-rust_tower-0.5.3' from 'https://devenv.cachix.org'...
copying path '/nix/store/bpz3pg33v00qzdx2a21g26f9n8xrdn6h-rust_tower-http-0.6.8' from 'https://devenv.cachix.org'...
copying path '/nix/store/rbgmxyxlfrqvp9ykx9pcz8b3q78vxyjs-rust_tower-layer-0.3.3' from 'https://devenv.cachix.org'...
copying path '/nix/store/jzhwncgd5815ckrrirykxk0pkfbmxkd4-rust_tokio-stream-0.1.18-lib' from 'https://devenv.cachix.org'...
copying path '/nix/store/nh4kdh98hl7h031zckp23qgn3m4xzq70-rust_tower-service-0.3.3' from 'https://devenv.cachix.org'...
copying path '/nix/store/y9rif4aiygxb6gmg5m02q6j27qn85lg3-rust_tokio-util-0.7.18-lib' from 'https://devenv.cachix.org'...
copying path '/nix/store/6f50khgzpinyl8w306h3by479im4jy5d-rust_tower-0.5.3-lib' from 'https://devenv.cachix.org'...
copying path '/nix/store/9gbaqfhkvghyzcr4g9k6hc9dmk0zcanj-rust_tower-layer-0.3.3-lib' from 'https://devenv.cachix.org'...
copying path '/nix/store/4rpmsgqav5m60jaafbhccbvr0qm5bqrz-rust_tower-http-0.6.8-lib' from 'https://devenv.cachix.org'...
copying path '/nix/store/cygk7shiaa05dwiys0w8fafbs6sczf90-rust_tracing-0.1.44' from 'https://devenv.cachix.org'...
copying path '/nix/store/nq5i4hilw6v4d06n5zwh39nhygvh4ysr-rust_tracing-attributes-0.1.31' from 'https://devenv.cachix.org'...
copying path '/nix/store/zwjnwd3g783wmfy8vcyfad6s6c9bn6pl-rust_tower-service-0.3.3-lib' from 'https://devenv.cachix.org'...
copying path '/nix/store/sgw4f49sii9z21g7x7frvnm2i9pci1kj-rust_tracing-core-0.1.36' from 'https://devenv.cachix.org'...
copying path '/nix/store/vkhzbhbk4j2fgdvra0k94hjlwgpjcab0-rust_tracing-log-0.2.0' from 'https://devenv.cachix.org'...
copying path '/nix/store/0alialv50spfp7w07640kik46kjcpk5p-rust_tracing-0.1.44-lib' from 'https://devenv.cachix.org'...
copying path '/nix/store/sqzja337zj136avs19azqh9c6c0d58jh-rust_tracing-serde-0.2.0' from 'https://devenv.cachix.org'...
copying path '/nix/store/6db1axlm28my3pwsi3yjqch9mjqr9vkj-rust_tracing-core-0.1.36-lib' from 'https://devenv.cachix.org'...
copying path '/nix/store/r7pg2nz3n0w0afp6m569a76dcpqmyxmi-rust_tracing-log-0.2.0-lib' from 'https://devenv.cachix.org'...
copying path '/nix/store/qp3gpjxf6inyg1ar4a3ba71yv5r3w198-rust_tracing-serde-0.2.0-lib' from 'https://devenv.cachix.org'...
copying path '/nix/store/w5dzgda8b7lglw2p33r0r2zb2pbisrsr-rust_tracing-subscriber-0.3.23' from 'https://devenv.cachix.org'...
copying path '/nix/store/jxhabvcn22fwi6s5r9dn4jz5qsrl6w87-rust_try-lock-0.2.5' from 'https://devenv.cachix.org'...
copying path '/nix/store/6qr031wylyms8b7l837jxnd95wr6n2n5-rust_typenum-1.20.0' from 'https://devenv.cachix.org'...
copying path '/nix/store/4m2rwb7x73ny72nkyld4i2c4xn3k61jv-rust_tracing-subscriber-0.3.23-lib' from 'https://devenv.cachix.org'...
copying path '/nix/store/312mb138ssw8bij02pj8cv6lj0ni1sja-rust_try-lock-0.2.5-lib' from 'https://devenv.cachix.org'...
copying path '/nix/store/j03yybf3dd79h66x3hm0ng2jmignhd67-rust_unicode-bom-2.0.3' from 'https://devenv.cachix.org'...
copying path '/nix/store/dx1qpf2x1zhg64f460zqrs2ba87jf1jf-rust_unicode-ident-1.0.24' from 'https://devenv.cachix.org'...
copying path '/nix/store/zhynvqplc39h7csfs2a4l1p5jlamm651-rust_unicode-linebreak-0.1.5' from 'https://devenv.cachix.org'...
copying path '/nix/store/kkf8dmd6n35a5g01ikmpksn4y2nrqcc8-rust_typenum-1.20.0-lib' from 'https://devenv.cachix.org'...
copying path '/nix/store/0iz2a66a8799lwxxxljbipdr9c3z2466-rust_unicode-bom-2.0.3-lib' from 'https://devenv.cachix.org'...
copying path '/nix/store/81ri8g3mhd1gb5s78ma8ywsavmnxsnpb-rust_unicode-normalization-0.1.25' from 'https://devenv.cachix.org'...
copying path '/nix/store/wiwjf6xarx1y4f73152pghya4kwiz4h6-rust_unicode-ident-1.0.24-lib' from 'https://devenv.cachix.org'...
copying path '/nix/store/i72jb1ff4h80m0f869rbgsla1i0xfv7r-rust_unicode-width-0.1.14' from 'https://devenv.cachix.org'...
copying path '/nix/store/1ykz4y5wbnnsjkgwjssvgr0wawjhcg8r-rust_unicode-width-0.2.2' from 'https://devenv.cachix.org'...
copying path '/nix/store/0vcx56rl8wblh3h19pizwwzd3v4y744w-rust_unicode-linebreak-0.1.5-lib' from 'https://devenv.cachix.org'...
copying path '/nix/store/984bad13v0ky54yhc19p8ip670fa856i-rust_unicode-normalization-0.1.25-lib' from 'https://devenv.cachix.org'...
copying path '/nix/store/zs0zwxxxiby1z53l142p9nkh70v5hj36-rust_unicode-width-0.2.2-lib' from 'https://devenv.cachix.org'...
copying path '/nix/store/i8z81c4jbfdw25kk01mrh9rz75znwxf4-rust_unicode-width-0.1.14-lib' from 'https://devenv.cachix.org'...
copying path '/nix/store/zyqy9c0xr7n0w459dr82mcvscs7m94g6-rust_untrusted-0.9.0' from 'https://devenv.cachix.org'...
copying path '/nix/store/mzdz20gj8pfjykfp8xhavc9xi25wigyw-rust_url-2.5.8' from 'https://devenv.cachix.org'...
copying path '/nix/store/1gnp92kyyyna71xlb7gd1bnlp62b2slv-rust_utf8_iter-1.0.4' from 'https://devenv.cachix.org'...
copying path '/nix/store/yx9r9zz092pmffcwnrv63c4fy88fv7cj-rust_utf8parse-0.2.2' from 'https://devenv.cachix.org'...
copying path '/nix/store/947fpa4b10y2m3pb14rckj4fq3f0ldsh-rust_untrusted-0.9.0-lib' from 'https://devenv.cachix.org'...
copying path '/nix/store/hk5s19m0xc4aabgb4rqq4crxylb99nfq-rust_url-2.5.8-lib' from 'https://devenv.cachix.org'...
copying path '/nix/store/d2mh1pz4cyr284f5prv4iwpk7is484vy-rust_utf8_iter-1.0.4-lib' from 'https://devenv.cachix.org'...
copying path '/nix/store/2djjhvnacn8ybnqaxqhxz49gz280liyv-rust_utf8parse-0.2.2-lib' from 'https://devenv.cachix.org'...
copying path '/nix/store/g05z08yh8a4ygac72h5khrh2wlfcnkv2-rust_valuable-0.1.1' from 'https://devenv.cachix.org'...
copying path '/nix/store/myfrfjchcwj7v1qnjm9ggpy2jrfcg7dx-rust_valuable-derive-0.1.1' from 'https://devenv.cachix.org'...
copying path '/nix/store/z2c6ksabvyaiyk2gwabqnw7fl4k7fs83-rust_valuable-serde-0.1.1' from 'https://devenv.cachix.org'...
copying path '/nix/store/inc5mcfdiz2y7f2mv2hsmc5n1501rxx6-rust_walkdir-2.5.0' from 'https://devenv.cachix.org'...
copying path '/nix/store/8pdbx2166nhy4ww4rsi4n611hzr7xrc1-rust_want-0.3.1' from 'https://devenv.cachix.org'...
copying path '/nix/store/x5y5g4j9vqsl2q365hr0c9a38aha9k6d-rust_valuable-serde-0.1.1-lib' from 'https://devenv.cachix.org'...
copying path '/nix/store/lzclm6a7fw080452s1y4gkyqb3s6pamw-rust_walkdir-2.5.0-lib' from 'https://devenv.cachix.org'...
copying path '/nix/store/2xyqrr1j3m11zz3y3sd26qj13wcq1jzf-rust_want-0.3.1-lib' from 'https://devenv.cachix.org'...
copying path '/nix/store/nm5bmsy564v3s4ifm93rfbygd8s4dj22-rust_watchexec-8.2.0' from 'https://devenv.cachix.org'...
copying path '/nix/store/hjg7khx2wbdr6yq267254l1w5m4kbfql-rust_watchexec-events-6.1.0' from 'https://devenv.cachix.org'...
copying path '/nix/store/hhi86qag35z8p3ifczaqxy8qfvbmxir6-rust_watchexec-filterer-globset-8.0.0' from 'https://devenv.cachix.org'...
copying path '/nix/store/b09vh36j5rk1i4ba8h7d5q29w34ypyj5-rust_watchexec-8.2.0-lib' from 'https://devenv.cachix.org'...
copying path '/nix/store/p9vx4jfhqmp3c9sdyd29j1l2ljblw4zj-rust_watchexec-filterer-ignore-7.0.0' from 'https://devenv.cachix.org'...
copying path '/nix/store/c93wac9i3p48r6lpcxqc39qpy3f3m72c-rust_watchexec-events-6.1.0-lib' from 'https://devenv.cachix.org'...
copying path '/nix/store/69052i38wipds1jxr7b7dg4x3jjh6cb1-rust_watchexec-filterer-globset-8.0.0-lib' from 'https://devenv.cachix.org'...
copying path '/nix/store/rxylai6wni30pkgmrpg5cj5cx34w9lxl-rust_watchexec-filterer-ignore-7.0.0-lib' from 'https://devenv.cachix.org'...
copying path '/nix/store/ik19h4fppi3p0di191q7m9a9mm25qkly-rust_watchexec-signals-5.0.1' from 'https://devenv.cachix.org'...
copying path '/nix/store/d8mm1w074jx799p4ayzc04383p657yah-rust_watchexec-supervisor-5.2.0' from 'https://devenv.cachix.org'...
copying path '/nix/store/ccd096933ppff22vmbx37qdqaq7axza0-rust_webpki-roots-0.26.11' from 'https://devenv.cachix.org'...
copying path '/nix/store/4zp26rphyw00parb3g3ncfmgjichqdhv-rust_watchexec-signals-5.0.1-lib' from 'https://devenv.cachix.org'...
copying path '/nix/store/3c5bw6hhqxpssvxy4j4iwhk3bcrmqrfg-rust_watchexec-supervisor-5.2.0-lib' from 'https://devenv.cachix.org'...
copying path '/nix/store/qf43fhr9hyqabfzf9a1fjkdqchpyyjyl-rust_webpki-roots-0.26.11-lib' from 'https://devenv.cachix.org'...
copying path '/nix/store/pd9zhhnwlpjmd9y7ri9c9cpmvifc5fsd-rust_webpki-roots-1.0.7' from 'https://devenv.cachix.org'...
copying path '/nix/store/0lxyyvm7pw56da00wfk2bsnl6b3m3azn-rust_winnow-0.7.15' from 'https://devenv.cachix.org'...
copying path '/nix/store/ql8cq9ldc5j4lp5vrjrjq81g73qin2m3-rust_webpki-roots-1.0.7-lib' from 'https://devenv.cachix.org'...
copying path '/nix/store/w1zi7lxbj19fn2nlvm26xz1imjhzn5nw-rust_writeable-0.6.3' from 'https://devenv.cachix.org'...
copying path '/nix/store/0p6vdq1q2lhh92hy1kyx4ml0h33qr2c6-rust_yoke-0.8.2' from 'https://devenv.cachix.org'...
copying path '/nix/store/56np09yh8b52mzxm1bqjnbshjhj8yc8f-rust_winnow-0.7.15-lib' from 'https://devenv.cachix.org'...
copying path '/nix/store/mclc8d2cpyl326dfydg0dc19839b06y8-rust_yoke-derive-0.8.2' from 'https://devenv.cachix.org'...
copying path '/nix/store/qr79iw214g68wk16va5z3wxcjg5jh6s9-rust_writeable-0.6.3-lib' from 'https://devenv.cachix.org'...
copying path '/nix/store/rhxqjyjscsp1h68k8mbxjffv25pdyaqk-rust_yoke-0.8.2-lib' from 'https://devenv.cachix.org'...
copying path '/nix/store/mv75qdii261cccba2q9ls0qzn60jkib7-rust_zerofrom-0.1.7' from 'https://devenv.cachix.org'...
copying path '/nix/store/ynalvc7imqjm23xkn028bhhzc8mg7gf9-rust_zerofrom-derive-0.1.7' from 'https://devenv.cachix.org'...
copying path '/nix/store/d0asnyzall4s6jv8wiiy93a5dp3f1fyi-rust_zeroize-1.8.2' from 'https://devenv.cachix.org'...
copying path '/nix/store/c7wv8az91n29513ms5v42p84dqvpgm7i-rust_zerofrom-0.1.7-lib' from 'https://devenv.cachix.org'...
copying path '/nix/store/m19nb2agk52k1njjxmmp10hhmz5kf5hz-rust_zerotrie-0.2.4' from 'https://devenv.cachix.org'...
copying path '/nix/store/2clbrxfajynan4c98nj6zk778sr7h5gl-rust_zeroize-1.8.2-lib' from 'https://devenv.cachix.org'...
copying path '/nix/store/lszfk28551wx4h5qc5ypsa3l421n2f3y-rust_zerovec-0.11.6' from 'https://devenv.cachix.org'...
copying path '/nix/store/3r6g1rm7621rkw22rk2c0p3xd61451ph-rust_zerovec-derive-0.11.3' from 'https://devenv.cachix.org'...
copying path '/nix/store/621kcgclwi078laafd739z6cc7xkr307-rust_zerotrie-0.2.4-lib' from 'https://devenv.cachix.org'...
copying path '/nix/store/kyxjhmr6an5ld49bpsj5kxjdf6bqmm7y-rust_zerovec-0.11.6-lib' from 'https://devenv.cachix.org'...
copying path '/nix/store/bp6k8k6mp75cc43jqx3v09bhkz54brbq-rust_zmij-1.0.21' from 'https://devenv.cachix.org'...
copying path '/nix/store/pkjnn1vz1vl1pncp8p73khwy4jgjc8sg-socat-1.8.1.3' from 'https://cache.nixos.org'...
copying path '/nix/store/n1hqydcaxx6ks4nd92c0lj5x1ql9kjjj-source' from 'https://cache.nixos.org'...
copying path '/nix/store/l2xk4ac1wx9c95kpp8vymv9r9yn57fvh-update-autotools-gnu-config-scripts-hook' from 'https://install.determinate.systems'...
copying path '/nix/store/2a3izq4hffdd9r9gb2w6q2ibdc86kss6-xgcc-14.3.0-libgcc' from 'https://install.determinate.systems'...
building '/nix/store/q6vijirh3q1n4ipa3imc3l8mrd219v7f-devenv-up.drv'...
copying path '/nix/store/xx7cm72qy2c0643cm1ipngd87aqwkcdp-glibc-2.40-66' from 'https://install.determinate.systems'...
building '/nix/store/hq3z4zk1amxax0d4q6bzydys9rhk4f6l-devenv-flake-up.drv'...
copying path '/nix/store/12qcfbv6bgmxi1jd2dcddy25ijpcgj60-attr-2.5.2' from 'https://install.determinate.systems'...
copying path '/nix/store/rlq03x4cwf8zn73hxaxnx0zn5q9kifls-bash-5.3p3' from 'https://install.determinate.systems'...
copying path '/nix/store/0sf11lcbcbsqbj18sx26rg352m08rk7y-ed-1.22.2' from 'https://install.determinate.systems'...
copying path '/nix/store/xgavznqg1ay2hycpp7yy9ia1n751jcla-bzip2-1.0.8' from 'https://install.determinate.systems'...
copying path '/nix/store/xm08aqdd7pxcdhm0ak6aqb1v7hw5q6ri-gcc-14.3.0-lib' from 'https://install.determinate.systems'...
copying path '/nix/store/5yc3v27sl1igrz669z4r29va0lbw79pj-cargo-1.95.0-x86_64-unknown-linux-gnu' from 'https://devenv.cachix.org'...
copying path '/nix/store/y2wdhdcrffp9hnkzk06d178hq3g98jay-gawk-5.3.2' from 'https://install.determinate.systems'...
copying path '/nix/store/wk01h0i1j91ph18b2kzlf213ixb9wq0k-expand-response-params' from 'https://install.determinate.systems'...
copying path '/nix/store/3fmzbq9y4m9nk235il7scmvwn8j9zy3p-gnumake-4.4.1' from 'https://install.determinate.systems'...
copying path '/nix/store/0rxahp0ckjwz7kmnh8vzwfs8ir8yrf5r-gmp-6.3.0' from 'https://install.determinate.systems'...
copying path '/nix/store/drc7kang929jaza6cy9zdx10s4gw1z5p-gnused-4.9' from 'https://install.determinate.systems'...
copying path '/nix/store/q6wgv06q39bfhx2xl8ysc05wi6m2zdss-glibc-2.40-66-bin' from 'https://install.determinate.systems'...
copying path '/nix/store/b9p0zpa93hwvh4d0r1rmgc2500yx2ldn-libffi-3.5.2' from 'https://install.determinate.systems'...
copying path '/nix/store/qm9rxn2sc1vrz91i443rr6f0vxm0zd82-bzip2-1.0.8-bin' from 'https://install.determinate.systems'...
copying path '/nix/store/5ypn9k7qcpnmwxq4nhmzgwb2pxrljny8-libgpg-error-1.55' from 'https://cache.nixos.org'...
copying path '/nix/store/fwfpzqrvzhpjp91rbnq64z07diyicbwh-acl-2.3.2' from 'https://install.determinate.systems'...
copying path '/nix/store/3d8riwhf4bn18y0jsqn7vy4p25xbwi3h-oniguruma-6.9.10-lib' from 'https://install.determinate.systems'...
copying path '/nix/store/kk64v6spb2sfj8br6h729vgqd2d13pn7-isl-0.20' from 'https://install.determinate.systems'...
copying path '/nix/store/d471xb7sfbah076s8rx02i68zpxc2r5n-gzip-1.14' from 'https://install.determinate.systems'...
copying path '/nix/store/czkzgcvcdc0c977cdmhaddyzhwp07x2g-mpfr-4.2.2' from 'https://install.determinate.systems'...
copying path '/nix/store/qrwznp1ikdf0qw05wia2haiwi32ik5n0-patch-2.8' from 'https://install.determinate.systems'...
copying path '/nix/store/gi4cz4ir3zlwhf1azqfgxqdnczfrwsr7-glibc-2.40-66-dev' from 'https://install.determinate.systems'...
copying path '/nix/store/6y07blp88mrgn05wxbif8yzmd0g2ss4x-pcre2-10.46' from 'https://install.determinate.systems'...
copying path '/nix/store/za9aw3rh2zqwdqx16z3vbc4b24cvp9yp-libgcrypt-1.11.2-lib' from 'https://cache.nixos.org'...
copying path '/nix/store/mzl19fy0j4fl395z3pbkwxcmkxi1733v-util-linux-minimal-2.41.2-lib' from 'https://install.determinate.systems'...
copying path '/nix/store/q5vlz5jl6p7mv220s2vf6z5pqi1n935z-xz-5.8.1' from 'https://install.determinate.systems'...
copying path '/nix/store/yi3c5karhx764ham5rfwk7iynr8mjf6q-gnutar-1.35' from 'https://install.determinate.systems'...
copying path '/nix/store/gs6yqc24w093xsnnz3kkhls8jz7pnffy-jq-1.8.1' from 'https://install.determinate.systems'...
copying path '/nix/store/2f7yzmvcsydw38zr369l9xpk63v1ld5q-gmp-with-cxx-6.3.0' from 'https://install.determinate.systems'...
copying path '/nix/store/8q2582rd22xp8jlcg1xn1w219q5lx5xa-patchelf-0.15.2' from 'https://install.determinate.systems'...
copying path '/nix/store/q8fs2m43gwmgpp6pjdvhajyly3afx0gw-rust_anyhow-1.0.102-lib' from 'https://devenv.cachix.org'...
copying path '/nix/store/cjrxbv211f7p95h332acbvcgp4ih5778-rust_async-trait-0.1.89-lib' from 'https://devenv.cachix.org'...
copying path '/nix/store/lrqczs2m63kn7dsbdr6j69saz590kwz8-rust_blake3-1.8.3-lib' from 'https://devenv.cachix.org'...
copying path '/nix/store/qpvs11qdbqcx4q41pzmzld9phgbw4vv8-libmpc-1.3.1' from 'https://install.determinate.systems'...
copying path '/nix/store/mvisx4kjfhzv8dpqdc2qv5aanq0pc116-rust_clap_derive-4.6.1-lib' from 'https://devenv.cachix.org'...
copying path '/nix/store/yc62ixid8ir45w66vxq8m2jy5zk2sd5z-rust_crossbeam-utils-0.8.21-lib' from 'https://devenv.cachix.org'...
copying path '/nix/store/x3zjxxz8m4ki88axp0gn8q8m6bldybba-gnugrep-3.12' from 'https://install.determinate.systems'...
copying path '/nix/store/xnaf2w53yacjg7h3127ks7gf61pcs3n8-libselinux-3.8.1' from 'https://cache.nixos.org'...
copying path '/nix/store/nc9kkrhdlzdv5szblr07nfascr889gwc-rust_aws-lc-sys-0.40.0-lib' from 'https://devenv.cachix.org'...
copying path '/nix/store/imad8dvhp77h0pjbckp6wvmnyhp8dpgg-coreutils-9.8' from 'https://install.determinate.systems'...
copying path '/nix/store/qvbwz06cqra3cmlra40v0adw75j6j7wm-jq-1.8.1-bin' from 'https://install.determinate.systems'...
copying path '/nix/store/a6xrkd1kmqgxhdr3cn8zx0jvfvi33p83-rust_darling_macro-0.23.0-lib' from 'https://devenv.cachix.org'...
copying path '/nix/store/rf9r8hsf8sl9y13dr7ndk10lz1xzsjw4-rust_displaydoc-0.2.5-lib' from 'https://devenv.cachix.org'...
copying path '/nix/store/bdrg2jpfbwkmyfaprmjrjyl845k8bgwm-rust_futures-macro-0.3.32-lib' from 'https://devenv.cachix.org'...
copying path '/nix/store/jq07r49vk5wa10a1kk2y87nwbbl62qxz-jq-1.8.1-dev' from 'https://install.determinate.systems'...
copying path '/nix/store/20axvl7mgj15m23jgmnq97hx37fgz7bk-diffutils-3.12' from 'https://install.determinate.systems'...
copying path '/nix/store/av4xw9f56xlx5pgv862wabfif6m1yc0a-findutils-4.10.0' from 'https://install.determinate.systems'...
copying path '/nix/store/6klqp99a3cmj6mwqgzijy9nds354vh03-rust_generic-array-0.14.7-lib' from 'https://devenv.cachix.org'...
copying path '/nix/store/vig3s6x04zhyv42135psfwzkx0g5kh7a-rust_getrandom-0.4.2-lib' from 'https://devenv.cachix.org'...
copying path '/nix/store/sb7dvxgpz6488j4wrwvf3lms06yp8bx6-rust_httparse-1.10.1-lib' from 'https://devenv.cachix.org'...
copying path '/nix/store/m03bjrlfzgj16pxvq3vfs2qdzhkj8a5h-rust_icu_normalizer_data-2.2.0-lib' from 'https://devenv.cachix.org'...
copying path '/nix/store/mpj0a6p7whgsblahpl6pmpl6phwvx0jz-rust_icu_properties_data-2.2.0-lib' from 'https://devenv.cachix.org'...
copying path '/nix/store/31kzvqw3nqh8srmgrhjk9s375xm1cx9j-rust_libc-0.2.186-lib' from 'https://devenv.cachix.org'...
copying path '/nix/store/nwwxw7hyz3ychdn9r6c1caasnck9r2b2-rust_libsqlite3-sys-0.30.1-lib' from 'https://devenv.cachix.org'...
copying path '/nix/store/zypnm5slj9l282m7f4gj5dan6q4aq1c2-rust_miette-derive-7.6.0-lib' from 'https://devenv.cachix.org'...
copying path '/nix/store/mzl14s6mj7h09f5x4aza0g403gr6pzwz-rust_netstat2-0.11.2-lib' from 'https://devenv.cachix.org'...
copying path '/nix/store/mqy82qibdxsgrycnxd5j604av6cqqmxi-rust_nix-0.28.0-lib' from 'https://devenv.cachix.org'...
copying path '/nix/store/xrwi1wqh8q2wqi1s0cpnxf9igyykg2i6-rust_nix-0.30.1-lib' from 'https://devenv.cachix.org'...
copying path '/nix/store/0j3y07m8336wcnxhzwzppvjcxcdqz2v5-rust_nix-0.31.2-lib' from 'https://devenv.cachix.org'...
copying path '/nix/store/w8clp7w8kgz6279md4swp9kbgp1cy3zd-rust_num-traits-0.2.19-lib' from 'https://devenv.cachix.org'...
copying path '/nix/store/k9z8d3ixmpjrnpp1hn6dil93ygprjv08-rust_object-0.37.3-lib' from 'https://devenv.cachix.org'...
copying path '/nix/store/zbnizjciyj1h780hflymask7gzwi4250-rust_owo-colors-4.3.0-lib' from 'https://devenv.cachix.org'...
copying path '/nix/store/aa76i3bnv84cgx8yjj1cmz19g6gd0m4s-rust_aws-lc-rs-1.16.3-lib' from 'https://devenv.cachix.org'...
copying path '/nix/store/0hkzivkrw0a9fnnd9x3bnfaxqmwjsjx9-rust_parking_lot_core-0.9.12-lib' from 'https://devenv.cachix.org'...
copying path '/nix/store/z6kpc147p2f8yppp1ln920p3d15588v9-rust_paste-1.0.15-lib' from 'https://devenv.cachix.org'...
copying path '/nix/store/9s39b9b3sa689wgp5qa8qxxagvfp1ryi-rust_portable-atomic-1.13.1-lib' from 'https://devenv.cachix.org'...
copying path '/nix/store/vf2dnymflxwir7nszhpmfi9awwx5yl7i-rust_portable-atomic-util-0.2.7-lib' from 'https://devenv.cachix.org'...
copying path '/nix/store/gxg68fc3w4fxqcg8v04b9nqz8dd0pl90-rust_proc-macro2-1.0.106-lib' from 'https://devenv.cachix.org'...
copying path '/nix/store/4zbfkp2xhc8zjkydig7xc0agx4m7sfib-rust_quote-1.0.45-lib' from 'https://devenv.cachix.org'...
copying path '/nix/store/86wyk3ynjgikz3i2sd7ddsj46n484np0-rust_ring-0.17.14-lib' from 'https://devenv.cachix.org'...
copying path '/nix/store/m3df5rf0474f5z9fims4fcl9g7b41akq-rust_rustix-1.1.4-lib' from 'https://devenv.cachix.org'...
copying path '/nix/store/jjhjqcgaznxxj922cihinvfi4ag0ghfg-rust_serde-1.0.228-lib' from 'https://devenv.cachix.org'...
copying path '/nix/store/maxg2y0x3hxvq7l006xwlghwyzhgxifp-rust_serde_core-1.0.228-lib' from 'https://devenv.cachix.org'...
copying path '/nix/store/56kng6s1g4vz5z40pkvgv2ydj35s3l6h-rust_serde_derive-1.0.228-lib' from 'https://devenv.cachix.org'...
copying path '/nix/store/i2zg7jikgwj24skqvapya7s883fmlqlm-rust_serde_json-1.0.149-lib' from 'https://devenv.cachix.org'...
copying path '/nix/store/4as94bx41xlb42pzar0icgx83i5hzjdm-rust_serde_with_macros-3.19.0-lib' from 'https://devenv.cachix.org'...
copying path '/nix/store/0870fh8rizi5xq0apdhmpdbbnr583anj-rust_signal-hook-0.4.4-lib' from 'https://devenv.cachix.org'...
copying path '/nix/store/arcp5548jgr240bzbmi8i92rm33y5yv5-rust_strum_macros-0.28.0-lib' from 'https://devenv.cachix.org'...
copying path '/nix/store/x9qwjnfhwbjgqk6q2z9pgjz4fmhfx290-llvm-binutils-22.0.0-rocm' from 'https://cache.nixos.org'...
copying path '/nix/store/ll72h7qrgivb4xzprz931p3l3rms0hk8-rust_thiserror-1.0.69-lib' from 'https://devenv.cachix.org'...
copying path '/nix/store/rds7fmhs94bsgwhvqjmra9iwycbx7da5-rust_thiserror-2.0.18-lib' from 'https://devenv.cachix.org'...
copying path '/nix/store/bmj39da3nayzg6k7640n5x9sv6slf2l6-rust_thiserror-impl-1.0.69-lib' from 'https://devenv.cachix.org'...
copying path '/nix/store/s640wac171f62amwphb1vxwmraj9iysh-rust_hyper-rustls-0.27.9-lib' from 'https://devenv.cachix.org'...
copying path '/nix/store/cn2dgwi4cf27nvzgkmziaxiik0hf7wg3-rust_reqwest-0.13.3-lib' from 'https://devenv.cachix.org'...
copying path '/nix/store/884qlhb5mxfp7nfmkg49kbfs2hs4n54p-llvm-binutils-wrapper-22.0.0-rocm' from 'https://cache.nixos.org'...
copying path '/nix/store/7snxb6h1p8gwrjm6pga4pmqpihfvybsa-rust_rustls-0.23.40-lib' from 'https://devenv.cachix.org'...
copying path '/nix/store/7xiswqd6drxqwmw98zw0279m7g28c2ff-rust_rustls-platform-verifier-0.7.0-lib' from 'https://devenv.cachix.org'...
copying path '/nix/store/l6xn8rl5qh3cgl7hw0p8f6rsaga9lc4d-rust_rustls-webpki-0.103.13-lib' from 'https://devenv.cachix.org'...
copying path '/nix/store/83qwn0rrqaqgv559rfiq9i510aiglmms-rust_sqlx-0.8.6-lib' from 'https://devenv.cachix.org'...
copying path '/nix/store/9g9flydyd5znrm51k5vm48w8g75h7aag-rust_sqlx-core-0.8.6-lib' from 'https://devenv.cachix.org'...
copying path '/nix/store/bdwijn3jcj24rgxmpgd7qr30y3lwbbvw-rust_sqlx-macros-0.8.6-lib' from 'https://devenv.cachix.org'...
copying path '/nix/store/i9nwzf6vwspld6plhax1wbf5mb3cp7r7-rust_sqlx-macros-core-0.8.6-lib' from 'https://devenv.cachix.org'...
copying path '/nix/store/7rm218g813005hfzkgj5yqd9hc6wdam7-rust_sqlx-sqlite-0.8.6-lib' from 'https://devenv.cachix.org'...
copying path '/nix/store/l36kxf3y6zmqk7sk3bvppmwh3xx5ppni-rust_thiserror-impl-2.0.18-lib' from 'https://devenv.cachix.org'...
copying path '/nix/store/dbynkxbl4zm6jwyaby53pzcbv7g748j2-rust_time-macros-0.2.27-lib' from 'https://devenv.cachix.org'...
copying path '/nix/store/00kwvvzjw67zihs5lrhns1hdsm3fyyqr-rust_tokio-macros-2.7.0-lib' from 'https://devenv.cachix.org'...
copying path '/nix/store/f0cyiqa9xcpwcj1cdcf0j4c7cvf3w9yq-rust_tokio-rustls-0.26.4-lib' from 'https://devenv.cachix.org'...
copying path '/nix/store/g4a0yxfl9nqqh8i68sk5iz47nbch266i-rust_tracing-attributes-0.1.31-lib' from 'https://devenv.cachix.org'...
copying path '/nix/store/2hj3gfzjk7cxbzvlvhymyc6hm0fagc42-rust_valuable-0.1.1-lib' from 'https://devenv.cachix.org'...
copying path '/nix/store/wrwvg3j4a82fv759hsyfhc4zxvqss5h4-rust_valuable-derive-0.1.1-lib' from 'https://devenv.cachix.org'...
copying path '/nix/store/yzdh5f0vabciq6jf45qg8wh3lzvbjh4h-rust_yoke-derive-0.8.2-lib' from 'https://devenv.cachix.org'...
copying path '/nix/store/8ycbcaxh1dx9s4w1fyxjpy6bqzha4mip-rust_zerofrom-derive-0.1.7-lib' from 'https://devenv.cachix.org'...
copying path '/nix/store/2h983pad8llnj0lsm5p4d6ailvicvw3y-rust_zerovec-derive-0.11.3-lib' from 'https://devenv.cachix.org'...
copying path '/nix/store/0k518fpvcihdggxmjr49d9s816mzs3hp-rust_zmij-1.0.21-lib' from 'https://devenv.cachix.org'...
copying path '/nix/store/v0rfdwhg6w6i0yb6dbry4srk6pnj3xp0-xz-5.8.1-bin' from 'https://install.determinate.systems'...
copying path '/nix/store/l7xwm1f6f3zj2x8jwdbi8gdyfbx07sh7-zlib-1.3.1' from 'https://install.determinate.systems'...
copying path '/nix/store/7qanxdwpqn2frs8s3saqyjqdyadcr2c3-rocm-toolchain' from 'https://cache.nixos.org'...
copying path '/nix/store/rmv4h4x475k2p321ln3pd0ddng7vv8k6-binutils-2.44-lib' from 'https://install.determinate.systems'...
copying path '/nix/store/paj6a1lpzp57hz1djm5bs86b7ci221r0-file-5.45' from 'https://install.determinate.systems'...
copying path '/nix/store/kzq78n13l8w24jn8bx4djj79k5j717f1-gcc-14.3.0' from 'https://install.determinate.systems'...
copying path '/nix/store/vnk24vpn1aw082131jl2yw62l92lycf3-rustc-1.95.0-x86_64-unknown-linux-gnu' from 'https://devenv.cachix.org'...
copying path '/nix/store/5qdsnc26nv61j5rrw492f19xav2rz45v-glib-2.86.1' from 'https://cache.nixos.org'...
copying path '/nix/store/dc9vaz50jg7mibk9xvqw5dqv89cxzla3-binutils-2.44' from 'https://install.determinate.systems'...
copying path '/nix/store/frrm11g30gn3cgaw2kr2a49nrnviq2ip-libsecret-0.21.7' from 'https://cache.nixos.org'...
copying path '/nix/store/xwydcyvlsa3cvssk0y5llgdhlhjvmqdm-binutils-wrapper-2.44' from 'https://install.determinate.systems'...
copying path '/nix/store/ylaa83wnda0cg2bzydp0bfrrmrwbwvir-gcc-wrapper-13.4.0' from 'https://cache.nixos.org'...
copying path '/nix/store/n5csmdqbjsc4pq1il0bcdypk040nb8ci-stdenv-linux' from 'https://cache.nixos.org'...
building '/nix/store/c9x3cwyhmqpgrqghzhb4kv9ypv8lma4q-setup-cuda-hook.drv'...
building '/nix/store/jc8w3d5nfkkj9m2v6migax5kkdfcxzsr-cuda12.6-cuda_cccl-12.6.77.drv'...
building '/nix/store/ipba139cw83w0dq3zssipmkymxj6vc51-cuda12.6-cuda_cuobjdump-12.6.77.drv'...
building '/nix/store/i3js0cisqgmspn8xhnpnmg3h1b56d67x-cuda12.6-cuda_nvcc-12.6.85.drv'...
building '/nix/store/sdilqiydn2wkw5gs5wnb51rf0bfqzpyl-cuda12.6-cuda_nvrtc-12.6.85.drv'...
copying path '/nix/store/vr15iyyykg9zai6fpgvhcgyw7gckl78w-gcc-wrapper-14.3.0' from 'https://install.determinate.systems'...
copying path '/nix/store/s3w5m3spa1g71hx0yb82lvk6394j3w5j-stdenv-linux' from 'https://install.determinate.systems'...
copying path '/nix/store/pr6n8zlqczbgsgzjrr1an1zzlp0hd7g7-hipClang' from 'https://cache.nixos.org'...
copying path '/nix/store/yp3v7m2ba3jpi82q8c2265zmk6kwhnzb-rocm-comgr-22.0.0-rocm' from 'https://cache.nixos.org'...
copying path '/nix/store/aqmbbl6l48c76bxgkj9sg8p5cmsvfpmg-rocprofiler-register-7.2.3' from 'https://cache.nixos.org'...
copying path '/nix/store/m949n2fax30jr9sdg29kclfk7z3dpria-rocm-runtime-7.2.3' from 'https://cache.nixos.org'...
copying path '/nix/store/mh0cfq7pvykfwbg8fmgfwcdwyfmmn04c-rocminfo-7.2.3' from 'https://cache.nixos.org'...
copying path '/nix/store/jc7q7dm8y1r2317sg888mi7pxzarg7m2-clr-7.2.3' from 'https://cache.nixos.org'...
building '/nix/store/2n3m7fd1bdk4i2nq4xflwjhyqqhxw8dg-cuda12.6-cuda_cudart-12.6.77.drv'...
copying path '/nix/store/p6yrrnynhpp9cqh6kaza607hd52fz7db-clippy-preview-1.95.0-x86_64-unknown-linux-gnu' from 'https://devenv.cachix.org'...
copying path '/nix/store/mzznv7f4z3kxnji56piybpks9hcapvq0-rustfmt-preview-1.95.0-x86_64-unknown-linux-gnu' from 'https://devenv.cachix.org'...
copying path '/nix/store/2lzr6hy0s5cikj7lxwpl0qhh2idmqfc1-mlir-21.1.8-dev' from 'https://cache.nixos.org'...
copying path '/nix/store/lddvxqrcfndmlba9s9b1fbizvmgqdmjy-clr-7.2.3-debug' from 'https://cache.nixos.org'...
copying path '/nix/store/4cdfibdpmsy741z91r66h5h67hncvn6w-clr-7.2.3-icd' from 'https://cache.nixos.org'...
copying path '/nix/store/1vgnvn9kdjxm4jslmm7j43zqm0a4f7ny-rust-default-1.95.0' from 'https://devenv.cachix.org'...
building '/nix/store/n6ds5plwqx67y9yy9k00wd8wvy1xzm2f-rust_devenv-activity-macros-2.1.2.drv'...
building '/nix/store/sfzp66fa9fahvax78ljkx9mncwwmy53j-rust_devenv-cache-core-2.1.2.drv'...
building '/nix/store/yqha09dyw9hp6kzn2a1120qmzd1vapbd-rust_devenv-event-sources-2.1.2.drv'...
building '/nix/store/8i5i46z1kppvj03ivq9clqyja2sj3clv-rust_tokio-shutdown-2.1.2.drv'...
building '/nix/store/hifyyp7cjch5rqsdvq01f05x1xwgafca-rust_devenv-activity-2.1.2.drv'...
building '/nix/store/fax0zlnkzvkj0bzv42ncfvw00kiz9vm5-rust_devenv-processes-2.1.2.drv'...
building '/nix/store/32pgbs690z2ckp4d2wwh7wm7f94gmk0i-libcublas-12.6.4.1-source.drv'...
building '/nix/store/rjf1z80jdssxxngx6ig1587lcsn8fq4y-rust_devenv-tasks-2.1.2.drv'...
building '/nix/store/37c92xg5xx2wc93nhg1prqrpd5mvmni6-cuda12.6-libcublas-12.6.4.1.drv'...
building '/nix/store/n8a844gdbbpwbns5bg785w0kcwyv426p-devenv-flake-tasks.drv'...
building '/nix/store/h208gilyrx2vj5cshd42mkkd6d7zkash-devenv-test.drv'...
building '/nix/store/2gd6mvrr3qvcg0k9nh1c84qv22vc0sgw-devenv-flake-test.drv'...
building '/nix/store/mwdvavhvh2fjbp4r377dp8pw4rn1fmhl-devenv-flake-compat.drv'...
building '/nix/store/kp1sssj837hi50ccvj59dpkiw178g3zf-devenv-profile.drv'...
building '/nix/store/vzkac6spqvfmbhgpr9hb8ygdlzyi26m2-devenv-shell-env.drv'...
Running tasks     devenv:enterShell

Running           devenv:files:cleanup
Succeeded         devenv:files:cleanup (3.58ms)
Running           devenv:enterShell
Succeeded         devenv:enterShell (9.24ms)
Running           devenv:enterTest
No command        devenv:enterTest
1 Skipped, 2 Succeeded
PolyKernel dev shell (llvmPackages_21 MLIR / cudaPackages_12_6 / rocmPackages.clr)
  mlir-tblgen: LLVM (http://llvm.org/):
  nvcc:        Cuda compilation tools, release 12.6, V12.6.85
  hipcc:       HIP version: 7.2.53211-9999
  cmake:       cmake version 4.1.2
  clang:       clang version 21.1.8
=== shell built OK; tool versions ===
--- mlir-tblgen --version ---
LLVM (http://llvm.org/):
  LLVM version 21.1.8
  Optimized build.
--- nvcc --version ---
nvcc: NVIDIA (R) Cuda compiler driver
Copyright (c) 2005-2024 NVIDIA Corporation
Built on Tue_Oct_29_23:50:19_PDT_2024
Cuda compilation tools, release 12.6, V12.6.85
Build cuda_12.6.r12.6/compiler.35059454_0
--- hipcc --version ---
HIP version: 7.2.53211-9999
nixpkgs-AMD clang version 22.0.0 (https://github.com/ROCm/llvm-project/tree/rocm-7.2.3 rocm-7.2.3)
Target: x86_64-unknown-linux-gnu
Thread model: posix
InstalledDir: /nix/store/7qanxdwpqn2frs8s3saqyjqdyadcr2c3-rocm-toolchain/bin
Configuration file: /nix/store/7qanxdwpqn2frs8s3saqyjqdyadcr2c3-rocm-toolchain/bin/x86_64-unknown-linux-gnu.cfg
--- cmake --version ---
cmake version 4.1.2

CMake suite maintained and supported by Kitware (kitware.com/cmake).
--- lit --version ---
lit 18.1.8
--- FileCheck --version ---
LLVM (http://llvm.org/):
  LLVM version 21.1.8
  Optimized build.
--- CC=gcc ---
CC=gcc
CXX=g++
--- python numpy/ml_dtypes ---
numpy 2.5.0
ml_dtypes 0.5.4
=== ALL TOOL CHECKS PASSED ===
--- build end: 2026-07-22T18:19:08-04:00 ---
NIX_DEVELOP_EXIT=0   (0=success, 124=timeout, other=build/eval error)

# === CC/CXX fix verification (enterShell now exports llvmPackages_21.clang) ===
$ nix develop --impure --accept-flake-config -c bash -c 'echo CC=$CC; echo CXX=$CXX; ...'
--- 2026-07-22T18:23:25-04:00 ---
warning: Nix search path entry '/home/mei/.nix-defexpr/channels' does not exist, ignoring
building '/nix/store/ywh79z6hyvaxhxr3grja0ygl3pf2w3z0-devenv-shell-env.drv'...
Running tasks     devenv:enterShell

Running           devenv:files:cleanup
Succeeded         devenv:files:cleanup (7.90ms)
Running           devenv:enterShell
Succeeded         devenv:enterShell (6.66ms)
Running           devenv:enterTest
No command        devenv:enterTest
1 Skipped, 2 Succeeded
PolyKernel dev shell (llvmPackages_21 MLIR / cudaPackages_12_6 / rocmPackages.clr)
  CC/CXX:      /nix/store/m59w5gavjx8db0ay3m1yzbw02l54109b-clang-wrapper-21.1.8/bin/clang / /nix/store/m59w5gavjx8db0ay3m1yzbw02l54109b-clang-wrapper-21.1.8/bin/clang++
  mlir-tblgen: LLVM (http://llvm.org/):
  nvcc:        Cuda compilation tools, release 12.6, V12.6.85
  hipcc:       HIP version: 7.2.53211-9999
  cmake:       cmake version 4.1.2
  clang:       clang version 21.1.8
CC=/nix/store/m59w5gavjx8db0ay3m1yzbw02l54109b-clang-wrapper-21.1.8/bin/clang
CXX=/nix/store/m59w5gavjx8db0ay3m1yzbw02l54109b-clang-wrapper-21.1.8/bin/clang++
--- $CC --version ---
clang version 21.1.8
Target: x86_64-unknown-linux-gnu
--- $CXX --version ---
clang version 21.1.8
Target: x86_64-unknown-linux-gnu
--- mlir-tblgen --version ---
LLVM (http://llvm.org/):
  LLVM version 21.1.8
  Optimized build.
--- nvcc release ---
Cuda compilation tools, release 12.6, V12.6.85
--- hipcc ---
HIP version: 7.2.53211-9999
--- FileCheck --version ---
LLVM (http://llvm.org/):
  LLVM version 21.1.8
--- lit --version ---
lit 18.1.8
--- cmake --version ---
cmake version 4.1.2
--- python ---
numpy 2.5.0 ml_dtypes 0.5.4
=== VERIFIED EXIT 0 ===
RC=0
