############################################################
# Todo 11 (Wave 2): analyzer QA FAILURE log
# Adversarial: malformed/garbage ptxas log -> explicit parse
# error (no crash, no silent zeros). Exit code asserted.
############################################################

=== [1] polykernel-analyze fed a GARBAGE ptxas log ===
$ echo "this is not ptxas output" | polykernel-analyze --kernel matmul --arch sm_90 --shape 128,128,128 --ptxas-log -
--- exit code: 1 (expected 1) ---

=== [2] polykernel-analyze fed an EMPTY ptxas log ===
$ printf "" | polykernel-analyze ... --ptxas-log -
--- exit code: 1 (expected 1) ---

=== [3] gtest coverage of the same failure (PtxasParser.GarbageInputIsError + EmptyInputIsError) ===
Running main() from /build/source/googletest/src/gtest_main.cc
Note: Google Test filter = PtxasParser.GarbageInputIsError:PtxasParser.EmptyInputIsError
[==========] Running 2 tests from 1 test suite.
[----------] Global test environment set-up.
[----------] 2 tests from PtxasParser
[ RUN      ] PtxasParser.GarbageInputIsError
[       OK ] PtxasParser.GarbageInputIsError (0 ms)
[ RUN      ] PtxasParser.EmptyInputIsError
[       OK ] PtxasParser.EmptyInputIsError (0 ms)
[----------] 2 tests from PtxasParser (0 ms total)

[----------] Global test environment tear-down
[==========] 2 tests from 1 test suite ran. (0 ms total)
[  PASSED  ] 2 tests.
