
##############################################################################
# PolyKernel Todo 10 (Wave 2): MatMul — NEGATIVE test (QA failure case)
# A deliberately-broken MatMul (transposed B indices: C[i,j]=sum_k A[i,k]*B[j,k]
# instead of B[k,j] — i.e. wrong accumulation/contraction) MUST fail
# golden.assert_correct. Proves the test harness catches a wrong-math matmul
# kernel: the golden contract REQUIRES C=A@B with fp32 accumulation over the
# contraction dim K; contracting against the wrong B axis collapses cosine/pcc
# to ~0 and blows max_rel_err far past 1e-2.
# Command: PYTHONPATH=tests/golden python /tmp/opencode/fail_matmul.py (nix develop)
##############################################################################
[fail] broken MatMul = transposed-B indices (C[i,j]=sum_k A[i,k]*B[j,k])
[fail] cosine     = -0.007625   (threshold >= 0.999)
[fail] max_rel_err= 7.025533e+03   (threshold <= 1e-2)
[fail] pcc        = -0.007628   (threshold >= 0.99)
[fail] calling assert_correct(broken_matmul, golden_matmul) -- expect AssertionError ...
Traceback (most recent call last):
  File "/tmp/opencode/fail_matmul.py", line 30, in <module>
    assert_correct(broken, ref)  # <-- must raise
    ~~~~~~~~~~~~~~^^^^^^^^^^^^^
  File "/home/mei/projects/polykernel/tests/golden/metrics.py", line 72, in assert_correct
    raise AssertionError(
    ...<4 lines>...
    )
AssertionError: golden assert_correct FAILED: cosine=-0.007625 (need >= 0.999), max_rel_err=7.025533e+03 (need <= 1e-02), pcc=-0.007628 (need >= 0.99)
[fail] exit code = 1  (non-zero confirms the AssertionError propagated)
