##############################################################################
# PolyKernel Todo 8 (Wave 2): portable CUDA/HIP template + --lower-to-cuda +
# nvcc driver + CPU reference — HAPPY PATH
# Host: Linux 7.1.3-2-cachyos x86_64  Date: 2026-07-23T03:05:04Z
# nvcc: Cuda compilation tools, release 12.6, V12.6.85
##############################################################################

=== [1/5] CMake reconfigure (CMakeLists changed: +kernels subdir; Passes.td: +LowerToCuda) ===
warning: Nix search path entry '/home/mei/.nix-defexpr/channels' does not exist, ignoring
warning: Nix search path entry '/home/mei/.nix-defexpr/channels' does not exist, ignoring
-- Configuring done (0.1s)
-- Generating done (0.0s)
-- Build files have been written to: /home/mei/projects/polykernel/build
configure exit=0

=== [2/5] Full build (polykernel-opt + cpu_reference + cpu_ref_rmsnorm) ===
ninja: no work to do.
build exit=0

=== [3/5] Regression: check-polykernel (existing lit tests still pass) ===
Testing Time: 0.11s
  Passed: 7 (100.00%)

=== [4/5] Generate kernel: polykernel-opt examples/rmsnorm_matmul.mlir --lower-to-cuda ===
polykernel-opt exit=0
emitted: -rw-r--r-- 1 mei mei 4284 Jul 22 23:05 kernels/generated/rmsnorm.cu
--- kernels/generated/rmsnorm.cu (head -14) ---
//===- rmsnorm.cu - PolyKernel generated RMSNorm kernel ---------*- CUDA -*-===//
//
// AUTO-GENERATED by `polykernel-opt --lower-to-cuda` (Todo 8 / Wave 2).
// Do not edit by hand; re-run the pass to regenerate.
//
// RMSNorm over the last axis: y = x / sqrt(mean(x^2) + epsilon) [* weight].
// bf16 in/out, fp32 accumulation + reduction (matches tests/golden/golden.py).
// Written against the portable template (kernels/template/kernel_common.h) so it
// compiles UNCHANGED under `nvcc -DPOLYKERNEL_CUDA` and `hipcc -DPOLYKERNEL_HIP`.
//
//===----------------------------------------------------------------------===//

#include "../template/kernel_common.h"

--- portable-macro markers (count) ---
  PK_GLOBAL          1
  pk_load_bf16x2     4
  pk_shfl_xor_sync   1
  pk_store_bf16x2    1
  PK_SHARED          2
  launch_rmsnorm     1
  kernel_common.h    2
--- unguarded vendor intrinsics in generated kernel (expect none) ---
  none — all abstracted behind pk_*/PK_* macros (GOOD)

=== [5/5] nvcc compile sm_80+sm_90 + PTX + ptxas -v ===
kernel: kernels/generated/rmsnorm.cu
archs:  sm_80, sm_90
nvcc:   /nix/store/crx0mnr4zgnkmvxbfghn5pab2kpzkqqz-cuda12.6-cuda_nvcc-12.6.85/bin/nvcc
ptxas:  /nix/store/crx0mnr4zgnkmvxbfghn5pab2kpzkqqz-cuda12.6-cuda_nvcc-12.6.85/bin/ptxas
========================================================================
[nvcc] /nix/store/crx0mnr4zgnkmvxbfghn5pab2kpzkqqz-cuda12.6-cuda_nvcc-12.6.85/bin/nvcc -arch=sm_80 -DPOLYKERNEL_CUDA -Ikernels/template --ptx kernels/generated/rmsnorm.cu -o build/nvcc/rmsnorm_sm_80.ptx
[ptxas] /nix/store/crx0mnr4zgnkmvxbfghn5pab2kpzkqqz-cuda12.6-cuda_nvcc-12.6.85/bin/ptxas -v -arch=sm_80 build/nvcc/rmsnorm_sm_80.ptx -o build/nvcc/rmsnorm_sm_80.cubin
--- ptxas -v (sm_80) ---
  ptxas info    : 0 bytes gmem
  ptxas info    : Compiling entry function '_ZN43_GLOBAL__N__76389aa9_10_rmsnorm_cu_8699569f14rmsnorm_kernelEPK13__nv_bfloat16S2_PS0_ifi' for 'sm_80'
  ptxas info    : Function properties for _ZN43_GLOBAL__N__76389aa9_10_rmsnorm_cu_8699569f14rmsnorm_kernelEPK13__nv_bfloat16S2_PS0_ifi
  ptxas info    : Used 38 registers, used 1 barriers, 36 bytes smem, 388 bytes cmem[0], 8 bytes cmem[2]
  [parsed] registers=38 smem=36B spill_stores=0B spill_loads=0B stack=0B cmem0=388B
  PTX: build/nvcc/rmsnorm_sm_80.ptx
========================================================================
[nvcc] /nix/store/crx0mnr4zgnkmvxbfghn5pab2kpzkqqz-cuda12.6-cuda_nvcc-12.6.85/bin/nvcc -arch=sm_90 -DPOLYKERNEL_CUDA -Ikernels/template --ptx kernels/generated/rmsnorm.cu -o build/nvcc/rmsnorm_sm_90.ptx
[ptxas] /nix/store/crx0mnr4zgnkmvxbfghn5pab2kpzkqqz-cuda12.6-cuda_nvcc-12.6.85/bin/ptxas -v -arch=sm_90 build/nvcc/rmsnorm_sm_90.ptx -o build/nvcc/rmsnorm_sm_90.cubin
--- ptxas -v (sm_90) ---
  ptxas info    : 0 bytes gmem
  ptxas info    : Compiling entry function '_ZN43_GLOBAL__N__76389aa9_10_rmsnorm_cu_8699569f14rmsnorm_kernelEPK13__nv_bfloat16S2_PS0_ifi' for 'sm_90'
  ptxas info    : Function properties for _ZN43_GLOBAL__N__76389aa9_10_rmsnorm_cu_8699569f14rmsnorm_kernelEPK13__nv_bfloat16S2_PS0_ifi
  ptxas info    : Used 32 registers, used 1 barriers, 36 bytes smem
  [parsed] registers=32 smem=36B spill_stores=0B spill_loads=0B stack=0B cmem0=0B
  PTX: build/nvcc/rmsnorm_sm_90.ptx
========================================================================
OK: compiled rmsnorm for sm_80, sm_90; PTX emitted.
nvcc_driver exit=0

--- PTX head (build/nvcc/rmsnorm_sm_80.ptx) ---
//
// Generated by NVIDIA NVVM Compiler
//
// Compiler Build ID: CL-35059454
// Cuda compilation tools, release 12.6, V12.6.85
// Based on NVVM 7.0.1
//

.version 8.5
.target sm_80
.address_size 64

--- PTX head (build/nvcc/rmsnorm_sm_90.ptx) ---
//
// Generated by NVIDIA NVVM Compiler
//
// Compiler Build ID: CL-35059454
// Cuda compilation tools, release 12.6, V12.6.85
// Based on NVVM 7.0.1
//

.version 8.5
.target sm_90
.address_size 64

--- emitted artifacts ---
total 96
drwxr-xr-x 1 mei mei   144 Jul 22 23:00 .
drwxr-xr-x 1 mei mei   322 Jul 22 23:05 ..
-rw-r--r-- 1 mei mei 20704 Jul 22 23:05 rmsnorm_sm_80.cubin
-rw-r--r-- 1 mei mei 24259 Jul 22 23:05 rmsnorm_sm_80.ptx
-rw-r--r-- 1 mei mei 21648 Jul 22 23:05 rmsnorm_sm_90.cubin
-rw-r--r-- 1 mei mei 24302 Jul 22 23:05 rmsnorm_sm_90.ptx
