====================================================================
PolyKernel Todo 13 (Wave 3): the three remaining fusion passes
  --fuse-matmul-bias-gelu  --fuse-residual-rmsnorm  --fuse-softmax-mask
Date: 2026-07-27T05:06:35Z
====================================================================

### BUILD (reconfigure + build, Passes.td/CMakeLists changed) ###
cmake configure exit: 0 (Configuring done / Generating done / Build files written)
cmake --build exit:   0 ([11/11] Linking CXX executable polykernel-opt)
New sources compiled: FuseMatmulBiasGelu.cpp FuseResidualRmsnorm.cpp FuseSoftmaxMask.cpp
Passes.h.inc regenerated by mlir-tblgen (3 new pass defs picked up).

====================================================================
### FUSION: --fuse-matmul-bias-gelu  (test/fuse_matmul_bias_gelu.mlir) ###
====================================================================
---------------- BEFORE (input IR, compute ops) ----------------
polykernel.func @fuse_chain(%a: tensor<2x4x8xf32>, %b: tensor<8x16xf32>,
  %mm = polykernel.matmul %a, %b
  %bs = polykernel.bias %mm, %bias
  %out = polykernel.gelu %bs : tensor<2x4x16xf32>
  polykernel.return %out : tensor<2x4x16xf32>
polykernel.func @no_fuse_multi_use_matmul(%a: tensor<2x4x8xf32>,
  %mm = polykernel.matmul %a, %b
  %bs = polykernel.bias %mm, %bias
  %out = polykernel.gelu %bs : tensor<2x4x16xf32>
  %res = polykernel.add %mm, %r : tensor<2x4x16xf32>
  polykernel.return %out, %res : tensor<2x4x16xf32>, tensor<2x4x16xf32>
polykernel.func @no_fuse_multi_use_bias(%a: tensor<2x4x8xf32>,
  %mm = polykernel.matmul %a, %b
  %bs = polykernel.bias %mm, %bias
  %out = polykernel.gelu %bs : tensor<2x4x16xf32>
  %res = polykernel.add %bs, %r : tensor<2x4x16xf32>
  polykernel.return %out, %res : tensor<2x4x16xf32>, tensor<2x4x16xf32>

---------------- AFTER (polykernel-opt --fuse-matmul-bias-gelu) ----------------
module {
  polykernel.func @fuse_chain(%arg0: tensor<2x4x8xf32>, %arg1: tensor<8x16xf32>, %arg2: tensor<16xf32>) -> tensor<2x4x16xf32> {
    %0 = polykernel.fused_matmul_bias_gelu %arg0, %arg1, %arg2 {polykernel.eliminated_type_0 = tensor<2x4x16xf32>, polykernel.eliminated_type_1 = tensor<2x4x16xf32>, polykernel.fused_from = "matmul_bias_gelu"} : tensor<2x4x8xf32>, tensor<8x16xf32>, tensor<16xf32> -> tensor<2x4x16xf32>
    polykernel.return %0 : tensor<2x4x16xf32>
  }
  polykernel.func @no_fuse_multi_use_matmul(%arg0: tensor<2x4x8xf32>, %arg1: tensor<8x16xf32>, %arg2: tensor<16xf32>, %arg3: tensor<2x4x16xf32>) -> (tensor<2x4x16xf32>, tensor<2x4x16xf32>) {
    %0 = polykernel.matmul %arg0, %arg1 : tensor<2x4x8xf32>, tensor<8x16xf32> -> tensor<2x4x16xf32>
    %1 = polykernel.bias %0, %arg2 : tensor<2x4x16xf32>, tensor<16xf32> -> tensor<2x4x16xf32>
    %2 = polykernel.gelu %1 : tensor<2x4x16xf32>
    %3 = polykernel.add %0, %arg3 : tensor<2x4x16xf32>
    polykernel.return %2, %3 : tensor<2x4x16xf32>, tensor<2x4x16xf32>
  }
  polykernel.func @no_fuse_multi_use_bias(%arg0: tensor<2x4x8xf32>, %arg1: tensor<8x16xf32>, %arg2: tensor<16xf32>, %arg3: tensor<2x4x16xf32>) -> (tensor<2x4x16xf32>, tensor<2x4x16xf32>) {
    %0 = polykernel.matmul %arg0, %arg1 : tensor<2x4x8xf32>, tensor<8x16xf32> -> tensor<2x4x16xf32>
    %1 = polykernel.bias %0, %arg2 : tensor<2x4x16xf32>, tensor<16xf32> -> tensor<2x4x16xf32>
    %2 = polykernel.gelu %1 : tensor<2x4x16xf32>
    %3 = polykernel.add %1, %arg3 : tensor<2x4x16xf32>
    polykernel.return %2, %3 : tensor<2x4x16xf32>, tensor<2x4x16xf32>
  }
}


====================================================================
### FUSION: --fuse-residual-rmsnorm  (test/fuse_residual_rmsnorm.mlir) ###
====================================================================
---------------- BEFORE (input IR, compute ops) ----------------
polykernel.func @fuse_residual_eps(%x: tensor<2x4x8xf32>, %r: tensor<2x4x8xf32>)
  %sum = polykernel.add %x, %r : tensor<2x4x8xf32>
  %out = polykernel.rmsnorm %sum {epsilon = 1.0e-5 : f32} : tensor<2x4x8xf32>
  polykernel.return %out : tensor<2x4x8xf32>
polykernel.func @fuse_residual_no_eps(%x: tensor<2x4x8xf32>,
  %sum = polykernel.add %x, %r : tensor<2x4x8xf32>
  %out = polykernel.rmsnorm %sum : tensor<2x4x8xf32>
  polykernel.return %out : tensor<2x4x8xf32>
polykernel.func @no_fuse_multi_use_add(%x: tensor<2x4x8xf32>,
  %sum = polykernel.add %x, %r : tensor<2x4x8xf32>
  %out = polykernel.rmsnorm %sum {epsilon = 1.0e-5 : f32} : tensor<2x4x8xf32>
  %res = polykernel.add %sum, %r2 : tensor<2x4x8xf32>
  polykernel.return %out, %res : tensor<2x4x8xf32>, tensor<2x4x8xf32>

---------------- AFTER (polykernel-opt --fuse-residual-rmsnorm) ----------------
module {
  polykernel.func @fuse_residual_eps(%arg0: tensor<2x4x8xf32>, %arg1: tensor<2x4x8xf32>) -> tensor<2x4x8xf32> {
    %0 = polykernel.fused_residual_rmsnorm %arg0, %arg1 {epsilon = 9.99999974E-6 : f32, polykernel.eliminated_type = tensor<2x4x8xf32>, polykernel.fused_from = "residual_rmsnorm"} : tensor<2x4x8xf32>, tensor<2x4x8xf32> -> tensor<2x4x8xf32>
    polykernel.return %0 : tensor<2x4x8xf32>
  }
  polykernel.func @fuse_residual_no_eps(%arg0: tensor<2x4x8xf32>, %arg1: tensor<2x4x8xf32>) -> tensor<2x4x8xf32> {
    %0 = polykernel.fused_residual_rmsnorm %arg0, %arg1 {polykernel.eliminated_type = tensor<2x4x8xf32>, polykernel.fused_from = "residual_rmsnorm"} : tensor<2x4x8xf32>, tensor<2x4x8xf32> -> tensor<2x4x8xf32>
    polykernel.return %0 : tensor<2x4x8xf32>
  }
  polykernel.func @no_fuse_multi_use_add(%arg0: tensor<2x4x8xf32>, %arg1: tensor<2x4x8xf32>, %arg2: tensor<2x4x8xf32>) -> (tensor<2x4x8xf32>, tensor<2x4x8xf32>) {
    %0 = polykernel.add %arg0, %arg1 : tensor<2x4x8xf32>
    %1 = polykernel.rmsnorm %0 {epsilon = 9.99999974E-6 : f32} : tensor<2x4x8xf32>
    %2 = polykernel.add %0, %arg2 : tensor<2x4x8xf32>
    polykernel.return %1, %2 : tensor<2x4x8xf32>, tensor<2x4x8xf32>
  }
}


====================================================================
### FUSION: --fuse-softmax-mask  (test/fuse_softmax_mask.mlir) ###
====================================================================
---------------- BEFORE (input IR, compute ops) ----------------
polykernel.func @fuse_mask(%x: tensor<2x4x16xf32>, %m: tensor<2x4x16xf32>)
  %sum = polykernel.add %x, %m : tensor<2x4x16xf32>
  %out = polykernel.softmax %sum : tensor<2x4x16xf32>
  polykernel.return %out : tensor<2x4x16xf32>
polykernel.func @fuse_mask_drops_axis(%x: tensor<2x4x16xf32>,
  %sum = polykernel.add %x, %m : tensor<2x4x16xf32>
  %out = polykernel.softmax %sum {axis = 2 : i64} : tensor<2x4x16xf32>
  polykernel.return %out : tensor<2x4x16xf32>
polykernel.func @no_fuse_multi_use_add(%x: tensor<2x4x16xf32>,
  %sum = polykernel.add %x, %m : tensor<2x4x16xf32>
  %out = polykernel.softmax %sum : tensor<2x4x16xf32>
  %res = polykernel.add %sum, %r : tensor<2x4x16xf32>
  polykernel.return %out, %res : tensor<2x4x16xf32>, tensor<2x4x16xf32>

---------------- AFTER (polykernel-opt --fuse-softmax-mask) ----------------
module {
  polykernel.func @fuse_mask(%arg0: tensor<2x4x16xf32>, %arg1: tensor<2x4x16xf32>) -> tensor<2x4x16xf32> {
    %0 = polykernel.fused_softmax_mask %arg0, %arg1 {polykernel.eliminated_type = tensor<2x4x16xf32>, polykernel.fused_from = "softmax_mask"} : tensor<2x4x16xf32>, tensor<2x4x16xf32> -> tensor<2x4x16xf32>
    polykernel.return %0 : tensor<2x4x16xf32>
  }
  polykernel.func @fuse_mask_drops_axis(%arg0: tensor<2x4x16xf32>, %arg1: tensor<2x4x16xf32>) -> tensor<2x4x16xf32> {
    %0 = polykernel.fused_softmax_mask %arg0, %arg1 {polykernel.eliminated_type = tensor<2x4x16xf32>, polykernel.fused_from = "softmax_mask"} : tensor<2x4x16xf32>, tensor<2x4x16xf32> -> tensor<2x4x16xf32>
    polykernel.return %0 : tensor<2x4x16xf32>
  }
  polykernel.func @no_fuse_multi_use_add(%arg0: tensor<2x4x16xf32>, %arg1: tensor<2x4x16xf32>, %arg2: tensor<2x4x16xf32>) -> (tensor<2x4x16xf32>, tensor<2x4x16xf32>) {
    %0 = polykernel.add %arg0, %arg1 : tensor<2x4x16xf32>
    %1 = polykernel.softmax %0 : tensor<2x4x16xf32>
    %2 = polykernel.add %0, %arg2 : tensor<2x4x16xf32>
    polykernel.return %1, %2 : tensor<2x4x16xf32>, tensor<2x4x16xf32>
  }
}


====================================================================
### QA: FileCheck per pass (run TWICE each — flaky_tests probe) ###
====================================================================
PASS (run 1): polykernel-opt test/fuse_matmul_bias_gelu.mlir --fuse-matmul-bias-gelu | FileCheck test/fuse_matmul_bias_gelu.mlir
PASS (run 2): polykernel-opt test/fuse_matmul_bias_gelu.mlir --fuse-matmul-bias-gelu | FileCheck test/fuse_matmul_bias_gelu.mlir
PASS (run 1): polykernel-opt test/fuse_residual_rmsnorm.mlir --fuse-residual-rmsnorm | FileCheck test/fuse_residual_rmsnorm.mlir
PASS (run 2): polykernel-opt test/fuse_residual_rmsnorm.mlir --fuse-residual-rmsnorm | FileCheck test/fuse_residual_rmsnorm.mlir
PASS (run 1): polykernel-opt test/fuse_softmax_mask.mlir --fuse-softmax-mask | FileCheck test/fuse_softmax_mask.mlir
PASS (run 2): polykernel-opt test/fuse_softmax_mask.mlir --fuse-softmax-mask | FileCheck test/fuse_softmax_mask.mlir

====================================================================
### REGRESSION: check-polykernel (run 1) — 11 tests ###
====================================================================
-- Testing: 11 tests, 11 workers --
PASS: POLYKERNEL :: infer_shapes_mismatch.mlir (1 of 11)
PASS: POLYKERNEL :: smoke.mlir (2 of 11)
PASS: POLYKERNEL :: fuse_matmul_bias_gelu.mlir (3 of 11)
PASS: POLYKERNEL :: op_set_closed.mlir (4 of 11)
PASS: POLYKERNEL :: canonicalize.mlir (5 of 11)
PASS: POLYKERNEL :: fuse_residual_rmsnorm.mlir (6 of 11)
PASS: POLYKERNEL :: fuse_softmax_mask.mlir (7 of 11)
PASS: POLYKERNEL :: e2e_parse.mlir (8 of 11)
PASS: POLYKERNEL :: infer_shapes.mlir (9 of 11)
PASS: POLYKERNEL :: fuse_rmsnorm_matmul.mlir (10 of 11)
PASS: POLYKERNEL :: dialect_roundtrip.mlir (11 of 11)
Total Discovered Tests: 11
  Passed: 11 (100.00%)

====================================================================
### REGRESSION: check-polykernel (run 2 — flaky_tests probe) ###
====================================================================
-- Testing: 11 tests, 11 workers --
Total Discovered Tests: 11
  Passed: 11 (100.00%)
