##############################################################################
# PolyKernel Todo 18 (Wave 4): LOCAL ROCm VERIFICATION GATE — QA log (NEGATIVE PATH)
# Host: Linux 7.1.4-1-cachyos x86_64   Date: 2026-07-27T06:29:46Z
# GPU:  AMD Radeon RX 7800 XT (Navi 32) = gfx1101   ROCm/clr: 7.2.3
# Gate: scripts/check_rocm.sh   Verdict: SKIPPED-local (compile-only + rental-validated)
# Purpose: prove the gate DIAGNOSES failure (does not crash, names the exact remedy).
##############################################################################

=== COMMAND (bogus ISA override forces detection failure) ===
HSA_OVERRIDE_GFX_VERSION=99.0.0 nix develop --impure --accept-flake-config -c \
    env HSA_OVERRIDE_GFX_VERSION=99.0.0 ./scripts/check_rocm.sh
nix-exit: 0   (graceful degrade — the shell/pipeline does NOT abort)

=== ground truth: rocminfo under HSA_OVERRIDE_GFX_VERSION=99.0.0 (pre-check) ===
$ HSA_OVERRIDE_GFX_VERSION=99.0.0 rocminfo
  Call returned HSA_STATUS_ERROR_OUT_OF_RESOURCES: The runtime failed to allocate
  the necessary resources. ...
  exit code: 8
$ HSA_OVERRIDE_GFX_VERSION=99.0.0 rocminfo | grep -c gfx1101
  0        # the gfx1101 agent disappears entirely under the bogus ISA target

=== GATE OUTPUT ===
##############################################################################
# PolyKernel Todo 18 (Wave 4): LOCAL ROCm VERIFICATION GATE
# Host: Linux 7.1.4-1-cachyos x86_64   Date: 2026-07-27T06:29:46Z
# Target GPU agent: gfx1101 (AMD Radeon RX 7800 XT, Navi 32)
##############################################################################

=== CHECK 1: rocmPackages / ROCm version (require >= 7.0) ===
[PASS] ROCm version 7.2.3 >= 7.0 (gfx1101 officially supported since ROCm 7.0)
[INFO] rocminfo: /nix/store/jc7q7dm8y1r2317sg888mi7pxzarg7m2-clr-7.2.3/bin/rocminfo
[INFO] hipcc:    /nix/store/jc7q7dm8y1r2317sg888mi7pxzarg7m2-clr-7.2.3/bin/hipcc

=== CHECK 2: rocminfo detects a gfx1101 GPU agent ===
[INFO] HSA_OVERRIDE_GFX_VERSION already set by caller = 99.0.0 (honoring; not auto-overriding)
[FAIL] rocminfo did NOT enumerate a gfx1101 agent under caller-set HSA_OVERRIDE_GFX_VERSION=99.0.0

=== CHECK 3: user 'mei' is in the video AND render groups ===
[FAIL] user NOT in group(s): render
[FAIL]   remedy: sudo usermod -aG render mei && re-login
[INFO] groups: mei sys network docker nopasswdlogin rfkill users video storage lp audio wheel

=== CHECK 4: amdgpu kernel driver is loaded ===
[PASS] amdgpu driver present (/sys/module/amdgpu)

=== GATE VERDICT ===
GATE VERDICT: SKIPPED-local (compile-only + rental-validated)
  HIP-run todos (T20) DEGRADE: compile/analyze locally, validate on a gfx1101 rental.
  EXACT missing prereq: no gfx1101 GPU agent enumerated by rocminfo (HSA_OVERRIDE_GFX_VERSION=99.0.0 is bogus/unsupported)
  REMEDY:               unset HSA_OVERRIDE_GFX_VERSION, or set it to a supported ISA target: export HSA_OVERRIDE_GFX_VERSION=11.0.1 (or 11.0.0 to emulate gfx1100)
  checks: version=0 detect=1 groups=1 driver=0 (0=ok)

[INFO] evidence: append this output to reports/w4_rocm_check.log (happy) or reports/w4_rocm_neg.log (negative)

=== WHAT THIS PROVES ===
- The gate DIAGNOSES the failure: under a bogus HSA_OVERRIDE_GFX_VERSION=99.0.0 the
  gfx1101 agent vanishes from rocminfo (HSA_STATUS_ERROR_OUT_OF_RESOURCES, exit 8)
  and the gate reports the EXACT missing prereq + the exact remedy.
- The gate HONORS a caller-set HSA_OVERRIDE_GFX_VERSION instead of silently masking
  it with the 11.0.1 fallback — so a misconfiguration is surfaced, not hidden.
- Graceful degrade: verdict is SKIPPED-local (compile-only + rental-validated), the
  script exits 0, and the calling shell/pipeline is NOT aborted (set -euo pipefail is
  guarded per-check). HIP-run todos (T20) degrade rather than fail the whole project.
- Note: with the GPU undetected, the render-group advisory escalates to [FAIL] and is
  listed as a contributing named cause (checks: detect=1 groups=1).
