====================================================================
PolyKernel T35 Wave 7: NEGATIVE evidence - off-grid routing is safe
  Routing a wavelet OFF the mesh (east from the rightmost column,
  x=63) must be DROPPED + FLAGGED (Grid::DroppedOffGrid increments),
  NEVER an out-of-bounds memory access or crash. Same for every
  boundary direction (W/S from (0,0), E/N from (63,63)) and for a
  wavelet that traverses the full row then forwards off the far edge.
  (GPU-free functional simulator; no Cerebras hardware involved.)
====================================================================

### [1] standalone grid_test binary, off-grid tests only ###

Running main() from /build/source/googletest/src/gtest_main.cc
Note: Google Test filter = grid.OffGrid*:grid.AllBoundary*:grid.TraverseThenDrop*
[==========] Running 3 tests from 1 test suite.
[----------] Global test environment set-up.
[----------] 3 tests from grid
[ RUN      ] grid.OffGridEastIsDroppedNotCrash
[       OK ] grid.OffGridEastIsDroppedNotCrash (278 ms)
[ RUN      ] grid.AllBoundaryDirectionsAreSafe
[       OK ] grid.AllBoundaryDirectionsAreSafe (152 ms)
[ RUN      ] grid.TraverseThenDropOffEdge
[       OK ] grid.TraverseThenDropOffEdge (309 ms)
[----------] 3 tests from grid (740 ms total)

[----------] Global test environment tear-down
[==========] 3 tests from 1 test suite ran. (740 ms total)
[  PASSED  ] 3 tests.

grid_test exit code: 0   (0 == no crash / no abort / no UBSan-ASAN failure)

### [2] ctest -V for the off-grid tests ###

    Start 92: grid.OffGridEastIsDroppedNotCrash
92: Test command: /home/mei/projects/polykernel/build/lib/DataflowSim/tests/grid_test "--gtest_filter=grid.OffGridEastIsDroppedNotCrash" "--gtest_also_run_disabled_tests"
92: Note: Google Test filter = grid.OffGridEastIsDroppedNotCrash
92: [ RUN      ] grid.OffGridEastIsDroppedNotCrash
92: [       OK ] grid.OffGridEastIsDroppedNotCrash (273 ms)
1/3 Test #92: grid.OffGridEastIsDroppedNotCrash ...   Passed    0.31 sec
    Start 93: grid.AllBoundaryDirectionsAreSafe
93: Test command: /home/mei/projects/polykernel/build/lib/DataflowSim/tests/grid_test "--gtest_filter=grid.AllBoundaryDirectionsAreSafe" "--gtest_also_run_disabled_tests"
93: Note: Google Test filter = grid.AllBoundaryDirectionsAreSafe
93: [ RUN      ] grid.AllBoundaryDirectionsAreSafe
93: [       OK ] grid.AllBoundaryDirectionsAreSafe (287 ms)
2/3 Test #93: grid.AllBoundaryDirectionsAreSafe ...   Passed    0.33 sec
    Start 94: grid.TraverseThenDropOffEdge
94: Test command: /home/mei/projects/polykernel/build/lib/DataflowSim/tests/grid_test "--gtest_filter=grid.TraverseThenDropOffEdge" "--gtest_also_run_disabled_tests"
94: Note: Google Test filter = grid.TraverseThenDropOffEdge
94: [ RUN      ] grid.TraverseThenDropOffEdge
94: [       OK ] grid.TraverseThenDropOffEdge (440 ms)
3/3 Test #94: grid.TraverseThenDropOffEdge ........   Passed    0.47 sec
The following tests passed:
	grid.OffGridEastIsDroppedNotCrash
	grid.AllBoundaryDirectionsAreSafe
	grid.TraverseThenDropOffEdge
100% tests passed, 0 tests failed out of 3
